**********************************************************************
** Visual Studio 2026 Developer Command Prompt v18.6.3
** Copyright (c) 2026 Microsoft Corporation
**********************************************************************
-- The CXX compiler identification is MSVC 19.44.35227.0
-- Detecting CXX compiler ABI info
-- Detecting CXX compiler ABI info - done
-- Check for working CXX compiler: C:/Program Files/Microsoft Visual Studio/18/Community/VC/Tools/MSVC/14.44.35207/bin/Hostx64/x64/cl.exe - skipped
-- Detecting CXX compile features
-- Detecting CXX compile features - done
-- MathScript Platform: windows
-- MathScript Compiler: msvc
-- MathScript CUDA: OFF
-- MathScript MPI: OFF
-- MathScript Version: 1.0.0
-- MathScript Build Date: 2026-07-12
-- MathScript Git Commit: d482444
-- The C compiler identification is MSVC 19.44.35227.0
-- Detecting C compiler ABI info
-- Detecting C compiler ABI info - done
-- Check for working C compiler: C:/Program Files/Microsoft Visual Studio/18/Community/VC/Tools/MSVC/14.44.35207/bin/Hostx64/x64/cl.exe - skipped
-- Detecting C compile features
-- Detecting C compile features - done
-- Found Python3: C:/Users/odinl/AppData/Local/Programs/Python/Python312/python.exe (found version "3.12.10") found components: Interpreter
-- Performing Test CMAKE_HAVE_LIBC_PTHREAD
-- Performing Test CMAKE_HAVE_LIBC_PTHREAD - Failed
-- Looking for pthread_create in pthreads
-- Looking for pthread_create in pthreads - not found
-- Looking for pthread_create in pthread
-- Looking for pthread_create in pthread - not found
-- Found Threads: TRUE
-- Skipping compliance_unsafe_annotation (MS_UNSAFE macro not in include/ms)
-- Skipping compliance rule 'no_raw_new' (MS_BUILD_PLUGIN=OFF)
-- Skipping compliance rule 'no_malloc' (MS_BUILD_PLUGIN=OFF)
-- Skipping compliance rule 'no_cstyle_cast' (MS_BUILD_PLUGIN=OFF)
-- Skipping compliance rule 'no_throw' (MS_BUILD_PLUGIN=OFF)
-- Skipping compliance rule 'no_catch' (MS_BUILD_PLUGIN=OFF)
-- Skipping compliance rule 'no_const_cast' (MS_BUILD_PLUGIN=OFF)
-- Skipping compliance rule 'no_goto' (MS_BUILD_PLUGIN=OFF)
-- Skipping compliance rule 'no_raw_ptr_arithmetic' (MS_BUILD_PLUGIN=OFF)
-- Skipping compliance rule 'no_unsafe_reinterpret' (MS_BUILD_PLUGIN=OFF)
-- Skipping compliance rule 'no_detach' (MS_BUILD_PLUGIN=OFF)
-- Skipping compliance rule 'no_vla' (MS_BUILD_PLUGIN=OFF)
-- Skipping compliance rule 'narrowing' (MS_BUILD_PLUGIN=OFF)
-- Skipping compliance rule 'no_signed_unsigned_mix' (MS_BUILD_PLUGIN=OFF)
-- Skipping compliance rule 'no_raw_thread' (MS_BUILD_PLUGIN=OFF)
-- Skipping compliance rule 'no_raw_mutex_lock' (MS_BUILD_PLUGIN=OFF)
-- Skipping compliance rule 'no_uninit' (MS_BUILD_PLUGIN=OFF)
-- Skipping compliance rule 'no_stored_span' (MS_BUILD_PLUGIN=OFF)
-- Skipping compliance rule 'no_volatile_sync' (MS_BUILD_PLUGIN=OFF)
-- Skipping compliance rule 'no_owning_raw_ptr' (MS_BUILD_PLUGIN=OFF)
-- Skipping compliance rule 'unused_expected' (MS_BUILD_PLUGIN=OFF)
-- CPack generators: ZIP
-- Configuring done (336.4s)
-- Generating done (100.1s)
-- Build files have been written to: C:/Users/odinl/OneDrive/Desktop/MathsScript-wt-w212-axiom/build-msvc
[1/1759] Scanning C:\Users\odinl\OneDrive\Desktop\MathsScript-wt-w212-axiom\src\core\rng.cpp for CXX dependencies
[2/1759] Scanning C:\Users\odinl\OneDrive\Desktop\MathsScript-wt-w212-axiom\src\runtime\cpu\avx512_dgemm_stub.cpp for CXX dependencies
[3/1759] Scanning C:\Users\odinl\OneDrive\Desktop\MathsScript-wt-w212-axiom\src\runtime\cpu\lapack_dpotrf.cpp for CXX dependencies
[4/1759] Scanning C:\Users\odinl\OneDrive\Desktop\MathsScript-wt-w212-axiom\src\cuda\nvml.cpp for CXX dependencies
[5/1759] Scanning C:\Users\odinl\OneDrive\Desktop\MathsScript-wt-w212-axiom\src\cuda\buffer.cpp for CXX dependencies
[6/1759] Scanning C:\Users\odinl\OneDrive\Desktop\MathsScript-wt-w212-axiom\src\core\scalar.cpp for CXX dependencies
[7/1759] Scanning C:\Users\odinl\OneDrive\Desktop\MathsScript-wt-w212-axiom\src\runtime\cpu\lapack_dsyev.cpp for CXX dependencies
[8/1759] Scanning C:\Users\odinl\OneDrive\Desktop\MathsScript-wt-w212-axiom\src\runtime\cpu\blas_dgemm.cpp for CXX dependencies
[9/1759] Scanning C:\Users\odinl\OneDrive\Desktop\MathsScript-wt-w212-axiom\src\runtime\cpu\lapack_dgesvd.cpp for CXX dependencies
[10/1759] Scanning C:\Users\odinl\OneDrive\Desktop\MathsScript-wt-w212-axiom\src\cuda\fft.cpp for CXX dependencies
[11/1759] Scanning C:\Users\odinl\OneDrive\Desktop\MathsScript-wt-w212-axiom\src\runtime\cpu\blas_dger.cpp for CXX dependencies
[12/1759] Scanning C:\Users\odinl\OneDrive\Desktop\MathsScript-wt-w212-axiom\src\simd\isa.cpp for CXX dependencies
[13/1759] Scanning C:\Users\odinl\OneDrive\Desktop\MathsScript-wt-w212-axiom\src\runtime\cpu\lapack_dorgbr.cpp for CXX dependencies
[14/1759] Scanning C:\Users\odinl\OneDrive\Desktop\MathsScript-wt-w212-axiom\src\linalg\det.cpp for CXX dependencies
[15/1759] Scanning C:\Users\odinl\OneDrive\Desktop\MathsScript-wt-w212-axiom\src\core\error_format.cpp for CXX dependencies
[16/1759] Scanning C:\Users\odinl\OneDrive\Desktop\MathsScript-wt-w212-axiom\src\runtime\dispatch.cpp for CXX dependencies
[17/1759] Scanning C:\Users\odinl\OneDrive\Desktop\MathsScript-wt-w212-axiom\src\core\sym.cpp for CXX dependencies
[18/1759] Scanning C:\Users\odinl\OneDrive\Desktop\MathsScript-wt-w212-axiom\src\runtime\cpu\lapack_dgesv.cpp for CXX dependencies
[19/1759] Scanning C:\Users\odinl\OneDrive\Desktop\MathsScript-wt-w212-axiom\src\runtime\cpu\lapack_dgels.cpp for CXX dependencies
[20/1759] Scanning C:\Users\odinl\OneDrive\Desktop\MathsScript-wt-w212-axiom\src\core\sparse.cpp for CXX dependencies
[21/1759] Scanning C:\Users\odinl\OneDrive\Desktop\MathsScript-wt-w212-axiom\src\cuda\blas.cpp for CXX dependencies
[22/1759] Scanning C:\Users\odinl\OneDrive\Desktop\MathsScript-wt-w212-axiom\src\cuda\solver.cpp for CXX dependencies
[23/1759] Scanning C:\Users\odinl\OneDrive\Desktop\MathsScript-wt-w212-axiom\src\runtime\cpu\lapack_dgebrd.cpp for CXX dependencies
[24/1759] Scanning C:\Users\odinl\OneDrive\Desktop\MathsScript-wt-w212-axiom\src\frameworks\gria\gria.cpp for CXX dependencies
[25/1759] Scanning C:\Users\odinl\OneDrive\Desktop\MathsScript-wt-w212-axiom\src\runtime\thread_pool.cpp for CXX dependencies
[26/1759] Scanning C:\Users\odinl\OneDrive\Desktop\MathsScript-wt-w212-axiom\src\core\tensor.cpp for CXX dependencies
[27/1759] Scanning C:\Users\odinl\OneDrive\Desktop\MathsScript-wt-w212-axiom\src\linalg\expm.cpp for CXX dependencies
[28/1759] Scanning C:\Users\odinl\OneDrive\Desktop\MathsScript-wt-w212-axiom\src\linalg\chol.cpp for CXX dependencies
[29/1759] Scanning C:\Users\odinl\OneDrive\Desktop\MathsScript-wt-w212-axiom\src\runtime\cpu\blas_dsyrk_dtrsm.cpp for CXX dependencies
[30/1759] Scanning C:\Users\odinl\OneDrive\Desktop\MathsScript-wt-w212-axiom\src\runtime\load_balancer.cpp for CXX dependencies
[31/1759] Scanning C:\Users\odinl\OneDrive\Desktop\MathsScript-wt-w212-axiom\src\runtime\topology.cpp for CXX dependencies
[32/1759] Scanning C:\Users\odinl\OneDrive\Desktop\MathsScript-wt-w212-axiom\src\frameworks\cellai\cellai.cpp for CXX dependencies
[33/1759] Generating CXX dyndep file src\core\CMakeFiles\ms_core.dir\CXX.dd
[34/1759] Scanning C:\Users\odinl\OneDrive\Desktop\MathsScript-wt-w212-axiom\src\linalg\trace.cpp for CXX dependencies
[35/1759] Scanning C:\Users\odinl\OneDrive\Desktop\MathsScript-wt-w212-axiom\src\runtime\cpu\lapack_dgetrf.cpp for CXX dependencies
[36/1759] Scanning C:\Users\odinl\OneDrive\Desktop\MathsScript-wt-w212-axiom\src\runtime\cpu\lapack_dgeqrf.cpp for CXX dependencies
[37/1759] Scanning C:\Users\odinl\OneDrive\Desktop\MathsScript-wt-w212-axiom\src\topo\topo.cpp for CXX dependencies
[38/1759] Scanning C:\Users\odinl\OneDrive\Desktop\MathsScript-wt-w212-axiom\src\cuda\elementwise.cpp for CXX dependencies
[39/1759] Scanning C:\Users\odinl\OneDrive\Desktop\MathsScript-wt-w212-axiom\src\linalg\zeros.cpp for CXX dependencies
[40/1759] Scanning C:\Users\odinl\OneDrive\Desktop\MathsScript-wt-w212-axiom\src\cuda\nccl.cpp for CXX dependencies
[41/1759] Scanning C:\Users\odinl\OneDrive\Desktop\MathsScript-wt-w212-axiom\src\distributed\mpi_context.cpp for CXX dependencies
[42/1759] Scanning C:\Users\odinl\OneDrive\Desktop\MathsScript-wt-w212-axiom\src\linalg\transpose.cpp for CXX dependencies
[43/1759] Scanning C:\Users\odinl\OneDrive\Desktop\MathsScript-wt-w212-axiom\src\simd\vector_ops.cpp for CXX dependencies
[44/1759] Scanning C:\Users\odinl\OneDrive\Desktop\MathsScript-wt-w212-axiom\src\cuda\sparse.cpp for CXX dependencies
[45/1759] Scanning C:\Users\odinl\OneDrive\Desktop\MathsScript-wt-w212-axiom\src\geo\geo.cpp for CXX dependencies
[46/1759] Generating CXX dyndep file src\topo\CMakeFiles\ms_topo.dir\CXX.dd
[47/1759] Generating CXX dyndep file src\cuda\CMakeFiles\ms_cuda.dir\CXX.dd
[48/1759] Scanning C:\Users\odinl\OneDrive\Desktop\MathsScript-wt-w212-axiom\src\linalg\qr.cpp for CXX dependencies
[49/1759] Scanning C:\Users\odinl\OneDrive\Desktop\MathsScript-wt-w212-axiom\src\info\info.cpp for CXX dependencies
[50/1759] Scanning C:\Users\odinl\OneDrive\Desktop\MathsScript-wt-w212-axiom\src\image\image.cpp for CXX dependencies
[51/1759] Scanning C:\Users\odinl\OneDrive\Desktop\MathsScript-wt-w212-axiom\src\combo\combo.cpp for CXX dependencies
[52/1759] Scanning C:\Users\odinl\OneDrive\Desktop\MathsScript-wt-w212-axiom\src\diffgeo\diffgeo.cpp for CXX dependencies
[53/1759] Scanning C:\Users\odinl\OneDrive\Desktop\MathsScript-wt-w212-axiom\src\cplx\cplx.cpp for CXX dependencies
[54/1759] Building CXX object src\core\CMakeFiles\ms_core.dir\rng.cpp.obj
[55/1759] Scanning C:\Users\odinl\OneDrive\Desktop\MathsScript-wt-w212-axiom\src\ode\ode.cpp for CXX dependencies
[56/1759] Scanning C:\Users\odinl\OneDrive\Desktop\MathsScript-wt-w212-axiom\src\compress\compress.cpp for CXX dependencies
[57/1759] Scanning C:\Users\odinl\OneDrive\Desktop\MathsScript-wt-w212-axiom\src\fft\fft.cpp for CXX dependencies
[58/1759] Scanning C:\Users\odinl\OneDrive\Desktop\MathsScript-wt-w212-axiom\src\frameworks\axiom\axiom.cpp for CXX dependencies
[59/1759] Generating CXX dyndep file src\geo\CMakeFiles\ms_geo.dir\CXX.dd
[60/1759] Scanning C:\Users\odinl\OneDrive\Desktop\MathsScript-wt-w212-axiom\src\bignum\bignum.cpp for CXX dependencies
[61/1759] Scanning C:\Users\odinl\OneDrive\Desktop\MathsScript-wt-w212-axiom\src\quantum\quantum.cpp for CXX dependencies
[62/1759] Generating CXX dyndep file src\simd\CMakeFiles\ms_simd.dir\CXX.dd
[63/1759] Generating CXX dyndep file src\fft\CMakeFiles\ms_fft.dir\CXX.dd
[64/1759] Generating CXX dyndep file src\combo\CMakeFiles\ms_combo.dir\CXX.dd
[65/1759] Scanning C:\Users\odinl\OneDrive\Desktop\MathsScript-wt-w212-axiom\src\exe\repl.cpp for CXX dependencies
[66/1759] Scanning C:\Users\odinl\OneDrive\Desktop\MathsScript-wt-w212-axiom\src\frameworks\izaac\izaac.cpp for CXX dependencies
[67/1759] Scanning C:\Users\odinl\OneDrive\Desktop\MathsScript-wt-w212-axiom\src\linalg\lu.cpp for CXX dependencies
[68/1759] Scanning C:\Users\odinl\OneDrive\Desktop\MathsScript-wt-w212-axiom\src\linalg\matmul.cpp for CXX dependencies
[69/1759] Scanning C:\Users\odinl\OneDrive\Desktop\MathsScript-wt-w212-axiom\src\linalg\solve.cpp for CXX dependencies
[70/1759] Scanning C:\Users\odinl\OneDrive\Desktop\MathsScript-wt-w212-axiom\src\interp\jit_orc_stub.cpp for CXX dependencies
[71/1759] Scanning C:\Users\odinl\OneDrive\Desktop\MathsScript-wt-w212-axiom\src\linalg\matrix_funcs.cpp for CXX dependencies
[72/1759] Scanning C:\Users\odinl\OneDrive\Desktop\MathsScript-wt-w212-axiom\src\linalg\construction.cpp for CXX dependencies
[73/1759] Scanning C:\Users\odinl\OneDrive\Desktop\MathsScript-wt-w212-axiom\src\domain\domain.cpp for CXX dependencies
[74/1759] Scanning C:\Users\odinl\OneDrive\Desktop\MathsScript-wt-w212-axiom\src\runtime\cpu\lapack_dbdsqr.cpp for CXX dependencies
[75/1759] Scanning C:\Users\odinl\OneDrive\Desktop\MathsScript-wt-w212-axiom\src\poly\poly.cpp for CXX dependencies
[76/1759] Scanning C:\Users\odinl\OneDrive\Desktop\MathsScript-wt-w212-axiom\src\finance\finance.cpp for CXX dependencies
[77/1759] Scanning C:\Users\odinl\OneDrive\Desktop\MathsScript-wt-w212-axiom\src\interp\jit_backend_factory.cpp for CXX dependencies
[78/1759] Scanning C:\Users\odinl\OneDrive\Desktop\MathsScript-wt-w212-axiom\src\optim\optim.cpp for CXX dependencies
[79/1759] Scanning C:\Users\odinl\OneDrive\Desktop\MathsScript-wt-w212-axiom\src\exe\mathscriptc.cpp for CXX dependencies
[80/1759] Scanning C:\Users\odinl\OneDrive\Desktop\MathsScript-wt-w212-axiom\src\control\control.cpp for CXX dependencies
[81/1759] Scanning C:\Users\odinl\OneDrive\Desktop\MathsScript-wt-w212-axiom\src\linalg\sylvester.cpp for CXX dependencies
[82/1759] Scanning C:\Users\odinl\OneDrive\Desktop\MathsScript-wt-w212-axiom\src\distributed\solve.cpp for CXX dependencies
[83/1759] Scanning C:\Users\odinl\OneDrive\Desktop\MathsScript-wt-w212-axiom\src\linalg\auxiliary.cpp for CXX dependencies
[84/1759] Scanning C:\Users\odinl\OneDrive\Desktop\MathsScript-wt-w212-axiom\src\symbolic\symbolic.cpp for CXX dependencies
[85/1759] Scanning C:\Users\odinl\OneDrive\Desktop\MathsScript-wt-w212-axiom\src\graph\graph.cpp for CXX dependencies
[86/1759] Scanning C:\Users\odinl\OneDrive\Desktop\MathsScript-wt-w212-axiom\src\symbolic\sym_parser.cpp for CXX dependencies
[87/1759] Scanning C:\Users\odinl\OneDrive\Desktop\MathsScript-wt-w212-axiom\src\distributed\dist_matrix.cpp for CXX dependencies
[88/1759] Generating CXX dyndep file src\image\CMakeFiles\ms_image.dir\CXX.dd
[89/1759] Scanning C:\Users\odinl\OneDrive\Desktop\MathsScript-wt-w212-axiom\src\linalg\eye.cpp for CXX dependencies
[90/1759] Scanning C:\Users\odinl\OneDrive\Desktop\MathsScript-wt-w212-axiom\src\linalg\norm.cpp for CXX dependencies
[91/1759] Scanning C:\Users\odinl\OneDrive\Desktop\MathsScript-wt-w212-axiom\src\linalg\svd.cpp for CXX dependencies
[92/1759] Generating CXX dyndep file src\bignum\CMakeFiles\ms_bignum.dir\CXX.dd
[93/1759] Building CXX object src\cuda\CMakeFiles\ms_cuda.dir\buffer.cpp.obj
C:\Users\odinl\OneDrive\Desktop\MathsScript-wt-w212-axiom\src\cuda\buffer.cpp(14): warning C4100: 'kind': unreferenced parameter
C:\Users\odinl\OneDrive\Desktop\MathsScript-wt-w212-axiom\src\cuda\buffer.cpp(31): warning C4100: 'kind': unreferenced parameter
[94/1759] Scanning C:\Users\odinl\OneDrive\Desktop\MathsScript-wt-w212-axiom\src\frameworks\cypha\cypha.cpp for CXX dependencies
[95/1759] Scanning C:\Users\odinl\OneDrive\Desktop\MathsScript-wt-w212-axiom\src\special\special.cpp for CXX dependencies
[96/1759] Generating CXX dyndep file src\ode\CMakeFiles\ms_ode.dir\CXX.dd
[97/1759] Building CXX object src\cuda\CMakeFiles\ms_cuda.dir\nvml.cpp.obj
[98/1759] Building CXX object src\cuda\CMakeFiles\ms_cuda.dir\nccl.cpp.obj
[99/1759] Building CXX object src\simd\CMakeFiles\ms_simd.dir\isa.cpp.obj
[100/1759] Scanning C:\Users\odinl\OneDrive\Desktop\MathsScript-wt-w212-axiom\src\tensorops\tensorops.cpp for CXX dependencies
[101/1759] Scanning C:\Users\odinl\OneDrive\Desktop\MathsScript-wt-w212-axiom\src\prob\prob.cpp for CXX dependencies
[102/1759] Building CXX object src\core\CMakeFiles\ms_core.dir\sparse.cpp.obj
[103/1759] Scanning C:\Users\odinl\OneDrive\Desktop\MathsScript-wt-w212-axiom\src\linalg\decompositions.cpp for CXX dependencies
[104/1759] Scanning C:\Users\odinl\OneDrive\Desktop\MathsScript-wt-w212-axiom\src\pde\pde.cpp for CXX dependencies
[105/1759] Scanning C:\Users\odinl\OneDrive\Desktop\MathsScript-wt-w212-axiom\src\numthy\numthy.cpp for CXX dependencies
[106/1759] Scanning C:\Users\odinl\OneDrive\Desktop\MathsScript-wt-w212-axiom\src\signal\signal.cpp for CXX dependencies
[107/1759] Scanning C:\Users\odinl\OneDrive\Desktop\MathsScript-wt-w212-axiom\src\interp\plot_console.cpp for CXX dependencies
[108/1759] Building CXX object src\core\CMakeFiles\ms_core.dir\sym.cpp.obj
[109/1759] Generating CXX dyndep file src\info\CMakeFiles\ms_info.dir\CXX.dd
[110/1759] Generating CXX dyndep file src\compress\CMakeFiles\ms_compress.dir\CXX.dd
[111/1759] Scanning C:\Users\odinl\OneDrive\Desktop\MathsScript-wt-w212-axiom\src\stats\stats.cpp for CXX dependencies
[112/1759] Scanning C:\Users\odinl\OneDrive\Desktop\MathsScript-wt-w212-axiom\src\linalg\ones.cpp for CXX dependencies
[113/1759] Scanning C:\Users\odinl\OneDrive\Desktop\MathsScript-wt-w212-axiom\src\linalg\eig.cpp for CXX dependencies
[114/1759] Scanning C:\Users\odinl\OneDrive\Desktop\MathsScript-wt-w212-axiom\src\exe\mathscript_server.cpp for CXX dependencies
[115/1759] Scanning C:\Users\odinl\OneDrive\Desktop\MathsScript-wt-w212-axiom\src\ml\ml.cpp for CXX dependencies
[116/1759] Scanning C:\Users\odinl\OneDrive\Desktop\MathsScript-wt-w212-axiom\src\linalg\iterative.cpp for CXX dependencies
[117/1759] Scanning C:\Users\odinl\OneDrive\Desktop\MathsScript-wt-w212-axiom\tests\unit\test_matmul.cpp for CXX dependencies
[118/1759] Scanning C:\Users\odinl\OneDrive\Desktop\MathsScript-wt-w212-axiom\src\interp\repl_engine.cpp for CXX dependencies
[119/1759] Building CXX object src\topo\CMakeFiles\ms_topo.dir\topo.cpp.obj
[120/1759] Generating CXX dyndep file src\quantum\CMakeFiles\ms_quantum.dir\CXX.dd
[121/1759] Generating CXX dyndep file src\diffgeo\CMakeFiles\ms_diffgeo.dir\CXX.dd
[122/1759] Building CXX object src\cuda\CMakeFiles\ms_cuda.dir\blas.cpp.obj
[123/1759] Scanning C:\Users\odinl\OneDrive\Desktop\MathsScript-wt-w212-axiom\tests\unit\test_norm.cpp for CXX dependencies
[124/1759] Scanning C:\Users\odinl\OneDrive\Desktop\MathsScript-wt-w212-axiom\tests\unit\test_integration.cpp for CXX dependencies
[125/1759] Scanning C:\Users\odinl\OneDrive\Desktop\MathsScript-wt-w212-axiom\tests\unit\test_simd.cpp for CXX dependencies
[126/1759] Scanning C:\Users\odinl\OneDrive\Desktop\MathsScript-wt-w212-axiom\tests\unit\test_cuda_stub.cpp for CXX dependencies
[127/1759] Scanning C:\Users\odinl\OneDrive\Desktop\MathsScript-wt-w212-axiom\tests\unit\test_poly_domain.cpp for CXX dependencies
[128/1759] Scanning C:\Users\odinl\OneDrive\Desktop\MathsScript-wt-w212-axiom\tests\unit\test_linalg_ext.cpp for CXX dependencies
[129/1759] Scanning C:\Users\odinl\OneDrive\Desktop\MathsScript-wt-w212-axiom\tests\unit\test_signal_ext.cpp for CXX dependencies
[130/1759] Scanning C:\Users\odinl\OneDrive\Desktop\MathsScript-wt-w212-axiom\tests\unit\test_lu.cpp for CXX dependencies
[131/1759] Scanning C:\Users\odinl\OneDrive\Desktop\MathsScript-wt-w212-axiom\tests\unit\test_qr.cpp for CXX dependencies
[132/1759] Scanning C:\Users\odinl\OneDrive\Desktop\MathsScript-wt-w212-axiom\tests\unit\test_solve.cpp for CXX dependencies
[133/1759] Scanning C:\Users\odinl\OneDrive\Desktop\MathsScript-wt-w212-axiom\tests\unit\test_fft_ext.cpp for CXX dependencies
[134/1759] Scanning C:\Users\odinl\OneDrive\Desktop\MathsScript-wt-w212-axiom\tests\unit\test_sparse_spmv.cpp for CXX dependencies
[135/1759] Scanning C:\Users\odinl\OneDrive\Desktop\MathsScript-wt-w212-axiom\tests\unit\test_stats_prob_ext.cpp for CXX dependencies
[136/1759] Scanning C:\Users\odinl\OneDrive\Desktop\MathsScript-wt-w212-axiom\tests\unit\test_dispatch.cpp for CXX dependencies
[137/1759] Scanning C:\Users\odinl\OneDrive\Desktop\MathsScript-wt-w212-axiom\tests\unit\test_plot_console.cpp for CXX dependencies
[138/1759] Scanning C:\Users\odinl\OneDrive\Desktop\MathsScript-wt-w212-axiom\tests\unit\test_dist_block.cpp for CXX dependencies
[139/1759] Scanning C:\Users\odinl\OneDrive\Desktop\MathsScript-wt-w212-axiom\tests\unit\test_repl_commands.cpp for CXX dependencies
[140/1759] Scanning C:\Users\odinl\OneDrive\Desktop\MathsScript-wt-w212-axiom\tests\unit\test_signal_filters.cpp for CXX dependencies
[141/1759] Scanning C:\Users\odinl\OneDrive\Desktop\MathsScript-wt-w212-axiom\tests\unit\test_mpi_stub.cpp for CXX dependencies
[142/1759] Scanning C:\Users\odinl\OneDrive\Desktop\MathsScript-wt-w212-axiom\tests\unit\test_linalg_decomp.cpp for CXX dependencies
[143/1759] Scanning C:\Users\odinl\OneDrive\Desktop\MathsScript-wt-w212-axiom\tests\unit\test_jit_backend.cpp for CXX dependencies
[144/1759] Scanning C:\Users\odinl\OneDrive\Desktop\MathsScript-wt-w212-axiom\tests\unit\test_stats_prob_more.cpp for CXX dependencies
[145/1759] Scanning C:\Users\odinl\OneDrive\Desktop\MathsScript-wt-w212-axiom\tests\unit\test_ode_advanced2.cpp for CXX dependencies
[146/1759] Scanning C:\Users\odinl\OneDrive\Desktop\MathsScript-wt-w212-axiom\tests\unit\test_float_linalg.cpp for CXX dependencies
[147/1759] Scanning C:\Users\odinl\OneDrive\Desktop\MathsScript-wt-w212-axiom\tests\unit\test_fft_freq.cpp for CXX dependencies
[148/1759] Scanning C:\Users\odinl\OneDrive\Desktop\MathsScript-wt-w212-axiom\tests\unit\test_cuda_matmul.cpp for CXX dependencies
[149/1759] Scanning C:\Users\odinl\OneDrive\Desktop\MathsScript-wt-w212-axiom\tests\unit\test_simd_ext.cpp for CXX dependencies
[150/1759] Building CXX object src\combo\CMakeFiles\ms_combo.dir\combo.cpp.obj
C:\Users\odinl\OneDrive\Desktop\MathsScript-wt-w212-axiom\src\combo\combo.cpp(159): warning C4100: 'min_val': unreferenced parameter
[151/1759] Building CXX object src\cuda\CMakeFiles\ms_cuda.dir\sparse.cpp.obj
[152/1759] Scanning C:\Users\odinl\OneDrive\Desktop\MathsScript-wt-w212-axiom\tests\unit\test_ode_pde_optim.cpp for CXX dependencies
[153/1759] Scanning C:\Users\odinl\OneDrive\Desktop\MathsScript-wt-w212-axiom\tests\unit\test_special_smoke.cpp for CXX dependencies
[154/1759] Scanning C:\Users\odinl\OneDrive\Desktop\MathsScript-wt-w212-axiom\tests\unit\test_repl_session.cpp for CXX dependencies
[155/1759] Scanning C:\Users\odinl\OneDrive\Desktop\MathsScript-wt-w212-axiom\tests\unit\test_special_ext.cpp for CXX dependencies
[156/1759] Scanning C:\Users\odinl\OneDrive\Desktop\MathsScript-wt-w212-axiom\tests\unit\test_dist_multi_rank.cpp for CXX dependencies
[157/1759] Scanning C:\Users\odinl\OneDrive\Desktop\MathsScript-wt-w212-axiom\tests\unit\test_linalg_chol.cpp for CXX dependencies
[158/1759] Scanning C:\Users\odinl\OneDrive\Desktop\MathsScript-wt-w212-axiom\tests\unit\test_dist_lu.cpp for CXX dependencies
[159/1759] Scanning C:\Users\odinl\OneDrive\Desktop\MathsScript-wt-w212-axiom\tests\unit\test_special_hyper.cpp for CXX dependencies
[160/1759] Scanning C:\Users\odinl\OneDrive\Desktop\MathsScript-wt-w212-axiom\tests\unit\test_frameworks.cpp for CXX dependencies
[161/1759] Scanning C:\Users\odinl\OneDrive\Desktop\MathsScript-wt-w212-axiom\tests\unit\test_special_misc.cpp for CXX dependencies
[162/1759] Scanning C:\Users\odinl\OneDrive\Desktop\MathsScript-wt-w212-axiom\tests\unit\test_cuda_ext.cpp for CXX dependencies
[163/1759] Scanning C:\Users\odinl\OneDrive\Desktop\MathsScript-wt-w212-axiom\tests\unit\test_symbolic_ext.cpp for CXX dependencies
[164/1759] Scanning C:\Users\odinl\OneDrive\Desktop\MathsScript-wt-w212-axiom\tests\unit\test_special_zeta_theta.cpp for CXX dependencies
[165/1759] Scanning C:\Users\odinl\OneDrive\Desktop\MathsScript-wt-w212-axiom\tests\unit\test_lu_typed.cpp for CXX dependencies
[166/1759] Scanning C:\Users\odinl\OneDrive\Desktop\MathsScript-wt-w212-axiom\tests\unit\test_solve_typed.cpp for CXX dependencies
[167/1759] Scanning C:\Users\odinl\OneDrive\Desktop\MathsScript-wt-w212-axiom\tests\unit\test_symbolic.cpp for CXX dependencies
[168/1759] Scanning C:\Users\odinl\OneDrive\Desktop\MathsScript-wt-w212-axiom\tests\unit\test_blas_lapack.cpp for CXX dependencies
[169/1759] Scanning C:\Users\odinl\OneDrive\Desktop\MathsScript-wt-w212-axiom\tests\unit\test_special_sweep.cpp for CXX dependencies
[170/1759] Scanning C:\Users\odinl\OneDrive\Desktop\MathsScript-wt-w212-axiom\tests\unit\test_blas_dgemm.cpp for CXX dependencies
[171/1759] Scanning C:\Users\odinl\OneDrive\Desktop\MathsScript-wt-w212-axiom\tests\unit\test_special_bessel.cpp for CXX dependencies
[172/1759] Scanning C:\Users\odinl\OneDrive\Desktop\MathsScript-wt-w212-axiom\tests\unit\test_data_driven.cpp for CXX dependencies
[173/1759] Scanning C:\Users\odinl\OneDrive\Desktop\MathsScript-wt-w212-axiom\tests\fuzz\fuzz_stress.cpp for CXX dependencies
[174/1759] Scanning C:\Users\odinl\OneDrive\Desktop\MathsScript-wt-w212-axiom\tests\unit\test_frameworks_ext.cpp for CXX dependencies
[175/1759] Building CXX object src\info\CMakeFiles\ms_info.dir\info.cpp.obj
[176/1759] Building CXX object src\image\CMakeFiles\ms_image.dir\image.cpp.obj
C:\Users\odinl\OneDrive\Desktop\MathsScript-wt-w212-axiom\src\image\image.cpp(127): warning C4267: 'initializing': conversion from 'size_t' to 'int', possible loss of data
C:\Users\odinl\OneDrive\Desktop\MathsScript-wt-w212-axiom\src\image\image.cpp(127): warning C4267: 'initializing': conversion from 'size_t' to 'int', possible loss of data
C:\Users\odinl\OneDrive\Desktop\MathsScript-wt-w212-axiom\src\image\image.cpp(147): warning C4244: 'initializing': conversion from 'int' to 'float', possible loss of data
C:\Users\odinl\OneDrive\Desktop\MathsScript-wt-w212-axiom\src\image\image.cpp(211): warning C4189: 'h': local variable is initialized but not referenced
C:\Users\odinl\OneDrive\Desktop\MathsScript-wt-w212-axiom\src\image\image.cpp(578): warning C4267: 'initializing': conversion from 'size_t' to 'int', possible loss of data
[177/1759] Scanning C:\Users\odinl\OneDrive\Desktop\MathsScript-wt-w212-axiom\tests\unit\test_error_types.cpp for CXX dependencies
[178/1759] Scanning C:\Users\odinl\OneDrive\Desktop\MathsScript-wt-w212-axiom\tests\unit\test_rng.cpp for CXX dependencies
[179/1759] Scanning C:\Users\odinl\OneDrive\Desktop\MathsScript-wt-w212-axiom\tests\unit\test_jit_factory.cpp for CXX dependencies
[180/1759] Scanning C:\Users\odinl\OneDrive\Desktop\MathsScript-wt-w212-axiom\tests\unit\test_tensor.cpp for CXX dependencies
[181/1759] Scanning C:\Users\odinl\OneDrive\Desktop\MathsScript-wt-w212-axiom\tests\unit\test_linalg_decomp_ext.cpp for CXX dependencies
[182/1759] Building CXX object src\ode\CMakeFiles\ms_ode.dir\ode.cpp.obj
[183/1759] Scanning C:\Users\odinl\OneDrive\Desktop\MathsScript-wt-w212-axiom\tests\unit\test_core_sym.cpp for CXX dependencies
[184/1759] Scanning C:\Users\odinl\OneDrive\Desktop\MathsScript-wt-w212-axiom\tests\unit\test_simd_vector_ops.cpp for CXX dependencies
[185/1759] Scanning C:\Users\odinl\OneDrive\Desktop\MathsScript-wt-w212-axiom\tests\unit\test_repl_advanced.cpp for CXX dependencies
[186/1759] Scanning C:\Users\odinl\OneDrive\Desktop\MathsScript-wt-w212-axiom\tests\unit\test_construction.cpp for CXX dependencies
[187/1759] Scanning C:\Users\odinl\OneDrive\Desktop\MathsScript-wt-w212-axiom\tests\unit\test_core_ext.cpp for CXX dependencies
[188/1759] Scanning C:\Users\odinl\OneDrive\Desktop\MathsScript-wt-w212-axiom\tests\unit\test_special_edge.cpp for CXX dependencies
[189/1759] Building CXX object src\cuda\CMakeFiles\ms_cuda.dir\elementwise.cpp.obj
[190/1759] Building CXX object src\core\CMakeFiles\ms_core.dir\scalar.cpp.obj
[191/1759] Building CXX object src\bignum\CMakeFiles\ms_bignum.dir\bignum.cpp.obj
C:\Users\odinl\OneDrive\Desktop\MathsScript-wt-w212-axiom\src\bignum\bignum.cpp(31): warning C4146: unary minus operator applied to unsigned type, result still unsigned
C:\Users\odinl\OneDrive\Desktop\MathsScript-wt-w212-axiom\src\bignum\bignum.cpp(189): warning C4267: 'initializing': conversion from 'size_t' to 'int', possible loss of data
C:\Users\odinl\OneDrive\Desktop\MathsScript-wt-w212-axiom\src\bignum\bignum.cpp(189): warning C4267: 'initializing': conversion from 'size_t' to 'int', possible loss of data
C:\Users\odinl\OneDrive\Desktop\MathsScript-wt-w212-axiom\src\bignum\bignum.cpp(440): warning C4267: 'initializing': conversion from 'size_t' to 'int', possible loss of data
[192/1759] Building CXX object src\quantum\CMakeFiles\ms_quantum.dir\quantum.cpp.obj
C:\Users\odinl\OneDrive\Desktop\MathsScript-wt-w212-axiom\src\quantum\quantum.cpp(639): warning C4334: '<<': result of 32-bit shift implicitly converted to 64 bits (was 64-bit shift intended?)
[193/1759] Scanning C:\Users\odinl\OneDrive\Desktop\MathsScript-wt-w212-axiom\tests\unit\test_iterative_ext.cpp for CXX dependencies
[194/1759] Scanning C:\Users\odinl\OneDrive\Desktop\MathsScript-wt-w212-axiom\tests\unit\test_special_poly_elliptic.cpp for CXX dependencies
[195/1759] Scanning C:\Users\odinl\OneDrive\Desktop\MathsScript-wt-w212-axiom\tests\unit\test_fft_core.cpp for CXX dependencies
[196/1759] Scanning C:\Users\odinl\OneDrive\Desktop\MathsScript-wt-w212-axiom\tests\unit\test_stats_numerical.cpp for CXX dependencies
[197/1759] Scanning C:\Users\odinl\OneDrive\Desktop\MathsScript-wt-w212-axiom\tests\unit\test_sym_extended.cpp for CXX dependencies
[198/1759] Scanning C:\Users\odinl\OneDrive\Desktop\MathsScript-wt-w212-axiom\tests\unit\test_pde_extended.cpp for CXX dependencies
[199/1759] Scanning C:\Users\odinl\OneDrive\Desktop\MathsScript-wt-w212-axiom\tests\unit\test_poly_extended.cpp for CXX dependencies
[200/1759] Scanning C:\Users\odinl\OneDrive\Desktop\MathsScript-wt-w212-axiom\tests\unit\test_expr_templates.cpp for CXX dependencies
[201/1759] Scanning C:\Users\odinl\OneDrive\Desktop\MathsScript-wt-w212-axiom\tests\unit\test_load_balancer.cpp for CXX dependencies
[202/1759] Scanning C:\Users\odinl\OneDrive\Desktop\MathsScript-wt-w212-axiom\tests\unit\test_optim_ode_more.cpp for CXX dependencies
[203/1759] Scanning C:\Users\odinl\OneDrive\Desktop\MathsScript-wt-w212-axiom\tests\unit\test_special_voigt.cpp for CXX dependencies
[204/1759] Scanning C:\Users\odinl\OneDrive\Desktop\MathsScript-wt-w212-axiom\tests\unit\test_special_heun_painleve.cpp for CXX dependencies
[205/1759] Scanning C:\Users\odinl\OneDrive\Desktop\MathsScript-wt-w212-axiom\tests\unit\test_fft_typed.cpp for CXX dependencies
[206/1759] Scanning C:\Users\odinl\OneDrive\Desktop\MathsScript-wt-w212-axiom\tests\unit\test_runtime.cpp for CXX dependencies
[207/1759] Scanning C:\Users\odinl\OneDrive\Desktop\MathsScript-wt-w212-axiom\tests\unit\test_optim_result_types.cpp for CXX dependencies
[208/1759] Scanning C:\Users\odinl\OneDrive\Desktop\MathsScript-wt-w212-axiom\tests\unit\test_memory.cpp for CXX dependencies
[209/1759] Scanning C:\Users\odinl\OneDrive\Desktop\MathsScript-wt-w212-axiom\tests\unit\test_transpose.cpp for CXX dependencies
[210/1759] Scanning C:\Users\odinl\OneDrive\Desktop\MathsScript-wt-w212-axiom\tests\unit\test_chol_typed.cpp for CXX dependencies
[211/1759] Scanning C:\Users\odinl\OneDrive\Desktop\MathsScript-wt-w212-axiom\tests\unit\test_repl_error_paths.cpp for CXX dependencies
[212/1759] Scanning C:\Users\odinl\OneDrive\Desktop\MathsScript-wt-w212-axiom\tests\unit\test_tensor_lb_numa.cpp for CXX dependencies
[213/1759] Scanning C:\Users\odinl\OneDrive\Desktop\MathsScript-wt-w212-axiom\tests\unit\test_axiom_gria_ext.cpp for CXX dependencies
[214/1759] Scanning C:\Users\odinl\OneDrive\Desktop\MathsScript-wt-w212-axiom\tests\unit\test_error_types_extended.cpp for CXX dependencies
[215/1759] Scanning C:\Users\odinl\OneDrive\Desktop\MathsScript-wt-w212-axiom\tests\unit\test_rng_statistical_quality.cpp for CXX dependencies
[216/1759] Scanning C:\Users\odinl\OneDrive\Desktop\MathsScript-wt-w212-axiom\tests\unit\test_thread_pool_linalg_adv.cpp for CXX dependencies
[217/1759] Scanning C:\Users\odinl\OneDrive\Desktop\MathsScript-wt-w212-axiom\tests\unit\test_linalg_advanced.cpp for CXX dependencies
[218/1759] Scanning C:\Users\odinl\OneDrive\Desktop\MathsScript-wt-w212-axiom\tests\unit\test_symbolic_advanced.cpp for CXX dependencies
[219/1759] Scanning C:\Users\odinl\OneDrive\Desktop\MathsScript-wt-w212-axiom\tests\unit\test_repl_session_adv.cpp for CXX dependencies
[220/1759] Scanning C:\Users\odinl\OneDrive\Desktop\MathsScript-wt-w212-axiom\tests\unit\test_distributed_adv.cpp for CXX dependencies
[221/1759] Scanning C:\Users\odinl\OneDrive\Desktop\MathsScript-wt-w212-axiom\tests\unit\test_optim_adv.cpp for CXX dependencies
[222/1759] Scanning C:\Users\odinl\OneDrive\Desktop\MathsScript-wt-w212-axiom\tests\unit\test_repl_interp_adv.cpp for CXX dependencies
[223/1759] Scanning C:\Users\odinl\OneDrive\Desktop\MathsScript-wt-w212-axiom\tests\unit\test_tensor_adv.cpp for CXX dependencies
[224/1759] Scanning C:\Users\odinl\OneDrive\Desktop\MathsScript-wt-w212-axiom\tests\unit\test_dist_matrix_adv.cpp for CXX dependencies
[225/1759] Scanning C:\Users\odinl\OneDrive\Desktop\MathsScript-wt-w212-axiom\tests\unit\test_sparse_adv.cpp for CXX dependencies
[226/1759] Scanning C:\Users\odinl\OneDrive\Desktop\MathsScript-wt-w212-axiom\tests\unit\test_core_matrix.cpp for CXX dependencies
[227/1759] Scanning C:\Users\odinl\OneDrive\Desktop\MathsScript-wt-w212-axiom\tests\unit\test_memory_adv.cpp for CXX dependencies
[228/1759] Scanning C:\Users\odinl\OneDrive\Desktop\MathsScript-wt-w212-axiom\tests\unit\test_runtime_dispatch_adv.cpp for CXX dependencies
[229/1759] Scanning C:\Users\odinl\OneDrive\Desktop\MathsScript-wt-w212-axiom\tests\unit\test_scalar_type.cpp for CXX dependencies
[230/1759] Scanning C:\Users\odinl\OneDrive\Desktop\MathsScript-wt-w212-axiom\tests\unit\test_poly_adv.cpp for CXX dependencies
[231/1759] Scanning C:\Users\odinl\OneDrive\Desktop\MathsScript-wt-w212-axiom\tests\unit\test_topology.cpp for CXX dependencies
[232/1759] Scanning C:\Users\odinl\OneDrive\Desktop\MathsScript-wt-w212-axiom\tests\unit\test_signal_adv2.cpp for CXX dependencies
[233/1759] Scanning C:\Users\odinl\OneDrive\Desktop\MathsScript-wt-w212-axiom\tests\unit\test_optim_adv2.cpp for CXX dependencies
[234/1759] Scanning C:\Users\odinl\OneDrive\Desktop\MathsScript-wt-w212-axiom\tests\unit\test_stats_adv2.cpp for CXX dependencies
[235/1759] Building CXX object src\core\CMakeFiles\ms_core.dir\error_format.cpp.obj
[236/1759] Generating CXX dyndep file src\cplx\CMakeFiles\ms_cplx.dir\CXX.dd
[237/1759] Scanning C:\Users\odinl\OneDrive\Desktop\MathsScript-wt-w212-axiom\tests\unit\test_symbolic_adv2.cpp for CXX dependencies
[238/1759] Scanning C:\Users\odinl\OneDrive\Desktop\MathsScript-wt-w212-axiom\tests\unit\test_stats_edge.cpp for CXX dependencies
[239/1759] Scanning C:\Users\odinl\OneDrive\Desktop\MathsScript-wt-w212-axiom\tests\unit\test_sparse_ops_adv.cpp for CXX dependencies
[240/1759] Scanning C:\Users\odinl\OneDrive\Desktop\MathsScript-wt-w212-axiom\tests\unit\test_optim_newton_broyden.cpp for CXX dependencies
[241/1759] Scanning C:\Users\odinl\OneDrive\Desktop\MathsScript-wt-w212-axiom\tests\unit\test_prob_adv3.cpp for CXX dependencies
[242/1759] Building CXX object src\simd\CMakeFiles\ms_simd.dir\vector_ops.cpp.obj
C:\Users\odinl\OneDrive\Desktop\MathsScript-wt-w212-axiom\src\simd\vector_ops.cpp(167): warning C4996: 'getenv': This function or variable may be unsafe. Consider using _dupenv_s instead. To disable deprecation, use _CRT_SECURE_NO_WARNINGS. See online help for details.
[243/1759] Scanning C:\Users\odinl\OneDrive\Desktop\MathsScript-wt-w212-axiom\tests\unit\test_sparse_ext.cpp for CXX dependencies
[244/1759] Scanning C:\Users\odinl\OneDrive\Desktop\MathsScript-wt-w212-axiom\tests\unit\test_signal_adv3.cpp for CXX dependencies
[245/1759] Scanning C:\Users\odinl\OneDrive\Desktop\MathsScript-wt-w212-axiom\tests\unit\test_poly_adv2.cpp for CXX dependencies
[246/1759] Scanning C:\Users\odinl\OneDrive\Desktop\MathsScript-wt-w212-axiom\tests\unit\test_numthy.cpp for CXX dependencies
[247/1759] Scanning C:\Users\odinl\OneDrive\Desktop\MathsScript-wt-w212-axiom\tests\unit\test_optim_global.cpp for CXX dependencies
[248/1759] Scanning C:\Users\odinl\OneDrive\Desktop\MathsScript-wt-w212-axiom\tests\unit\test_poly_ext.cpp for CXX dependencies
[249/1759] Scanning C:\Users\odinl\OneDrive\Desktop\MathsScript-wt-w212-axiom\tests\unit\test_info.cpp for CXX dependencies
[250/1759] Scanning C:\Users\odinl\OneDrive\Desktop\MathsScript-wt-w212-axiom\tests\unit\test_topology_dispatch_adv.cpp for CXX dependencies
[251/1759] Scanning C:\Users\odinl\OneDrive\Desktop\MathsScript-wt-w212-axiom\tests\unit\test_repl_api_direct.cpp for CXX dependencies
[252/1759] Scanning C:\Users\odinl\OneDrive\Desktop\MathsScript-wt-w212-axiom\tests\unit\test_izaac_advanced.cpp for CXX dependencies
[253/1759] Scanning C:\Users\odinl\OneDrive\Desktop\MathsScript-wt-w212-axiom\tests\unit\test_control.cpp for CXX dependencies
[254/1759] Scanning C:\Users\odinl\OneDrive\Desktop\MathsScript-wt-w212-axiom\tests\unit\test_finance.cpp for CXX dependencies
[255/1759] Scanning C:\Users\odinl\OneDrive\Desktop\MathsScript-wt-w212-axiom\tests\unit\test_frameworks_adv.cpp for CXX dependencies
[256/1759] Scanning C:\Users\odinl\OneDrive\Desktop\MathsScript-wt-w212-axiom\tests\unit\test_gria_advanced.cpp for CXX dependencies
[257/1759] Scanning C:\Users\odinl\OneDrive\Desktop\MathsScript-wt-w212-axiom\tests\unit\test_domain_adv.cpp for CXX dependencies
[258/1759] Generating CXX dyndep file src\exe\CMakeFiles\mathscript-repl.dir\CXX.dd
[259/1759] Generating CXX dyndep file src\finance\CMakeFiles\ms_finance.dir\CXX.dd
[260/1759] Generating CXX dyndep file src\poly\CMakeFiles\ms_poly.dir\CXX.dd
[261/1759] Generating CXX dyndep file src\optim\CMakeFiles\ms_optim.dir\CXX.dd
[262/1759] Generating CXX dyndep file src\numthy\CMakeFiles\ms_numthy.dir\CXX.dd
[263/1759] Generating CXX dyndep file src\signal\CMakeFiles\ms_signal.dir\CXX.dd
[264/1759] Generating CXX dyndep file src\pde\CMakeFiles\ms_pde.dir\CXX.dd
[265/1759] Generating CXX dyndep file src\symbolic\CMakeFiles\ms_symbolic.dir\CXX.dd
[266/1759] Building CXX object src\cuda\CMakeFiles\ms_cuda.dir\fft.cpp.obj
[267/1759] Generating CXX dyndep file src\special\CMakeFiles\ms_special.dir\CXX.dd
[268/1759] Generating CXX dyndep file src\distributed\CMakeFiles\ms_distributed.dir\CXX.dd
[269/1759] Generating CXX dyndep file src\ml\CMakeFiles\ms_ml.dir\CXX.dd
[270/1759] Generating CXX dyndep file src\prob\CMakeFiles\ms_prob.dir\CXX.dd
[271/1759] Generating CXX dyndep file src\stats\CMakeFiles\ms_stats.dir\CXX.dd
[272/1759] Building CXX object src\diffgeo\CMakeFiles\ms_diffgeo.dir\diffgeo.cpp.obj
[273/1759] Generating CXX dyndep file src\runtime\CMakeFiles\ms_runtime.dir\CXX.dd
[274/1759] Generating CXX dyndep file src\control\CMakeFiles\ms_control.dir\CXX.dd
[275/1759] Generating CXX dyndep file src\tensorops\CMakeFiles\ms_tensorops.dir\CXX.dd
[276/1759] Generating CXX dyndep file src\exe\CMakeFiles\mathscriptc.dir\CXX.dd
[277/1759] Generating CXX dyndep file src\linalg\CMakeFiles\ms_linalg.dir\CXX.dd
[278/1759] Generating CXX dyndep file src\graph\CMakeFiles\ms_graph.dir\CXX.dd
[279/1759] Generating CXX dyndep file src\interp\CMakeFiles\ms_interp.dir\CXX.dd
[280/1759] Building CXX object src\geo\CMakeFiles\ms_geo.dir\geo.cpp.obj
C:\Users\odinl\OneDrive\Desktop\MathsScript-wt-w212-axiom\src\geo\geo.cpp(243): warning C4189: 'det': local variable is initialized but not referenced
C:\Users\odinl\OneDrive\Desktop\MathsScript-wt-w212-axiom\src\geo\geo.cpp(220): warning C4505: 'ms::geo::circumradius_sq': unreferenced function with internal linkage has been removed
[281/1759] Generating CXX dyndep file src\frameworks\CMakeFiles\ms_frameworks.dir\CXX.dd
[282/1759] Generating CXX dyndep file src\domain\CMakeFiles\ms_domain.dir\CXX.dd
[283/1759] Generating CXX dyndep file src\exe\CMakeFiles\mathscript-server.dir\CXX.dd
[284/1759] Scanning C:\Users\odinl\OneDrive\Desktop\MathsScript-wt-w212-axiom\tests\unit\test_prob_adv2.cpp for CXX dependencies
[285/1759] Scanning C:\Users\odinl\OneDrive\Desktop\MathsScript-wt-w212-axiom\tests\unit\test_diffgeo.cpp for CXX dependencies
[286/1759] Scanning C:\Users\odinl\OneDrive\Desktop\MathsScript-wt-w212-axiom\tests\unit\test_domain_types.cpp for CXX dependencies
[287/1759] Scanning C:\Users\odinl\OneDrive\Desktop\MathsScript-wt-w212-axiom\tests\unit\test_optim_extended.cpp for CXX dependencies
[288/1759] Scanning C:\Users\odinl\OneDrive\Desktop\MathsScript-wt-w212-axiom\tests\unit\test_stats_gaps.cpp for CXX dependencies
[289/1759] Scanning C:\Users\odinl\OneDrive\Desktop\MathsScript-wt-w212-axiom\tests\unit\test_tensor_scalar.cpp for CXX dependencies
[290/1759] Building CXX object src\runtime\CMakeFiles\ms_runtime.dir\cpu\lapack_dgesv.cpp.obj
[291/1759] Scanning C:\Users\odinl\OneDrive\Desktop\MathsScript-wt-w212-axiom\tests\unit\test_special_struve_airy.cpp for CXX dependencies
[292/1759] Scanning C:\Users\odinl\OneDrive\Desktop\MathsScript-wt-w212-axiom\tests\unit\test_cellai_cypha_ext.cpp for CXX dependencies
[293/1759] Scanning C:\Users\odinl\OneDrive\Desktop\MathsScript-wt-w212-axiom\tests\unit\test_cpu_blas_kernel.cpp for CXX dependencies
[294/1759] Building CXX object src\cplx\CMakeFiles\ms_cplx.dir\cplx.cpp.obj
C:\Users\odinl\OneDrive\Desktop\MathsScript-wt-w212-axiom\src\cplx\cplx.cpp(62): warning C4100: 'n_pts': unreferenced parameter
[295/1759] Scanning C:\Users\odinl\OneDrive\Desktop\MathsScript-wt-w212-axiom\tests\unit\test_memory_allocators_adv.cpp for CXX dependencies
[296/1759] Scanning C:\Users\odinl\OneDrive\Desktop\MathsScript-wt-w212-axiom\tests\unit\test_linalg_edge.cpp for CXX dependencies
[297/1759] Scanning C:\Users\odinl\OneDrive\Desktop\MathsScript-wt-w212-axiom\tests\unit\test_topo.cpp for CXX dependencies
[298/1759] Building CXX object src\runtime\CMakeFiles\ms_runtime.dir\cpu\avx512_dgemm_stub.cpp.obj
[299/1759] Scanning C:\Users\odinl\OneDrive\Desktop\MathsScript-wt-w212-axiom\tests\unit\test_signal_windows_adv4.cpp for CXX dependencies
[300/1759] Scanning C:\Users\odinl\OneDrive\Desktop\MathsScript-wt-w212-axiom\tests\unit\test_signal_windows.cpp for CXX dependencies
[301/1759] Scanning C:\Users\odinl\OneDrive\Desktop\MathsScript-wt-w212-axiom\tests\unit\test_tensorops.cpp for CXX dependencies
[302/1759] Scanning C:\Users\odinl\OneDrive\Desktop\MathsScript-wt-w212-axiom\tests\unit\test_simd_isa_adv.cpp for CXX dependencies
[303/1759] Scanning C:\Users\odinl\OneDrive\Desktop\MathsScript-wt-w212-axiom\tests\unit\test_simd_extended.cpp for CXX dependencies
[304/1759] Scanning C:\Users\odinl\OneDrive\Desktop\MathsScript-wt-w212-axiom\tests\unit\test_bignum.cpp for CXX dependencies
[305/1759] Scanning C:\Users\odinl\OneDrive\Desktop\MathsScript-wt-w212-axiom\tests\compliance\test_plugin_smoke.cpp for CXX dependencies
[306/1759] Scanning C:\Users\odinl\OneDrive\Desktop\MathsScript-wt-w212-axiom\tests\unit\test_symbolic_extended.cpp for CXX dependencies
[307/1759] Scanning C:\Users\odinl\OneDrive\Desktop\MathsScript-wt-w212-axiom\tests\unit\test_memory_extended.cpp for CXX dependencies
[308/1759] Building CXX object src\pde\CMakeFiles\ms_pde.dir\pde.cpp.obj
[309/1759] Building CXX object src\distributed\CMakeFiles\ms_distributed.dir\mpi_context.cpp.obj
[310/1759] Building CXX object src\runtime\CMakeFiles\ms_runtime.dir\cpu\lapack_dgetrf.cpp.obj
[311/1759] Building CXX object src\core\CMakeFiles\ms_core.dir\tensor.cpp.obj
[312/1759] Building CXX object src\runtime\CMakeFiles\ms_runtime.dir\cpu\lapack_dgebrd.cpp.obj
C:\Users\odinl\OneDrive\Desktop\MathsScript-wt-w212-axiom\src\runtime\cpu\lapack_dgebrd.cpp(216): warning C4189: 'k': local variable is initialized but not referenced
[313/1759] Scanning C:\Users\odinl\OneDrive\Desktop\MathsScript-wt-w212-axiom\tests\unit\test_optim_constrained.cpp for CXX dependencies
[314/1759] Scanning C:\Users\odinl\OneDrive\Desktop\MathsScript-wt-w212-axiom\tests\unit\test_graph.cpp for CXX dependencies
[315/1759] Scanning C:\Users\odinl\OneDrive\Desktop\MathsScript-wt-w212-axiom\tests\unit\test_prob_lognormal_weibull_laplace.cpp for CXX dependencies
[316/1759] Building CXX object src\runtime\CMakeFiles\ms_runtime.dir\topology.cpp.obj
[317/1759] Scanning C:\Users\odinl\OneDrive\Desktop\MathsScript-wt-w212-axiom\tests\unit\test_quantum.cpp for CXX dependencies
[318/1759] Scanning C:\Users\odinl\OneDrive\Desktop\MathsScript-wt-w212-axiom\tests\unit\test_geo.cpp for CXX dependencies
[319/1759] Scanning C:\Users\odinl\OneDrive\Desktop\MathsScript-wt-w212-axiom\tests\unit\test_image.cpp for CXX dependencies
[320/1759] Building CXX object src\runtime\CMakeFiles\ms_runtime.dir\cpu\lapack_dorgbr.cpp.obj
C:\Users\odinl\OneDrive\Desktop\MathsScript-wt-w212-axiom\src\runtime\cpu\lapack_dorgbr.cpp(14): warning C4100: 'n': unreferenced parameter
C:\Users\odinl\OneDrive\Desktop\MathsScript-wt-w212-axiom\src\runtime\cpu\lapack_dorgbr.cpp(88): warning C4100: 'n': unreferenced parameter
C:\Users\odinl\OneDrive\Desktop\MathsScript-wt-w212-axiom\src\runtime\cpu\lapack_dorgbr.cpp(87): warning C4100: 'm': unreferenced parameter
[321/1759] Building CXX object src\runtime\CMakeFiles\ms_runtime.dir\cpu\lapack_dbdsqr.cpp.obj
C:\Users\odinl\OneDrive\Desktop\MathsScript-wt-w212-axiom\src\runtime\cpu\lapack_dbdsqr.cpp(326): warning C4100: 'u_rows': unreferenced parameter
[322/1759] Building CXX object src\runtime\CMakeFiles\ms_runtime.dir\cpu\lapack_dgesvd.cpp.obj
[323/1759] Linking CXX static library src\core\ms_core.lib
[324/1759] Building CXX object src\cuda\CMakeFiles\ms_cuda.dir\solver.cpp.obj
[325/1759] Building CXX object src\fft\CMakeFiles\ms_fft.dir\fft.cpp.obj
[326/1759] Building CXX object src\compress\CMakeFiles\ms_compress.dir\compress.cpp.obj
C:\Users\odinl\OneDrive\Desktop\MathsScript-wt-w212-axiom\src\compress\compress.cpp(52): warning C4267: 'initializing': conversion from 'size_t' to 'int', possible loss of data
C:\Users\odinl\OneDrive\Desktop\MathsScript-wt-w212-axiom\src\compress\compress.cpp(344): warning C4189: 'last': local variable is initialized but not referenced
C:\Users\odinl\OneDrive\Desktop\MathsScript-wt-w212-axiom\src\compress\compress.cpp(399): warning C4244: 'initializing': conversion from '__int64' to 'int', possible loss of data
C:\Program Files\Microsoft Visual Studio\18\Community\VC\Tools\MSVC\14.44.35207\include\numeric(565): warning C4244: '=': conversion from 'int' to '_Ty', possible loss of data
        with
        [
            _Ty=unsigned char
        ]
C:\Program Files\Microsoft Visual Studio\18\Community\VC\Tools\MSVC\14.44.35207\include\numeric(565): note: the template instantiation context (the oldest one first) is
C:\Users\odinl\OneDrive\Desktop\MathsScript-wt-w212-axiom\src\compress\compress.cpp(395): note: see reference to function template instantiation 'void std::iota<std::_Vector_iterator<std::_Vector_val<std::_Simple_types<_Ty>>>,int>(_FwdIt,_FwdIt,int)' being compiled
        with
        [
            _Ty=uint8_t,
            _FwdIt=std::_Vector_iterator<std::_Vector_val<std::_Simple_types<uint8_t>>>
        ]
C:\Program Files\Microsoft Visual Studio\18\Community\VC\Tools\MSVC\14.44.35207\include\numeric(573): warning C4244: '=': conversion from '_Ty' to 'unsigned char', possible loss of data
        with
        [
            _Ty=int
        ]
[327/1759] Building CXX object src\runtime\CMakeFiles\ms_runtime.dir\cpu\lapack_dpotrf.cpp.obj
[328/1759] Scanning C:\Users\odinl\OneDrive\Desktop\MathsScript-wt-w212-axiom\tests\unit\test_combo.cpp for CXX dependencies
[329/1759] Scanning C:\Users\odinl\OneDrive\Desktop\MathsScript-wt-w212-axiom\tests\unit\test_compress.cpp for CXX dependencies
[330/1759] Scanning C:\Users\odinl\OneDrive\Desktop\MathsScript-wt-w212-axiom\tests\unit\test_ml.cpp for CXX dependencies
[331/1759] Scanning C:\Users\odinl\OneDrive\Desktop\MathsScript-wt-w212-axiom\tests\unit\test_linalg_iterative2.cpp for CXX dependencies
[332/1759] Linking CXX static library src\geo\ms_geo.lib
[333/1759] Linking CXX static library src\cuda\ms_cuda.lib
[334/1759] Building CXX object src\stats\CMakeFiles\ms_stats.dir\stats.cpp.obj
[335/1759] Linking CXX static library src\combo\ms_combo.lib
[336/1759] Linking CXX static library src\quantum\ms_quantum.lib
[337/1759] Linking CXX static library src\simd\ms_simd.lib
[338/1759] Linking CXX static library src\diffgeo\ms_diffgeo.lib
[339/1759] Scanning C:\Users\odinl\OneDrive\Desktop\MathsScript-wt-w212-axiom\tests\unit\test_units.cpp for CXX dependencies
[340/1759] Scanning C:\Users\odinl\OneDrive\Desktop\MathsScript-wt-w212-axiom\tests\unit\test_cplx.cpp for CXX dependencies
[341/1759] Building CXX object src\runtime\CMakeFiles\ms_runtime.dir\cpu\blas_dger.cpp.obj
[342/1759] Scanning C:\Users\odinl\OneDrive\Desktop\MathsScript-wt-w212-axiom\tests\unit\test_checked_arith.cpp for CXX dependencies
[343/1759] Building CXX object src\runtime\CMakeFiles\ms_runtime.dir\dispatch.cpp.obj
[344/1759] Building CXX object src\special\CMakeFiles\ms_special.dir\special.cpp.obj
C:\Users\odinl\OneDrive\Desktop\MathsScript-wt-w212-axiom\src\special\special.cpp(1918): warning C4100: 'n': unreferenced parameter
C:\Users\odinl\OneDrive\Desktop\MathsScript-wt-w212-axiom\src\special\special.cpp(2062): warning C4189: 'z6': local variable is initialized but not referenced
C:\Users\odinl\OneDrive\Desktop\MathsScript-wt-w212-axiom\src\special\special.cpp(2282): warning C4100: 'c': unreferenced parameter
[345/1759] Building CXX object src\runtime\CMakeFiles\ms_runtime.dir\cpu\lapack_dgeqrf.cpp.obj
[346/1759] Building CXX object src\linalg\CMakeFiles\ms_linalg.dir\matmul.cpp.obj
[347/1759] Building CXX object src\symbolic\CMakeFiles\ms_symbolic.dir\symbolic.cpp.obj
[348/1759] Building CXX object src\numthy\CMakeFiles\ms_numthy.dir\numthy.cpp.obj
[349/1759] Building CXX object src\runtime\CMakeFiles\ms_runtime.dir\load_balancer.cpp.obj
[350/1759] Linking CXX static library src\cplx\ms_cplx.lib
[351/1759] Linking CXX static library src\info\ms_info.lib
[352/1759] Building CXX object src\linalg\CMakeFiles\ms_linalg.dir\det.cpp.obj
[353/1759] Building CXX object src\frameworks\CMakeFiles\ms_frameworks.dir\izaac\izaac.cpp.obj
[354/1759] Building CXX object src\finance\CMakeFiles\ms_finance.dir\finance.cpp.obj
C:\Users\odinl\OneDrive\Desktop\MathsScript-wt-w212-axiom\src\finance\finance.cpp(1005): warning C4189: 'd': local variable is initialized but not referenced
[355/1759] Building CXX object src\signal\CMakeFiles\ms_signal.dir\signal.cpp.obj
[356/1759] Linking CXX static library src\bignum\ms_bignum.lib
[357/1759] Linking CXX static library src\stats\ms_stats.lib
[358/1759] Linking CXX static library src\topo\ms_topo.lib
[359/1759] Building CXX object src\runtime\CMakeFiles\ms_runtime.dir\cpu\blas_dsyrk_dtrsm.cpp.obj
[360/1759] Linking CXX static library src\numthy\ms_numthy.lib
[361/1759] Linking CXX static library src\compress\ms_compress.lib
[362/1759] Linking CXX static library src\pde\ms_pde.lib
[363/1759] Building CXX object src\runtime\CMakeFiles\ms_runtime.dir\cpu\lapack_dsyev.cpp.obj
[364/1759] Linking CXX static library src\ode\ms_ode.lib
[365/1759] Linking CXX static library src\image\ms_image.lib
[366/1759] Linking CXX static library src\finance\ms_finance.lib
[367/1759] Building CXX object src\runtime\CMakeFiles\ms_runtime.dir\cpu\blas_dgemm.cpp.obj
[368/1759] Building CXX object src\linalg\CMakeFiles\ms_linalg.dir\trace.cpp.obj
[369/1759] Building CXX object src\linalg\CMakeFiles\ms_linalg.dir\qr.cpp.obj
[370/1759] Building CXX object src\linalg\CMakeFiles\ms_linalg.dir\eye.cpp.obj
[371/1759] Scanning C:\Users\odinl\OneDrive\Desktop\MathsScript-wt-w212-axiom\tests\numerical\test_bessel_ref.cpp for CXX dependencies
[372/1759] Scanning C:\Users\odinl\OneDrive\Desktop\MathsScript-wt-w212-axiom\tests\numerical\test_linalg_basic_ref.cpp for CXX dependencies
[373/1759] Scanning C:\Users\odinl\OneDrive\Desktop\MathsScript-wt-w212-axiom\tests\numerical\test_special_ref.cpp for CXX dependencies
[374/1759] Scanning C:\Users\odinl\OneDrive\Desktop\MathsScript-wt-w212-axiom\tests\numerical\test_fft_ref.cpp for CXX dependencies
[375/1759] Scanning C:\Users\odinl\OneDrive\Desktop\MathsScript-wt-w212-axiom\tests\numerical\test_linalg_qr_ref.cpp for CXX dependencies
[376/1759] Scanning C:\Users\odinl\OneDrive\Desktop\MathsScript-wt-w212-axiom\tests\numerical\test_linalg_ref.cpp for CXX dependencies
[377/1759] Scanning C:\Users\odinl\OneDrive\Desktop\MathsScript-wt-w212-axiom\tests\numerical\test_fft_extended_ref.cpp for CXX dependencies
[378/1759] Scanning C:\Users\odinl\OneDrive\Desktop\MathsScript-wt-w212-axiom\tests\numerical\test_matrix_construction_ref.cpp for CXX dependencies
[379/1759] Scanning C:\Users\odinl\OneDrive\Desktop\MathsScript-wt-w212-axiom\tests\numerical\test_sparse_ref.cpp for CXX dependencies
[380/1759] Scanning C:\Users\odinl\OneDrive\Desktop\MathsScript-wt-w212-axiom\tests\numerical\test_signal_ref.cpp for CXX dependencies
[381/1759] Scanning C:\Users\odinl\OneDrive\Desktop\MathsScript-wt-w212-axiom\tests\numerical\test_iterative_ref.cpp for CXX dependencies
[382/1759] Scanning C:\Users\odinl\OneDrive\Desktop\MathsScript-wt-w212-axiom\tests\numerical\test_ode_ref.cpp for CXX dependencies
[383/1759] Building CXX object src\domain\CMakeFiles\ms_domain.dir\domain.cpp.obj
[384/1759] Building CXX object src\prob\CMakeFiles\ms_prob.dir\prob.cpp.obj
[385/1759] Building CXX object src\ml\CMakeFiles\ms_ml.dir\ml.cpp.obj
C:\Users\odinl\OneDrive\Desktop\MathsScript-wt-w212-axiom\src\ml\ml.cpp(29): warning C4267: 'initializing': conversion from 'size_t' to 'int', possible loss of data
C:\Users\odinl\OneDrive\Desktop\MathsScript-wt-w212-axiom\src\ml\ml.cpp(29): warning C4267: 'initializing': conversion from 'size_t' to 'int', possible loss of data
C:\Users\odinl\OneDrive\Desktop\MathsScript-wt-w212-axiom\src\ml\ml.cpp(35): warning C4267: 'initializing': conversion from 'size_t' to 'int', possible loss of data
C:\Users\odinl\OneDrive\Desktop\MathsScript-wt-w212-axiom\src\ml\ml.cpp(35): warning C4267: 'initializing': conversion from 'size_t' to 'int', possible loss of data
C:\Users\odinl\OneDrive\Desktop\MathsScript-wt-w212-axiom\src\ml\ml.cpp(35): warning C4267: 'initializing': conversion from 'size_t' to 'int', possible loss of data
C:\Users\odinl\OneDrive\Desktop\MathsScript-wt-w212-axiom\src\ml\ml.cpp(42): warning C4267: 'initializing': conversion from 'size_t' to 'int', possible loss of data
C:\Users\odinl\OneDrive\Desktop\MathsScript-wt-w212-axiom\src\ml\ml.cpp(42): warning C4267: 'initializing': conversion from 'size_t' to 'int', possible loss of data
C:\Users\odinl\OneDrive\Desktop\MathsScript-wt-w212-axiom\src\ml\ml.cpp(78): warning C4267: 'initializing': conversion from 'size_t' to 'int', possible loss of data
C:\Users\odinl\OneDrive\Desktop\MathsScript-wt-w212-axiom\src\ml\ml.cpp(119): warning C4267: 'initializing': conversion from 'size_t' to 'int', possible loss of data
C:\Users\odinl\OneDrive\Desktop\MathsScript-wt-w212-axiom\src\ml\ml.cpp(143): warning C4267: 'initializing': conversion from 'size_t' to 'int', possible loss of data
C:\Users\odinl\OneDrive\Desktop\MathsScript-wt-w212-axiom\src\ml\ml.cpp(143): warning C4267: 'initializing': conversion from 'size_t' to 'int', possible loss of data
C:\Users\odinl\OneDrive\Desktop\MathsScript-wt-w212-axiom\src\ml\ml.cpp(175): warning C4267: 'initializing': conversion from 'size_t' to 'int', possible loss of data
C:\Users\odinl\OneDrive\Desktop\MathsScript-wt-w212-axiom\src\ml\ml.cpp(175): warning C4267: 'initializing': conversion from 'size_t' to 'int', possible loss of data
C:\Users\odinl\OneDrive\Desktop\MathsScript-wt-w212-axiom\src\ml\ml.cpp(208): warning C4267: 'initializing': conversion from 'size_t' to 'int', possible loss of data
C:\Users\odinl\OneDrive\Desktop\MathsScript-wt-w212-axiom\src\ml\ml.cpp(208): warning C4267: 'initializing': conversion from 'size_t' to 'int', possible loss of data
C:\Users\odinl\OneDrive\Desktop\MathsScript-wt-w212-axiom\src\ml\ml.cpp(260): warning C4267: 'initializing': conversion from 'size_t' to 'int', possible loss of data
C:\Users\odinl\OneDrive\Desktop\MathsScript-wt-w212-axiom\src\ml\ml.cpp(260): warning C4267: 'initializing': conversion from 'size_t' to 'int', possible loss of data
C:\Users\odinl\OneDrive\Desktop\MathsScript-wt-w212-axiom\src\ml\ml.cpp(260): warning C4267: 'initializing': conversion from 'size_t' to 'int', possible loss of data
C:\Users\odinl\OneDrive\Desktop\MathsScript-wt-w212-axiom\src\ml\ml.cpp(264): warning C4244: 'initializing': conversion from '__int64' to 'int', possible loss of data
C:\Users\odinl\OneDrive\Desktop\MathsScript-wt-w212-axiom\src\ml\ml.cpp(270): warning C4244: 'initializing': conversion from '__int64' to 'int', possible loss of data
C:\Users\odinl\OneDrive\Desktop\MathsScript-wt-w212-axiom\src\ml\ml.cpp(277): warning C4267: 'initializing': conversion from 'size_t' to 'int', possible loss of data
C:\Users\odinl\OneDrive\Desktop\MathsScript-wt-w212-axiom\src\ml\ml.cpp(277): warning C4267: 'initializing': conversion from 'size_t' to 'int', possible loss of data
C:\Users\odinl\OneDrive\Desktop\MathsScript-wt-w212-axiom\src\ml\ml.cpp(619): warning C4267: 'initializing': conversion from 'size_t' to 'int', possible loss of data
C:\Users\odinl\OneDrive\Desktop\MathsScript-wt-w212-axiom\src\ml\ml.cpp(631): warning C4267: 'initializing': conversion from 'size_t' to 'int', possible loss of data
C:\Users\odinl\OneDrive\Desktop\MathsScript-wt-w212-axiom\src\ml\ml.cpp(918): warning C4267: 'initializing': conversion from 'size_t' to 'int', possible loss of data
C:\Users\odinl\OneDrive\Desktop\MathsScript-wt-w212-axiom\src\ml\ml.cpp(918): warning C4267: 'initializing': conversion from 'size_t' to 'int', possible loss of data
C:\Users\odinl\OneDrive\Desktop\MathsScript-wt-w212-axiom\src\ml\ml.cpp(951): warning C4244: 'argument': conversion from '_Ty' to 'const unsigned __int64', possible loss of data
        with
        [
            _Ty=double
        ]
C:\Users\odinl\OneDrive\Desktop\MathsScript-wt-w212-axiom\src\ml\ml.cpp(951): warning C4244: 'argument': conversion from '_Ty' to 'const unsigned __int64', possible loss of data
        with
        [
            _Ty=double
        ]
C:\Users\odinl\OneDrive\Desktop\MathsScript-wt-w212-axiom\src\ml\ml.cpp(990): warning C4189: 'p': local variable is initialized but not referenced
C:\Users\odinl\OneDrive\Desktop\MathsScript-wt-w212-axiom\src\ml\ml.cpp(1214): warning C4267: 'initializing': conversion from 'size_t' to 'int', possible loss of data
C:\Users\odinl\OneDrive\Desktop\MathsScript-wt-w212-axiom\src\ml\ml.cpp(1479): warning C4267: 'initializing': conversion from 'size_t' to 'int', possible loss of data
C:\Users\odinl\OneDrive\Desktop\MathsScript-wt-w212-axiom\src\ml\ml.cpp(1520): warning C4267: 'initializing': conversion from 'size_t' to 'int', possible loss of data
C:\Users\odinl\OneDrive\Desktop\MathsScript-wt-w212-axiom\src\ml\ml.cpp(1520): warning C4267: 'initializing': conversion from 'size_t' to 'int', possible loss of data
C:\Users\odinl\OneDrive\Desktop\MathsScript-wt-w212-axiom\src\ml\ml.cpp(1566): warning C4267: 'initializing': conversion from 'size_t' to 'int', possible loss of data
C:\Users\odinl\OneDrive\Desktop\MathsScript-wt-w212-axiom\src\ml\ml.cpp(1566): warning C4267: 'initializing': conversion from 'size_t' to 'int', possible loss of data
C:\Users\odinl\OneDrive\Desktop\MathsScript-wt-w212-axiom\src\ml\ml.cpp(1583): warning C4267: 'initializing': conversion from 'size_t' to 'int', possible loss of data
C:\Users\odinl\OneDrive\Desktop\MathsScript-wt-w212-axiom\src\ml\ml.cpp(1583): warning C4267: 'initializing': conversion from 'size_t' to 'int', possible loss of data
C:\Users\odinl\OneDrive\Desktop\MathsScript-wt-w212-axiom\src\ml\ml.cpp(1594): warning C4267: 'initializing': conversion from 'size_t' to 'int', possible loss of data
C:\Users\odinl\OneDrive\Desktop\MathsScript-wt-w212-axiom\src\ml\ml.cpp(1594): warning C4267: 'initializing': conversion from 'size_t' to 'int', possible loss of data
C:\Users\odinl\OneDrive\Desktop\MathsScript-wt-w212-axiom\src\ml\ml.cpp(1594): warning C4267: 'initializing': conversion from 'size_t' to 'int', possible loss of data
C:\Users\odinl\OneDrive\Desktop\MathsScript-wt-w212-axiom\src\ml\ml.cpp(1607): warning C4267: 'initializing': conversion from 'size_t' to 'int', possible loss of data
C:\Users\odinl\OneDrive\Desktop\MathsScript-wt-w212-axiom\src\ml\ml.cpp(1784): warning C4267: 'initializing': conversion from 'size_t' to 'int', possible loss of data
C:\Users\odinl\OneDrive\Desktop\MathsScript-wt-w212-axiom\src\ml\ml.cpp(1796): warning C4267: 'initializing': conversion from 'size_t' to 'int', possible loss of data
C:\Users\odinl\OneDrive\Desktop\MathsScript-wt-w212-axiom\src\ml\ml.cpp(1799): warning C4267: 'initializing': conversion from 'size_t' to 'int', possible loss of data
C:\Users\odinl\OneDrive\Desktop\MathsScript-wt-w212-axiom\src\ml\ml.cpp(1811): warning C4267: 'initializing': conversion from 'size_t' to 'int', possible loss of data
C:\Users\odinl\OneDrive\Desktop\MathsScript-wt-w212-axiom\src\ml\ml.cpp(1872): warning C4267: 'initializing': conversion from 'size_t' to 'int', possible loss of data
C:\Users\odinl\OneDrive\Desktop\MathsScript-wt-w212-axiom\src\ml\ml.cpp(1884): warning C4267: 'initializing': conversion from 'size_t' to 'int', possible loss of data
C:\Users\odinl\OneDrive\Desktop\MathsScript-wt-w212-axiom\src\ml\ml.cpp(1884): warning C4267: 'initializing': conversion from 'size_t' to 'int', possible loss of data
C:\Users\odinl\OneDrive\Desktop\MathsScript-wt-w212-axiom\src\ml\ml.cpp(1884): warning C4267: 'initializing': conversion from 'size_t' to 'int', possible loss of data
C:\Users\odinl\OneDrive\Desktop\MathsScript-wt-w212-axiom\src\ml\ml.cpp(1889): warning C4267: 'argument': conversion from 'size_t' to '_Ty', possible loss of data
        with
        [
            _Ty=int
        ]
C:\Users\odinl\OneDrive\Desktop\MathsScript-wt-w212-axiom\src\ml\ml.cpp(1910): warning C4267: 'initializing': conversion from 'size_t' to 'int', possible loss of data
C:\Users\odinl\OneDrive\Desktop\MathsScript-wt-w212-axiom\src\ml\ml.cpp(1934): warning C4267: 'initializing': conversion from 'size_t' to 'int', possible loss of data
C:\Users\odinl\OneDrive\Desktop\MathsScript-wt-w212-axiom\src\ml\ml.cpp(1934): warning C4267: 'initializing': conversion from 'size_t' to 'int', possible loss of data
C:\Users\odinl\OneDrive\Desktop\MathsScript-wt-w212-axiom\src\ml\ml.cpp(1959): warning C4267: 'initializing': conversion from 'size_t' to 'int', possible loss of data
C:\Users\odinl\OneDrive\Desktop\MathsScript-wt-w212-axiom\src\ml\ml.cpp(2137): warning C4267: 'initializing': conversion from 'size_t' to 'int', possible loss of data
C:\Users\odinl\OneDrive\Desktop\MathsScript-wt-w212-axiom\src\ml\ml.cpp(2144): warning C4267: 'initializing': conversion from 'size_t' to 'int', possible loss of data
C:\Users\odinl\OneDrive\Desktop\MathsScript-wt-w212-axiom\src\ml\ml.cpp(2150): warning C4267: 'initializing': conversion from 'size_t' to 'int', possible loss of data
C:\Users\odinl\OneDrive\Desktop\MathsScript-wt-w212-axiom\src\ml\ml.cpp(2155): warning C4267: 'initializing': conversion from 'size_t' to 'int', possible loss of data
C:\Users\odinl\OneDrive\Desktop\MathsScript-wt-w212-axiom\src\ml\ml.cpp(2161): warning C4267: 'initializing': conversion from 'size_t' to 'int', possible loss of data
C:\Users\odinl\OneDrive\Desktop\MathsScript-wt-w212-axiom\src\ml\ml.cpp(2171): warning C4267: 'initializing': conversion from 'size_t' to 'int', possible loss of data
C:\Users\odinl\OneDrive\Desktop\MathsScript-wt-w212-axiom\src\ml\ml.cpp(2186): warning C4267: 'initializing': conversion from 'size_t' to 'int', possible loss of data
[386/1759] Linking CXX static library src\domain\ms_domain.lib
[387/1759] Building CXX object src\symbolic\CMakeFiles\ms_symbolic.dir\sym_parser.cpp.obj
[388/1759] Building CXX object src\linalg\CMakeFiles\ms_linalg.dir\construction.cpp.obj
[389/1759] Building CXX object src\linalg\CMakeFiles\ms_linalg.dir\expm.cpp.obj
[390/1759] Scanning C:\Users\odinl\OneDrive\Desktop\MathsScript-wt-w212-axiom\tests\numerical\test_linalg_decomp_ref.cpp for CXX dependencies
[391/1759] Building CXX object src\runtime\CMakeFiles\ms_runtime.dir\thread_pool.cpp.obj
[392/1759] Building CXX object src\optim\CMakeFiles\ms_optim.dir\optim.cpp.obj
[393/1759] Building CXX object src\distributed\CMakeFiles\ms_distributed.dir\dist_matrix.cpp.obj
[394/1759] Linking CXX static library src\prob\ms_prob.lib
[395/1759] Scanning C:\Users\odinl\OneDrive\Desktop\MathsScript-wt-w212-axiom\tests\numerical\test_core_ops_ref.cpp for CXX dependencies
[396/1759] Linking CXX static library src\symbolic\ms_symbolic.lib
[397/1759] Scanning C:\Users\odinl\OneDrive\Desktop\MathsScript-wt-w212-axiom\tests\numerical\test_fft_ext_ref.cpp for CXX dependencies
[398/1759] Scanning C:\Users\odinl\OneDrive\Desktop\MathsScript-wt-w212-axiom\tests\numerical\test_signal_correlate_ode_ref.cpp for CXX dependencies
[399/1759] Building CXX object src\runtime\CMakeFiles\ms_runtime.dir\cpu\lapack_dgels.cpp.obj
[400/1759] Building CXX object src\linalg\CMakeFiles\ms_linalg.dir\lu.cpp.obj
[401/1759] Linking CXX static library src\optim\ms_optim.lib
[402/1759] Scanning C:\Users\odinl\OneDrive\Desktop\MathsScript-wt-w212-axiom\tests\numerical\test_special_group2_ref.cpp for CXX dependencies
[403/1759] Scanning C:\Users\odinl\OneDrive\Desktop\MathsScript-wt-w212-axiom\tests\numerical\test_signal_windows_ref.cpp for CXX dependencies
[404/1759] Scanning C:\Users\odinl\OneDrive\Desktop\MathsScript-wt-w212-axiom\tests\numerical\test_iterative_solvers_ref.cpp for CXX dependencies
[405/1759] Scanning C:\Users\odinl\OneDrive\Desktop\MathsScript-wt-w212-axiom\tests\numerical\test_special_adv2.cpp for CXX dependencies
[406/1759] Scanning C:\Users\odinl\OneDrive\Desktop\MathsScript-wt-w212-axiom\tests\numerical\test_ode_adv2.cpp for CXX dependencies
[407/1759] Scanning C:\Users\odinl\OneDrive\Desktop\MathsScript-wt-w212-axiom\tests\numerical\test_pde_adv2.cpp for CXX dependencies
[408/1759] Scanning C:\Users\odinl\OneDrive\Desktop\MathsScript-wt-w212-axiom\tests\numerical\test_linalg_svd_adv.cpp for CXX dependencies
[409/1759] Scanning C:\Users\odinl\OneDrive\Desktop\MathsScript-wt-w212-axiom\tests\numerical\test_core_ops_adv.cpp for CXX dependencies
[410/1759] Building CXX object src\frameworks\CMakeFiles\ms_frameworks.dir\gria\gria.cpp.obj
[411/1759] Building CXX object src\exe\CMakeFiles\mathscript-server.dir\mathscript_server.cpp.obj
[412/1759] Scanning C:\Users\odinl\OneDrive\Desktop\MathsScript-wt-w212-axiom\tests\numerical\test_linalg_decomp_adv.cpp for CXX dependencies
[413/1759] Scanning C:\Users\odinl\OneDrive\Desktop\MathsScript-wt-w212-axiom\tests\numerical\test_fft_dct_adv.cpp for CXX dependencies
[414/1759] Scanning C:\Users\odinl\OneDrive\Desktop\MathsScript-wt-w212-axiom\tests\numerical\test_stats_advanced_ref.cpp for CXX dependencies
[415/1759] Scanning C:\Users\odinl\OneDrive\Desktop\MathsScript-wt-w212-axiom\tests\numerical\test_linalg_iterative_adv.cpp for CXX dependencies
[416/1759] Scanning C:\Users\odinl\OneDrive\Desktop\MathsScript-wt-w212-axiom\tests\numerical\test_special_group4_ref.cpp for CXX dependencies
[417/1759] Scanning C:\Users\odinl\OneDrive\Desktop\MathsScript-wt-w212-axiom\tests\numerical\test_fft_prob_remaining.cpp for CXX dependencies
[418/1759] Scanning C:\Users\odinl\OneDrive\Desktop\MathsScript-wt-w212-axiom\tests\numerical\test_ode_advanced_ref.cpp for CXX dependencies
[419/1759] Scanning C:\Users\odinl\OneDrive\Desktop\MathsScript-wt-w212-axiom\tests\numerical\test_linalg_cond_rank.cpp for CXX dependencies
[420/1759] Scanning C:\Users\odinl\OneDrive\Desktop\MathsScript-wt-w212-axiom\tests\numerical\test_linalg_ldl_eig.cpp for CXX dependencies
[421/1759] Scanning C:\Users\odinl\OneDrive\Desktop\MathsScript-wt-w212-axiom\tests\numerical\test_linalg_hess_schur_ref.cpp for CXX dependencies
[422/1759] Scanning C:\Users\odinl\OneDrive\Desktop\MathsScript-wt-w212-axiom\tests\numerical\test_linalg_hess_lsq.cpp for CXX dependencies
[423/1759] Scanning C:\Users\odinl\OneDrive\Desktop\MathsScript-wt-w212-axiom\tests\numerical\test_fft_transforms_adv.cpp for CXX dependencies
[424/1759] Scanning C:\Users\odinl\OneDrive\Desktop\MathsScript-wt-w212-axiom\tests\numerical\test_special_gamma_adv.cpp for CXX dependencies
[425/1759] Scanning C:\Users\odinl\OneDrive\Desktop\MathsScript-wt-w212-axiom\tests\numerical\test_stats_signal_sym_adv.cpp for CXX dependencies
[426/1759] Building CXX object src\tensorops\CMakeFiles\ms_tensorops.dir\tensorops.cpp.obj
C:\Users\odinl\OneDrive\Desktop\MathsScript-wt-w212-axiom\src\tensorops\tensorops.cpp(272): warning C4267: 'initializing': conversion from 'size_t' to 'int', possible loss of data
C:\Users\odinl\OneDrive\Desktop\MathsScript-wt-w212-axiom\src\tensorops\tensorops.cpp(272): warning C4267: 'initializing': conversion from 'size_t' to 'int', possible loss of data
C:\Users\odinl\OneDrive\Desktop\MathsScript-wt-w212-axiom\src\tensorops\tensorops.cpp(272): warning C4267: 'initializing': conversion from 'size_t' to 'int', possible loss of data
C:\Users\odinl\OneDrive\Desktop\MathsScript-wt-w212-axiom\src\tensorops\tensorops.cpp(272): warning C4267: 'initializing': conversion from 'size_t' to 'int', possible loss of data
C:\Users\odinl\OneDrive\Desktop\MathsScript-wt-w212-axiom\src\tensorops\tensorops.cpp(340): warning C4267: 'initializing': conversion from 'size_t' to 'int', possible loss of data
C:\Users\odinl\OneDrive\Desktop\MathsScript-wt-w212-axiom\src\tensorops\tensorops.cpp(340): warning C4267: 'initializing': conversion from 'size_t' to 'int', possible loss of data
C:\Users\odinl\OneDrive\Desktop\MathsScript-wt-w212-axiom\src\tensorops\tensorops.cpp(340): warning C4267: 'initializing': conversion from 'size_t' to 'int', possible loss of data
C:\Users\odinl\OneDrive\Desktop\MathsScript-wt-w212-axiom\src\tensorops\tensorops.cpp(350): warning C4267: 'initializing': conversion from 'size_t' to 'int', possible loss of data
C:\Users\odinl\OneDrive\Desktop\MathsScript-wt-w212-axiom\src\tensorops\tensorops.cpp(350): warning C4267: 'initializing': conversion from 'size_t' to 'int', possible loss of data
C:\Users\odinl\OneDrive\Desktop\MathsScript-wt-w212-axiom\src\tensorops\tensorops.cpp(360): warning C4267: 'initializing': conversion from 'size_t' to 'int', possible loss of data
C:\Users\odinl\OneDrive\Desktop\MathsScript-wt-w212-axiom\src\tensorops\tensorops.cpp(360): warning C4267: 'initializing': conversion from 'size_t' to 'int', possible loss of data
C:\Users\odinl\OneDrive\Desktop\MathsScript-wt-w212-axiom\src\tensorops\tensorops.cpp(383): warning C4267: 'initializing': conversion from 'size_t' to 'int', possible loss of data
C:\Users\odinl\OneDrive\Desktop\MathsScript-wt-w212-axiom\src\tensorops\tensorops.cpp(383): warning C4267: 'initializing': conversion from 'size_t' to 'int', possible loss of data
C:\Users\odinl\OneDrive\Desktop\MathsScript-wt-w212-axiom\src\tensorops\tensorops.cpp(396): warning C4267: 'initializing': conversion from 'size_t' to 'int', possible loss of data
C:\Users\odinl\OneDrive\Desktop\MathsScript-wt-w212-axiom\src\tensorops\tensorops.cpp(496): warning C4267: 'initializing': conversion from 'size_t' to 'int', possible loss of data
C:\Users\odinl\OneDrive\Desktop\MathsScript-wt-w212-axiom\src\tensorops\tensorops.cpp(496): warning C4267: 'initializing': conversion from 'size_t' to 'int', possible loss of data
C:\Users\odinl\OneDrive\Desktop\MathsScript-wt-w212-axiom\src\tensorops\tensorops.cpp(391): warning C4505: 'ms::tensorops::mat_pinv': unreferenced function with internal linkage has been removed
[427/1759] Scanning C:\Users\odinl\OneDrive\Desktop\MathsScript-wt-w212-axiom\tests\numerical\test_pde_adv.cpp for CXX dependencies
[428/1759] Scanning C:\Users\odinl\OneDrive\Desktop\MathsScript-wt-w212-axiom\tests\numerical\test_linalg_logm_sqrtm.cpp for CXX dependencies
[429/1759] Scanning C:\Users\odinl\OneDrive\Desktop\MathsScript-wt-w212-axiom\tests\numerical\test_linalg_norm_cg_adv.cpp for CXX dependencies
[430/1759] Scanning C:\Users\odinl\OneDrive\Desktop\MathsScript-wt-w212-axiom\tests\numerical\test_prob_adv.cpp for CXX dependencies
[431/1759] Scanning C:\Users\odinl\OneDrive\Desktop\MathsScript-wt-w212-axiom\tests\numerical\test_pde_ref.cpp for CXX dependencies
[432/1759] Scanning C:\Users\odinl\OneDrive\Desktop\MathsScript-wt-w212-axiom\tests\numerical\test_fft_phase_energy.cpp for CXX dependencies
[433/1759] Scanning C:\Users\odinl\OneDrive\Desktop\MathsScript-wt-w212-axiom\tests\numerical\test_linalg_struct_adv.cpp for CXX dependencies
[434/1759] Scanning C:\Users\odinl\OneDrive\Desktop\MathsScript-wt-w212-axiom\tests\numerical\test_special_painleve_ref.cpp for CXX dependencies
[435/1759] Scanning C:\Users\odinl\OneDrive\Desktop\MathsScript-wt-w212-axiom\tests\numerical\test_special_advanced_ref.cpp for CXX dependencies
[436/1759] Scanning C:\Users\odinl\OneDrive\Desktop\MathsScript-wt-w212-axiom\tests\numerical\test_special_ext_ref.cpp for CXX dependencies
[437/1759] Scanning C:\Users\odinl\OneDrive\Desktop\MathsScript-wt-w212-axiom\tests\numerical\test_special_group3_ref.cpp for CXX dependencies
[438/1759] Scanning C:\Users\odinl\OneDrive\Desktop\MathsScript-wt-w212-axiom\tests\numerical\test_fft_adv2.cpp for CXX dependencies
[439/1759] Scanning C:\Users\odinl\OneDrive\Desktop\MathsScript-wt-w212-axiom\tests\numerical\test_special_group1_ref.cpp for CXX dependencies
[440/1759] Building CXX object src\linalg\CMakeFiles\ms_linalg.dir\iterative.cpp.obj
C:\Users\odinl\OneDrive\Desktop\MathsScript-wt-w212-axiom\src\linalg\iterative.cpp(266): warning C4189: 'eps': local variable is initialized but not referenced
C:\Users\odinl\OneDrive\Desktop\MathsScript-wt-w212-axiom\src\linalg\iterative.cpp(266): note: the template instantiation context (the oldest one first) is
C:\Users\odinl\OneDrive\Desktop\MathsScript-wt-w212-axiom\src\linalg\iterative.cpp(297): note: see reference to function template instantiation 'std::expected<ms::Matrix<double,ms::StorageOrder::ColMajor,std::allocator>,ms::Error> ms::minres<double,ms::StorageOrder::ColMajor,std::allocator>(const ms::Matrix<double,ms::StorageOrder::ColMajor,std::allocator> &,const ms::Matrix<double,ms::StorageOrder::ColMajor,std::allocator> &,size_t,double)' being compiled
[441/1759] Scanning C:\Users\odinl\OneDrive\Desktop\MathsScript-wt-w212-axiom\tests\numerical\test_fft_dct_prob_ref.cpp for CXX dependencies
[442/1759] Building CXX object src\linalg\CMakeFiles\ms_linalg.dir\matrix_funcs.cpp.obj
[443/1759] Building CXX object src\linalg\CMakeFiles\ms_linalg.dir\norm.cpp.obj
[444/1759] Scanning C:\Users\odinl\OneDrive\Desktop\MathsScript-wt-w212-axiom\tests\numerical\test_linalg_iter_adv.cpp for CXX dependencies
[445/1759] Scanning C:\Users\odinl\OneDrive\Desktop\MathsScript-wt-w212-axiom\tests\numerical\test_special_erf_adv.cpp for CXX dependencies
[446/1759] Scanning C:\Users\odinl\OneDrive\Desktop\MathsScript-wt-w212-axiom\tests\numerical\test_special_dlmf_extended.cpp for CXX dependencies
[447/1759] Scanning C:\Users\odinl\OneDrive\Desktop\MathsScript-wt-w212-axiom\tests\numerical\test_ode_adaptive.cpp for CXX dependencies
[448/1759] Scanning C:\Users\odinl\OneDrive\Desktop\MathsScript-wt-w212-axiom\tests\numerical\test_rng_adv.cpp for CXX dependencies
[449/1759] Scanning C:\Users\odinl\OneDrive\Desktop\MathsScript-wt-w212-axiom\tests\integration\test_wave60_pipeline.cpp for CXX dependencies
[450/1759] Building CXX object src\distributed\CMakeFiles\ms_distributed.dir\solve.cpp.obj
[451/1759] Building CXX object src\linalg\CMakeFiles\ms_linalg.dir\decompositions.cpp.obj
[452/1759] Building CXX object src\linalg\CMakeFiles\ms_linalg.dir\transpose.cpp.obj
[453/1759] Building CXX object src\frameworks\CMakeFiles\ms_frameworks.dir\cellai\cellai.cpp.obj
[454/1759] Scanning C:\Users\odinl\OneDrive\Desktop\MathsScript-wt-w212-axiom\tests\integration\test_prob_stats_pipeline.cpp for CXX dependencies
[455/1759] Scanning C:\Users\odinl\OneDrive\Desktop\MathsScript-wt-w212-axiom\tests\numerical\test_poly_advanced2.cpp for CXX dependencies
[456/1759] Scanning C:\Users\odinl\OneDrive\Desktop\MathsScript-wt-w212-axiom\tests\numerical\test_stats_regression_adv.cpp for CXX dependencies
[457/1759] Scanning C:\Users\odinl\OneDrive\Desktop\MathsScript-wt-w212-axiom\tests\numerical\test_linalg_tril_triu.cpp for CXX dependencies
[458/1759] Building CXX object src\poly\CMakeFiles\ms_poly.dir\poly.cpp.obj
[459/1759] Building CXX object src\frameworks\CMakeFiles\ms_frameworks.dir\cypha\cypha.cpp.obj
[460/1759] Linking CXX static library src\tensorops\ms_tensorops.lib
[461/1759] Building CXX object src\linalg\CMakeFiles\ms_linalg.dir\solve.cpp.obj
[462/1759] Building CXX object src\linalg\CMakeFiles\ms_linalg.dir\svd.cpp.obj
[463/1759] Building CXX object src\control\CMakeFiles\ms_control.dir\control.cpp.obj
[464/1759] Scanning C:\Users\odinl\OneDrive\Desktop\MathsScript-wt-w212-axiom\tests\integration\test_wave57_60_pipeline.cpp for CXX dependencies
[465/1759] Scanning C:\Users\odinl\OneDrive\Desktop\MathsScript-wt-w212-axiom\tests\numerical\test_linalg_new_funcs.cpp for CXX dependencies
[466/1759] Scanning C:\Users\odinl\OneDrive\Desktop\MathsScript-wt-w212-axiom\tests\integration\test_wave66_full_pipeline.cpp for CXX dependencies
[467/1759] Scanning C:\Users\odinl\OneDrive\Desktop\MathsScript-wt-w212-axiom\tests\integration\test_jit_repl_parity.cpp for CXX dependencies
[468/1759] Scanning C:\Users\odinl\OneDrive\Desktop\MathsScript-wt-w212-axiom\tests\integration\test_repl_pipeline.cpp for CXX dependencies
[469/1759] Scanning C:\Users\odinl\OneDrive\Desktop\MathsScript-wt-w212-axiom\tests\numerical\test_stats_timeseries.cpp for CXX dependencies
[470/1759] Building CXX object src\exe\CMakeFiles\mathscript-repl.dir\repl.cpp.obj
C:\Users\odinl\OneDrive\Desktop\MathsScript-wt-w212-axiom\include\ms/memory/pinned_allocator.hpp(18): warning C4100: 'n': unreferenced parameter
[471/1759] Building CXX object src\frameworks\CMakeFiles\ms_frameworks.dir\axiom\axiom.cpp.obj
[472/1759] Scanning C:\Users\odinl\OneDrive\Desktop\MathsScript-wt-w212-axiom\tests\integration\test_stats_linalg_pipeline.cpp for CXX dependencies
[473/1759] Scanning C:\Users\odinl\OneDrive\Desktop\MathsScript-wt-w212-axiom\tests\integration\test_repl_wave67_pipeline.cpp for CXX dependencies
[474/1759] Building CXX object src\linalg\CMakeFiles\ms_linalg.dir\zeros.cpp.obj
[475/1759] Building CXX object src\interp\CMakeFiles\ms_interp.dir\jit_backend_factory.cpp.obj
[476/1759] Building CXX object src\graph\CMakeFiles\ms_graph.dir\graph.cpp.obj
[477/1759] Building CXX object src\interp\CMakeFiles\ms_interp.dir\jit_orc_stub.cpp.obj
[478/1759] Linking CXX static library src\frameworks\ms_frameworks.lib
[479/1759] Scanning C:\Users\odinl\OneDrive\Desktop\MathsScript-wt-w212-axiom\tests\integration\test_ode_stats_prob_pipeline.cpp for CXX dependencies
[480/1759] Scanning C:\Users\odinl\OneDrive\Desktop\MathsScript-wt-w212-axiom\tests\integration\test_poly_fft_pipeline.cpp for CXX dependencies
[481/1759] Scanning C:\Users\odinl\OneDrive\Desktop\MathsScript-wt-w212-axiom\tests\integration\test_symbolic_numeric_pipeline.cpp for CXX dependencies
[482/1759] Scanning C:\Users\odinl\OneDrive\Desktop\MathsScript-wt-w212-axiom\tests\integration\test_signal_optim_pipeline.cpp for CXX dependencies
[483/1759] Building CXX object src\linalg\CMakeFiles\ms_linalg.dir\sylvester.cpp.obj
[484/1759] Scanning C:\Users\odinl\OneDrive\Desktop\MathsScript-wt-w212-axiom\tests\integration\test_prob_stats_signal_pipeline.cpp for CXX dependencies
[485/1759] Scanning C:\Users\odinl\OneDrive\Desktop\MathsScript-wt-w212-axiom\tests\integration\test_ode_optim_pipeline.cpp for CXX dependencies
[486/1759] Linking CXX static library src\control\ms_control.lib
[487/1759] Scanning C:\Users\odinl\OneDrive\Desktop\MathsScript-wt-w212-axiom\tests\integration\test_ode_pde_poly_pipeline.cpp for CXX dependencies
[488/1759] Scanning C:\Users\odinl\OneDrive\Desktop\MathsScript-wt-w212-axiom\tests\integration\test_pipeline_integration.cpp for CXX dependencies
[489/1759] Scanning C:\Users\odinl\OneDrive\Desktop\MathsScript-wt-w212-axiom\tests\integration\test_ode_pde_pipeline.cpp for CXX dependencies
[490/1759] Scanning C:\Users\odinl\OneDrive\Desktop\MathsScript-wt-w212-axiom\tests\integration\test_repl_wave69_pipeline.cpp for CXX dependencies
[491/1759] Scanning C:\Users\odinl\OneDrive\Desktop\MathsScript-wt-w212-axiom\tests\integration\test_repl_wave68_pipeline.cpp for CXX dependencies
[492/1759] Scanning C:\Users\odinl\OneDrive\Desktop\MathsScript-wt-w212-axiom\tests\integration\test_wave58_pipeline.cpp for CXX dependencies
[493/1759] Scanning C:\Users\odinl\OneDrive\Desktop\MathsScript-wt-w212-axiom\tests\integration\test_stats_optim_linalg_pipeline.cpp for CXX dependencies
[494/1759] Scanning C:\Users\odinl\OneDrive\Desktop\MathsScript-wt-w212-axiom\tests\integration\test_symbolic_optim_pipeline.cpp for CXX dependencies
[495/1759] Scanning C:\Users\odinl\OneDrive\Desktop\MathsScript-wt-w212-axiom\tests\integration\test_repl_wave71_pipeline.cpp for CXX dependencies
[496/1759] Scanning C:\Users\odinl\OneDrive\Desktop\MathsScript-wt-w212-axiom\tests\integration\test_frameworks_pipeline.cpp for CXX dependencies
[497/1759] Scanning C:\Users\odinl\OneDrive\Desktop\MathsScript-wt-w212-axiom\tests\integration\test_signal_fft_pipeline.cpp for CXX dependencies
[498/1759] Scanning C:\Users\odinl\OneDrive\Desktop\MathsScript-wt-w212-axiom\tests\integration\test_repl_wave78_pipeline.cpp for CXX dependencies
[499/1759] Scanning C:\Users\odinl\OneDrive\Desktop\MathsScript-wt-w212-axiom\tests\integration\test_fft_stats_pipeline.cpp for CXX dependencies
[500/1759] Scanning C:\Users\odinl\OneDrive\Desktop\MathsScript-wt-w212-axiom\tests\integration\test_repl_wave72_pipeline.cpp for CXX dependencies
[501/1759] Scanning C:\Users\odinl\OneDrive\Desktop\MathsScript-wt-w212-axiom\tests\integration\test_repl_wave83_pipeline.cpp for CXX dependencies
[502/1759] Scanning C:\Users\odinl\OneDrive\Desktop\MathsScript-wt-w212-axiom\tests\integration\test_linalg_ode_pipeline.cpp for CXX dependencies
[503/1759] Scanning C:\Users\odinl\OneDrive\Desktop\MathsScript-wt-w212-axiom\tests\integration\test_framework_pipeline.cpp for CXX dependencies
[504/1759] Scanning C:\Users\odinl\OneDrive\Desktop\MathsScript-wt-w212-axiom\tests\integration\test_repl_wave74_pipeline.cpp for CXX dependencies
[505/1759] Scanning C:\Users\odinl\OneDrive\Desktop\MathsScript-wt-w212-axiom\tests\integration\test_repl_wave73_pipeline.cpp for CXX dependencies
[506/1759] Scanning C:\Users\odinl\OneDrive\Desktop\MathsScript-wt-w212-axiom\tests\integration\test_repl_linalg_pipeline.cpp for CXX dependencies
[507/1759] Scanning C:\Users\odinl\OneDrive\Desktop\MathsScript-wt-w212-axiom\tests\integration\test_repl_wave70_pipeline.cpp for CXX dependencies
[508/1759] Scanning C:\Users\odinl\OneDrive\Desktop\MathsScript-wt-w212-axiom\tests\integration\test_scientific_pipeline.cpp for CXX dependencies
[509/1759] Scanning C:\Users\odinl\OneDrive\Desktop\MathsScript-wt-w212-axiom\tests\integration\test_repl_wave79_pipeline.cpp for CXX dependencies
[510/1759] Scanning C:\Users\odinl\OneDrive\Desktop\MathsScript-wt-w212-axiom\tests\integration\test_repl_wave81_pipeline.cpp for CXX dependencies
[511/1759] Scanning C:\Users\odinl\OneDrive\Desktop\MathsScript-wt-w212-axiom\tests\integration\test_repl_wave77_pipeline.cpp for CXX dependencies
[512/1759] Scanning C:\Users\odinl\OneDrive\Desktop\MathsScript-wt-w212-axiom\tests\integration\test_repl_wave82_pipeline.cpp for CXX dependencies
[513/1759] Scanning C:\Users\odinl\OneDrive\Desktop\MathsScript-wt-w212-axiom\tests\integration\test_repl_wave76_pipeline.cpp for CXX dependencies
[514/1759] Scanning C:\Users\odinl\OneDrive\Desktop\MathsScript-wt-w212-axiom\tests\integration\test_repl_wave80_pipeline.cpp for CXX dependencies
[515/1759] Linking CXX static library src\graph\ms_graph.lib
[516/1759] Scanning C:\Users\odinl\OneDrive\Desktop\MathsScript-wt-w212-axiom\tests\integration\test_repl_wave75_pipeline.cpp for CXX dependencies
[517/1759] Building CXX object src\linalg\CMakeFiles\ms_linalg.dir\ones.cpp.obj
[518/1759] Linking CXX static library src\runtime\ms_runtime.lib
[519/1759] Building CXX object _deps\googletest-build\googletest\CMakeFiles\gtest.dir\src\gtest-all.cc.obj
[520/1759] Building CXX object src\interp\CMakeFiles\ms_interp.dir\plot_console.cpp.obj
[521/1759] Scanning C:\Users\odinl\OneDrive\Desktop\MathsScript-wt-w212-axiom\tests\integration\test_wave59_pipeline.cpp for CXX dependencies
[522/1759] Scanning C:\Users\odinl\OneDrive\Desktop\MathsScript-wt-w212-axiom\tests\integration\test_repl_wave87_pipeline.cpp for CXX dependencies
[523/1759] Scanning C:\Users\odinl\OneDrive\Desktop\MathsScript-wt-w212-axiom\tests\integration\test_repl_wave84_pipeline.cpp for CXX dependencies
[524/1759] Scanning C:\Users\odinl\OneDrive\Desktop\MathsScript-wt-w212-axiom\tests\integration\test_repl_wave93_pipeline.cpp for CXX dependencies
[525/1759] Scanning C:\Users\odinl\OneDrive\Desktop\MathsScript-wt-w212-axiom\tests\integration\test_repl_wave97_pipeline.cpp for CXX dependencies
[526/1759] Scanning C:\Users\odinl\OneDrive\Desktop\MathsScript-wt-w212-axiom\tests\integration\test_repl_wave91_pipeline.cpp for CXX dependencies
[527/1759] Scanning C:\Users\odinl\OneDrive\Desktop\MathsScript-wt-w212-axiom\tests\integration\test_repl_wave94_pipeline.cpp for CXX dependencies
[528/1759] Scanning C:\Users\odinl\OneDrive\Desktop\MathsScript-wt-w212-axiom\tests\integration\test_repl_wave88_pipeline.cpp for CXX dependencies
[529/1759] Linking CXX static library src\fft\ms_fft.lib
[530/1759] Scanning C:\Users\odinl\OneDrive\Desktop\MathsScript-wt-w212-axiom\tests\integration\test_repl_wave95_pipeline.cpp for CXX dependencies
[531/1759] Scanning C:\Users\odinl\OneDrive\Desktop\MathsScript-wt-w212-axiom\tests\integration\test_repl_wave85_pipeline.cpp for CXX dependencies
[532/1759] Scanning C:\Users\odinl\OneDrive\Desktop\MathsScript-wt-w212-axiom\tests\integration\test_repl_wave92_pipeline.cpp for CXX dependencies
[533/1759] Scanning C:\Users\odinl\OneDrive\Desktop\MathsScript-wt-w212-axiom\tests\integration\test_repl_wave99_pipeline.cpp for CXX dependencies
[534/1759] Linking CXX static library src\special\ms_special.lib
[535/1759] Building CXX object src\linalg\CMakeFiles\ms_linalg.dir\eig.cpp.obj
[536/1759] Scanning C:\Users\odinl\OneDrive\Desktop\MathsScript-wt-w212-axiom\tests\integration\test_repl_wave96_pipeline.cpp for CXX dependencies
[537/1759] Scanning C:\Users\odinl\OneDrive\Desktop\MathsScript-wt-w212-axiom\tests\integration\test_repl_wave98_pipeline.cpp for CXX dependencies
[538/1759] Scanning C:\Users\odinl\OneDrive\Desktop\MathsScript-wt-w212-axiom\tests\integration\test_repl_wave86_pipeline.cpp for CXX dependencies
[539/1759] Scanning C:\Users\odinl\OneDrive\Desktop\MathsScript-wt-w212-axiom\tests\integration\test_repl_wave100_pipeline.cpp for CXX dependencies
[540/1759] Scanning C:\Users\odinl\OneDrive\Desktop\MathsScript-wt-w212-axiom\tests\integration\test_repl_wave104_pipeline.cpp for CXX dependencies
[541/1759] Scanning C:\Users\odinl\OneDrive\Desktop\MathsScript-wt-w212-axiom\tests\integration\test_repl_wave101_pipeline.cpp for CXX dependencies
[542/1759] Scanning C:\Users\odinl\OneDrive\Desktop\MathsScript-wt-w212-axiom\tests\integration\test_repl_wave106_pipeline.cpp for CXX dependencies
[543/1759] Scanning C:\Users\odinl\OneDrive\Desktop\MathsScript-wt-w212-axiom\tests\integration\test_repl_wave108_pipeline.cpp for CXX dependencies
[544/1759] Scanning C:\Users\odinl\OneDrive\Desktop\MathsScript-wt-w212-axiom\tests\integration\test_repl_wave109_pipeline.cpp for CXX dependencies
[545/1759] Scanning C:\Users\odinl\OneDrive\Desktop\MathsScript-wt-w212-axiom\tests\integration\test_repl_wave102_pipeline.cpp for CXX dependencies
[546/1759] Scanning C:\Users\odinl\OneDrive\Desktop\MathsScript-wt-w212-axiom\tests\integration\test_repl_wave107_pipeline.cpp for CXX dependencies
[547/1759] Scanning C:\Users\odinl\OneDrive\Desktop\MathsScript-wt-w212-axiom\tests\integration\test_repl_wave105_pipeline.cpp for CXX dependencies
[548/1759] Scanning C:\Users\odinl\OneDrive\Desktop\MathsScript-wt-w212-axiom\tests\integration\test_repl_wave114_pipeline.cpp for CXX dependencies
[549/1759] Scanning C:\Users\odinl\OneDrive\Desktop\MathsScript-wt-w212-axiom\tests\integration\test_repl_wave112_pipeline.cpp for CXX dependencies
[550/1759] Building CXX object src\linalg\CMakeFiles\ms_linalg.dir\chol.cpp.obj
[551/1759] Scanning C:\Users\odinl\OneDrive\Desktop\MathsScript-wt-w212-axiom\tests\integration\test_repl_wave118_pipeline.cpp for CXX dependencies
[552/1759] Scanning C:\Users\odinl\OneDrive\Desktop\MathsScript-wt-w212-axiom\tests\integration\test_repl_wave113_pipeline.cpp for CXX dependencies
[553/1759] Scanning C:\Users\odinl\OneDrive\Desktop\MathsScript-wt-w212-axiom\tests\integration\test_repl_wave119_pipeline.cpp for CXX dependencies
[554/1759] Scanning C:\Users\odinl\OneDrive\Desktop\MathsScript-wt-w212-axiom\tests\integration\test_repl_wave103_pipeline.cpp for CXX dependencies
[555/1759] Building CXX object src\exe\CMakeFiles\mathscriptc.dir\mathscriptc.cpp.obj
[556/1759] Scanning C:\Users\odinl\OneDrive\Desktop\MathsScript-wt-w212-axiom\tests\integration\test_repl_wave140_pipeline.cpp for CXX dependencies
[557/1759] Scanning C:\Users\odinl\OneDrive\Desktop\MathsScript-wt-w212-axiom\tests\integration\test_repl_wave128_pipeline.cpp for CXX dependencies
[558/1759] Scanning C:\Users\odinl\OneDrive\Desktop\MathsScript-wt-w212-axiom\tests\integration\test_repl_wave116_pipeline.cpp for CXX dependencies
[559/1759] Scanning C:\Users\odinl\OneDrive\Desktop\MathsScript-wt-w212-axiom\tests\integration\test_repl_wave130_pipeline.cpp for CXX dependencies
[560/1759] Scanning C:\Users\odinl\OneDrive\Desktop\MathsScript-wt-w212-axiom\tests\integration\test_repl_wave138_pipeline.cpp for CXX dependencies
[561/1759] Scanning C:\Users\odinl\OneDrive\Desktop\MathsScript-wt-w212-axiom\tests\integration\test_repl_wave117_pipeline.cpp for CXX dependencies
[562/1759] Scanning C:\Users\odinl\OneDrive\Desktop\MathsScript-wt-w212-axiom\tests\integration\test_repl_wave133_pipeline.cpp for CXX dependencies
[563/1759] Scanning C:\Users\odinl\OneDrive\Desktop\MathsScript-wt-w212-axiom\tests\integration\test_repl_wave134_pipeline.cpp for CXX dependencies
[564/1759] Scanning C:\Users\odinl\OneDrive\Desktop\MathsScript-wt-w212-axiom\tests\integration\test_repl_wave131_pipeline.cpp for CXX dependencies
[565/1759] Scanning C:\Users\odinl\OneDrive\Desktop\MathsScript-wt-w212-axiom\tests\integration\test_repl_wave122_pipeline.cpp for CXX dependencies
[566/1759] Scanning C:\Users\odinl\OneDrive\Desktop\MathsScript-wt-w212-axiom\tests\integration\test_repl_wave127_pipeline.cpp for CXX dependencies
[567/1759] Scanning C:\Users\odinl\OneDrive\Desktop\MathsScript-wt-w212-axiom\tests\integration\test_repl_wave123_pipeline.cpp for CXX dependencies
[568/1759] Scanning C:\Users\odinl\OneDrive\Desktop\MathsScript-wt-w212-axiom\tests\integration\test_repl_wave124_pipeline.cpp for CXX dependencies
[569/1759] Scanning C:\Users\odinl\OneDrive\Desktop\MathsScript-wt-w212-axiom\tests\integration\test_repl_wave129_pipeline.cpp for CXX dependencies
[570/1759] Scanning C:\Users\odinl\OneDrive\Desktop\MathsScript-wt-w212-axiom\tests\integration\test_repl_wave137_pipeline.cpp for CXX dependencies
[571/1759] Scanning C:\Users\odinl\OneDrive\Desktop\MathsScript-wt-w212-axiom\tests\integration\test_repl_wave126_pipeline.cpp for CXX dependencies
[572/1759] Scanning C:\Users\odinl\OneDrive\Desktop\MathsScript-wt-w212-axiom\tests\integration\test_repl_wave132_pipeline.cpp for CXX dependencies
[573/1759] Scanning C:\Users\odinl\OneDrive\Desktop\MathsScript-wt-w212-axiom\tests\integration\test_repl_wave141_pipeline.cpp for CXX dependencies
[574/1759] Generating CXX dyndep file tests\CMakeFiles\test_solve.dir\CXX.dd
[575/1759] Scanning C:\Users\odinl\OneDrive\Desktop\MathsScript-wt-w212-axiom\tests\integration\test_repl_wave125_pipeline.cpp for CXX dependencies
[576/1759] Scanning C:\Users\odinl\OneDrive\Desktop\MathsScript-wt-w212-axiom\tests\integration\test_repl_wave120_pipeline.cpp for CXX dependencies
[577/1759] Generating CXX dyndep file tests\CMakeFiles\test_norm.dir\CXX.dd
[578/1759] Generating CXX dyndep file tests\CMakeFiles\test_fft_ext.dir\CXX.dd
[579/1759] Generating CXX dyndep file tests\CMakeFiles\test_qr.dir\CXX.dd
[580/1759] Scanning C:\Users\odinl\OneDrive\Desktop\MathsScript-wt-w212-axiom\tests\integration\test_repl_wave158_pipeline.cpp for CXX dependencies
[581/1759] Generating CXX dyndep file tests\CMakeFiles\test_lu.dir\CXX.dd
[582/1759] Scanning C:\Users\odinl\OneDrive\Desktop\MathsScript-wt-w212-axiom\tests\integration\test_repl_wave139_pipeline.cpp for CXX dependencies
[583/1759] Scanning C:\Users\odinl\OneDrive\Desktop\MathsScript-wt-w212-axiom\tests\integration\test_repl_wave135_pipeline.cpp for CXX dependencies
[584/1759] Scanning C:\Users\odinl\OneDrive\Desktop\MathsScript-wt-w212-axiom\tests\integration\test_repl_wave144_pipeline.cpp for CXX dependencies
[585/1759] Scanning C:\Users\odinl\OneDrive\Desktop\MathsScript-wt-w212-axiom\tests\integration\test_repl_wave146_pipeline.cpp for CXX dependencies
[586/1759] Scanning C:\Users\odinl\OneDrive\Desktop\MathsScript-wt-w212-axiom\tests\integration\test_repl_wave142_pipeline.cpp for CXX dependencies
[587/1759] Linking CXX static library lib\gtest.lib
[588/1759] Scanning C:\Users\odinl\OneDrive\Desktop\MathsScript-wt-w212-axiom\tests\integration\test_repl_wave145_pipeline.cpp for CXX dependencies
[589/1759] Scanning C:\Users\odinl\OneDrive\Desktop\MathsScript-wt-w212-axiom\tests\integration\test_repl_wave115_pipeline.cpp for CXX dependencies
[590/1759] Scanning C:\Users\odinl\OneDrive\Desktop\MathsScript-wt-w212-axiom\tests\integration\test_repl_wave152_pipeline.cpp for CXX dependencies
[591/1759] Scanning C:\Users\odinl\OneDrive\Desktop\MathsScript-wt-w212-axiom\tests\integration\test_repl_wave143_pipeline.cpp for CXX dependencies
[592/1759] Scanning C:\Users\odinl\OneDrive\Desktop\MathsScript-wt-w212-axiom\tests\integration\test_repl_wave136_pipeline.cpp for CXX dependencies
[593/1759] Scanning C:\Users\odinl\OneDrive\Desktop\MathsScript-wt-w212-axiom\tests\integration\test_repl_wave151_pipeline.cpp for CXX dependencies
[594/1759] Scanning C:\Users\odinl\OneDrive\Desktop\MathsScript-wt-w212-axiom\tests\integration\test_repl_wave121_pipeline.cpp for CXX dependencies
[595/1759] Generating CXX dyndep file tests\CMakeFiles\test_simd.dir\CXX.dd
[596/1759] Generating CXX dyndep file tests\CMakeFiles\test_stats_prob_ext.dir\CXX.dd
[597/1759] Generating CXX dyndep file tests\CMakeFiles\test_integration.dir\CXX.dd
[598/1759] Generating CXX dyndep file tests\CMakeFiles\test_ode_pde_optim.dir\CXX.dd
[599/1759] Generating CXX dyndep file tests\CMakeFiles\test_ode_advanced2.dir\CXX.dd
[600/1759] Generating CXX dyndep file tests\CMakeFiles\test_mpi_stub.dir\CXX.dd
[601/1759] Building CXX object src\linalg\CMakeFiles\ms_linalg.dir\auxiliary.cpp.obj
C:\Users\odinl\OneDrive\Desktop\MathsScript-wt-w212-axiom\src\linalg\auxiliary.cpp(25): warning C4244: 'argument': conversion from 'size_t' to 'const _Ty', possible loss of data
        with
        [
            _Ty=double
        ]
C:\Users\odinl\OneDrive\Desktop\MathsScript-wt-w212-axiom\src\linalg\auxiliary.cpp(25): note: the template instantiation context (the oldest one first) is
C:\Users\odinl\OneDrive\Desktop\MathsScript-wt-w212-axiom\src\linalg\auxiliary.cpp(116): note: see reference to function template instantiation 'std::expected<double,ms::Error> ms::rank<double,ms::StorageOrder::ColMajor,std::allocator>(const ms::Matrix<double,ms::StorageOrder::ColMajor,std::allocator> &,double)' being compiled
C:\Users\odinl\OneDrive\Desktop\MathsScript-wt-w212-axiom\src\linalg\auxiliary.cpp(25): warning C4244: 'argument': conversion from 'size_t' to 'const _Ty', possible loss of data
        with
        [
            _Ty=double
        ]
[602/1759] Generating CXX dyndep file tests\CMakeFiles\test_dist_block.dir\CXX.dd
[603/1759] Generating CXX dyndep file tests\CMakeFiles\test_sparse_spmv.dir\CXX.dd
[604/1759] Generating CXX dyndep file tests\CMakeFiles\test_repl_session.dir\CXX.dd
[605/1759] Building CXX object src\interp\CMakeFiles\ms_interp.dir\repl_engine.cpp.obj
C:\Users\odinl\OneDrive\Desktop\MathsScript-wt-w212-axiom\src\interp\repl_engine.cpp(6251) : warning C4702: unreachable code
C:\Users\odinl\OneDrive\Desktop\MathsScript-wt-w212-axiom\src\interp\repl_engine.cpp(6251) : warning C4702: unreachable code
C:\Users\odinl\OneDrive\Desktop\MathsScript-wt-w212-axiom\src\interp\repl_engine.cpp(6251) : warning C4702: unreachable code
C:\Users\odinl\OneDrive\Desktop\MathsScript-wt-w212-axiom\src\interp\repl_engine.cpp(6251) : warning C4702: unreachable code
C:\Users\odinl\OneDrive\Desktop\MathsScript-wt-w212-axiom\src\interp\repl_engine.cpp(6251) : warning C4702: unreachable code
C:\Users\odinl\OneDrive\Desktop\MathsScript-wt-w212-axiom\src\interp\repl_engine.cpp(6251) : warning C4702: unreachable code
C:\Users\odinl\OneDrive\Desktop\MathsScript-wt-w212-axiom\src\interp\repl_engine.cpp(6251) : warning C4702: unreachable code
[606/1759] Generating CXX dyndep file tests\CMakeFiles\test_repl_commands.dir\CXX.dd
[607/1759] Generating CXX dyndep file tests\CMakeFiles\test_cuda_stub.dir\CXX.dd
[608/1759] Generating CXX dyndep file tests\CMakeFiles\test_plot_console.dir\CXX.dd
[609/1759] Generating CXX dyndep file tests\CMakeFiles\test_jit_backend.dir\CXX.dd
[610/1759] Generating CXX dyndep file tests\CMakeFiles\test_poly_domain.dir\CXX.dd
[611/1759] Generating CXX dyndep file tests\CMakeFiles\test_linalg_decomp.dir\CXX.dd
[612/1759] Generating CXX dyndep file tests\CMakeFiles\test_core_ext.dir\CXX.dd
[613/1759] Generating CXX dyndep file tests\CMakeFiles\test_signal_filters.dir\CXX.dd
[614/1759] Generating CXX dyndep file tests\CMakeFiles\test_stats_prob_more.dir\CXX.dd
[615/1759] Generating CXX dyndep file tests\CMakeFiles\test_float_linalg.dir\CXX.dd
[616/1759] Generating CXX dyndep file tests\CMakeFiles\test_special_misc.dir\CXX.dd
[617/1759] Scanning C:\Users\odinl\OneDrive\Desktop\MathsScript-wt-w212-axiom\tests\integration\test_repl_wave155_pipeline.cpp for CXX dependencies
[618/1759] Scanning C:\Users\odinl\OneDrive\Desktop\MathsScript-wt-w212-axiom\tests\integration\test_repl_wave150_pipeline.cpp for CXX dependencies
[619/1759] Generating CXX dyndep file tests\CMakeFiles\test_fft_core.dir\CXX.dd
[620/1759] Generating CXX dyndep file tests\CMakeFiles\test_linalg_ext.dir\CXX.dd
[621/1759] Generating CXX dyndep file tests\CMakeFiles\test_fft_freq.dir\CXX.dd
[622/1759] Generating CXX dyndep file tests\CMakeFiles\test_symbolic_ext.dir\CXX.dd
[623/1759] Generating CXX dyndep file tests\CMakeFiles\test_iterative_ext.dir\CXX.dd
[624/1759] Linking CXX static library src\linalg\ms_linalg.lib
[625/1759] Generating CXX dyndep file tests\CMakeFiles\test_matmul.dir\CXX.dd
[626/1759] Generating CXX dyndep file tests\CMakeFiles\test_cuda_ext.dir\CXX.dd
[627/1759] Generating CXX dyndep file tests\CMakeFiles\test_signal_ext.dir\CXX.dd
[628/1759] Generating CXX dyndep file tests\CMakeFiles\test_dispatch.dir\CXX.dd
[629/1759] Generating CXX dyndep file tests\CMakeFiles\test_optim_ode_more.dir\CXX.dd
[630/1759] Generating CXX dyndep file tests\CMakeFiles\test_simd_ext.dir\CXX.dd
[631/1759] Generating CXX dyndep file tests\CMakeFiles\test_frameworks_ext.dir\CXX.dd
[632/1759] Generating CXX dyndep file tests\CMakeFiles\test_special_smoke.dir\CXX.dd
[633/1759] Generating CXX dyndep file tests\CMakeFiles\test_special_edge.dir\CXX.dd
[634/1759] Generating CXX dyndep file tests\CMakeFiles\test_cuda_matmul.dir\CXX.dd
[635/1759] Generating CXX dyndep file tests\CMakeFiles\test_special_sweep.dir\CXX.dd
[636/1759] Generating CXX dyndep file tests\CMakeFiles\test_linalg_chol.dir\CXX.dd
[637/1759] Generating CXX dyndep file tests\CMakeFiles\test_dist_multi_rank.dir\CXX.dd
[638/1759] Generating CXX dyndep file tests\CMakeFiles\test_load_balancer.dir\CXX.dd
[639/1759] Generating CXX dyndep file tests\CMakeFiles\test_frameworks.dir\CXX.dd
[640/1759] Generating CXX dyndep file tests\CMakeFiles\test_dist_lu.dir\CXX.dd
[641/1759] Generating CXX dyndep file tests\CMakeFiles\test_special_ext.dir\CXX.dd
[642/1759] Generating CXX dyndep file tests\CMakeFiles\test_special_bessel.dir\CXX.dd
[643/1759] Generating CXX dyndep file tests\CMakeFiles\test_special_hyper.dir\CXX.dd
[644/1759] Generating CXX dyndep file tests\CMakeFiles\test_special_poly_elliptic.dir\CXX.dd
[645/1759] Generating CXX dyndep file tests\CMakeFiles\test_special_zeta_theta.dir\CXX.dd
[646/1759] Generating CXX dyndep file tests\CMakeFiles\test_special_heun_painleve.dir\CXX.dd
[647/1759] Generating CXX dyndep file tests\CMakeFiles\test_special_voigt.dir\CXX.dd
[648/1759] Generating CXX dyndep file tests\CMakeFiles\test_blas_dgemm.dir\CXX.dd
[649/1759] Generating CXX dyndep file tests\CMakeFiles\test_blas_lapack.dir\CXX.dd
[650/1759] Generating CXX dyndep file tests\CMakeFiles\test_symbolic.dir\CXX.dd
[651/1759] Generating CXX dyndep file tests\CMakeFiles\test_fuzz_stress.dir\CXX.dd
[652/1759] Linking CXX static library src\distributed\ms_distributed.lib
[653/1759] Linking CXX static library src\ml\ms_ml.lib
[654/1759] Linking CXX static library src\signal\ms_signal.lib
[655/1759] Linking CXX static library src\poly\ms_poly.lib
[656/1759] Generating CXX dyndep file tests\CMakeFiles\test_core_matrix.dir\CXX.dd
[657/1759] Generating CXX dyndep file tests\CMakeFiles\test_memory.dir\CXX.dd
[658/1759] Generating CXX dyndep file tests\CMakeFiles\test_error_types.dir\CXX.dd
[659/1759] Generating CXX dyndep file tests\CMakeFiles\test_runtime.dir\CXX.dd
[660/1759] Generating CXX dyndep file tests\CMakeFiles\test_chol_typed.dir\CXX.dd
[661/1759] Generating CXX dyndep file tests\CMakeFiles\test_fft_typed.dir\CXX.dd
[662/1759] Generating CXX dyndep file tests\CMakeFiles\test_jit_factory.dir\CXX.dd
[663/1759] Generating CXX dyndep file tests\CMakeFiles\test_rng.dir\CXX.dd
[664/1759] Generating CXX dyndep file tests\CMakeFiles\test_transpose.dir\CXX.dd
[665/1759] Generating CXX dyndep file tests\CMakeFiles\test_construction.dir\CXX.dd
[666/1759] Generating CXX dyndep file tests\CMakeFiles\test_simd_vector_ops.dir\CXX.dd
[667/1759] Generating CXX dyndep file tests\CMakeFiles\test_core_sym.dir\CXX.dd
[668/1759] Generating CXX dyndep file tests\CMakeFiles\test_repl_error_paths.dir\CXX.dd
[669/1759] Generating CXX dyndep file tests\CMakeFiles\test_axiom_gria_ext.dir\CXX.dd
[670/1759] Generating CXX dyndep file tests\CMakeFiles\test_sym_extended.dir\CXX.dd
[671/1759] Generating CXX dyndep file tests\CMakeFiles\test_pde_extended.dir\CXX.dd
[672/1759] Generating CXX dyndep file tests\CMakeFiles\test_memory_extended.dir\CXX.dd
[673/1759] Generating CXX dyndep file tests\CMakeFiles\test_poly_extended.dir\CXX.dd
[674/1759] Generating CXX dyndep file tests\CMakeFiles\test_stats_numerical.dir\CXX.dd
[675/1759] Generating CXX dyndep file tests\CMakeFiles\test_topology.dir\CXX.dd
[676/1759] Generating CXX dyndep file tests\CMakeFiles\test_data_driven.dir\CXX.dd
[677/1759] Generating CXX dyndep file tests\CMakeFiles\test_scalar_type.dir\CXX.dd
[678/1759] Generating CXX dyndep file tests\CMakeFiles\test_signal_windows.dir\CXX.dd
[679/1759] Generating CXX dyndep file tests\CMakeFiles\test_optim_extended.dir\CXX.dd
[680/1759] Generating CXX dyndep file tests\CMakeFiles\test_repl_advanced.dir\CXX.dd
[681/1759] Generating CXX dyndep file tests\CMakeFiles\test_symbolic_advanced.dir\CXX.dd
[682/1759] Generating CXX dyndep file tests\CMakeFiles\test_expr_templates.dir\CXX.dd
[683/1759] Generating CXX dyndep file tests\CMakeFiles\test_stats_gaps.dir\CXX.dd
[684/1759] Generating CXX dyndep file tests\CMakeFiles\test_poly_ext.dir\CXX.dd
[685/1759] Generating CXX dyndep file tests\CMakeFiles\test_sparse_ext.dir\CXX.dd
[686/1759] Generating CXX dyndep file tests\CMakeFiles\test_lu_typed.dir\CXX.dd
[687/1759] Linking CXX static library src\interp\ms_interp.lib
[688/1759] Generating CXX dyndep file tests\CMakeFiles\test_linalg_decomp_ext.dir\CXX.dd
[689/1759] Generating CXX dyndep file tests\CMakeFiles\test_linalg_edge.dir\CXX.dd
[690/1759] Generating CXX dyndep file tests\CMakeFiles\test_domain_types.dir\CXX.dd
[691/1759] Generating CXX dyndep file tests\CMakeFiles\test_simd_extended.dir\CXX.dd
[692/1759] Generating CXX dyndep file tests\CMakeFiles\test_gria_advanced.dir\CXX.dd
[693/1759] Generating CXX dyndep file tests\CMakeFiles\test_error_types_extended.dir\CXX.dd
[694/1759] Generating CXX dyndep file tests\CMakeFiles\test_linalg_advanced.dir\CXX.dd
[695/1759] Generating CXX dyndep file tests\CMakeFiles\test_izaac_advanced.dir\CXX.dd
[696/1759] Generating CXX dyndep file tests\CMakeFiles\test_rng_statistical_quality.dir\CXX.dd
[697/1759] Generating CXX dyndep file tests\CMakeFiles\test_thread_pool_linalg_adv.dir\CXX.dd
[698/1759] Generating CXX dyndep file tests\CMakeFiles\test_memory_allocators_adv.dir\CXX.dd
[699/1759] Generating CXX dyndep file tests\CMakeFiles\test_cpu_blas_kernel.dir\CXX.dd
[700/1759] Generating CXX dyndep file tests\CMakeFiles\test_topology_dispatch_adv.dir\CXX.dd
[701/1759] Generating CXX dyndep file tests\CMakeFiles\test_repl_session_adv.dir\CXX.dd
[702/1759] Generating CXX dyndep file tests\CMakeFiles\test_repl_interp_adv.dir\CXX.dd
[703/1759] Generating CXX dyndep file tests\CMakeFiles\test_distributed_adv.dir\CXX.dd
[704/1759] Generating CXX dyndep file tests\CMakeFiles\test_repl_api_direct.dir\CXX.dd
[705/1759] Generating CXX dyndep file tests\CMakeFiles\test_cellai_cypha_ext.dir\CXX.dd
[706/1759] Generating CXX dyndep file tests\CMakeFiles\test_optim_adv.dir\CXX.dd
[707/1759] Linking CXX executable bin\mathscript-server.exe
[708/1759] Generating CXX dyndep file tests\CMakeFiles\test_optim_result_types.dir\CXX.dd
[709/1759] Generating CXX dyndep file tests\CMakeFiles\test_simd_isa_adv.dir\CXX.dd
[710/1759] Generating CXX dyndep file tests\CMakeFiles\test_solve_typed.dir\CXX.dd
[711/1759] Generating CXX dyndep file tests\CMakeFiles\test_frameworks_adv.dir\CXX.dd
[712/1759] Generating CXX dyndep file tests\CMakeFiles\test_tensor_adv.dir\CXX.dd
[713/1759] Generating CXX dyndep file tests\CMakeFiles\test_tensor_lb_numa.dir\CXX.dd
[714/1759] Generating CXX dyndep file tests\CMakeFiles\test_tensor.dir\CXX.dd
[715/1759] Generating CXX dyndep file tests\CMakeFiles\test_dist_matrix_adv.dir\CXX.dd
[716/1759] Generating CXX dyndep file tests\CMakeFiles\test_runtime_dispatch_adv.dir\CXX.dd
[717/1759] Generating CXX dyndep file tests\CMakeFiles\test_sparse_adv.dir\CXX.dd
[718/1759] Generating CXX dyndep file tests\CMakeFiles\test_poly_adv.dir\CXX.dd
[719/1759] Generating CXX dyndep file tests\CMakeFiles\test_domain_adv.dir\CXX.dd
[720/1759] Generating CXX dyndep file tests\CMakeFiles\test_optim_adv2.dir\CXX.dd
[721/1759] Generating CXX dyndep file tests\CMakeFiles\test_stats_adv2.dir\CXX.dd
[722/1759] Generating CXX dyndep file tests\CMakeFiles\test_signal_adv2.dir\CXX.dd
[723/1759] Generating CXX dyndep file tests\CMakeFiles\test_symbolic_adv2.dir\CXX.dd
[724/1759] Generating CXX dyndep file tests\CMakeFiles\test_symbolic_extended.dir\CXX.dd
[725/1759] Generating CXX dyndep file tests\CMakeFiles\test_sparse_ops_adv.dir\CXX.dd
[726/1759] Generating CXX dyndep file tests\CMakeFiles\test_prob_adv2.dir\CXX.dd
[727/1759] Generating CXX dyndep file tests\CMakeFiles\test_poly_adv2.dir\CXX.dd
[728/1759] Generating CXX dyndep file tests\CMakeFiles\test_signal_adv3.dir\CXX.dd
[729/1759] Generating CXX dyndep file tests\CMakeFiles\test_special_struve_airy.dir\CXX.dd
[730/1759] Generating CXX dyndep file tests\CMakeFiles\test_optim_newton_broyden.dir\CXX.dd
[731/1759] Generating CXX dyndep file tests\CMakeFiles\test_optim_constrained.dir\CXX.dd
[732/1759] Generating CXX dyndep file tests\CMakeFiles\test_tensor_scalar.dir\CXX.dd
[733/1759] Generating CXX dyndep file tests\CMakeFiles\test_prob_adv3.dir\CXX.dd
[734/1759] Generating CXX dyndep file tests\CMakeFiles\test_signal_windows_adv4.dir\CXX.dd
[735/1759] Generating CXX dyndep file tests\CMakeFiles\test_optim_global.dir\CXX.dd
[736/1759] Generating CXX dyndep file tests\CMakeFiles\test_numthy.dir\CXX.dd
[737/1759] Generating CXX dyndep file tests\CMakeFiles\test_combo.dir\CXX.dd
[738/1759] Generating CXX dyndep file tests\CMakeFiles\test_info.dir\CXX.dd
[739/1759] Generating CXX dyndep file tests\CMakeFiles\test_finance.dir\CXX.dd
[740/1759] Generating CXX dyndep file tests\CMakeFiles\test_linalg_iterative2.dir\CXX.dd
[741/1759] Generating CXX dyndep file tests\CMakeFiles\test_graph.dir\CXX.dd
[742/1759] Generating CXX dyndep file tests\CMakeFiles\test_cplx.dir\CXX.dd
[743/1759] Generating CXX dyndep file tests\CMakeFiles\test_quantum.dir\CXX.dd
[744/1759] Generating CXX dyndep file tests\CMakeFiles\test_geo.dir\CXX.dd
[745/1759] Generating CXX dyndep file tests\CMakeFiles\test_diffgeo.dir\CXX.dd
[746/1759] Generating CXX dyndep file tests\CMakeFiles\test_topo.dir\CXX.dd
[747/1759] Generating CXX dyndep file tests\CMakeFiles\test_tensorops.dir\CXX.dd
[748/1759] Generating CXX dyndep file tests\CMakeFiles\test_ml.dir\CXX.dd
[749/1759] Generating CXX dyndep file tests\CMakeFiles\test_image.dir\CXX.dd
[750/1759] Generating CXX dyndep file tests\CMakeFiles\test_bignum.dir\CXX.dd
[751/1759] Generating CXX dyndep file tests\CMakeFiles\test_stats_edge.dir\CXX.dd
[752/1759] Generating CXX dyndep file tests\CMakeFiles\test_memory_adv.dir\CXX.dd
[753/1759] Linking CXX executable bin\mathscriptc.exe
[754/1759] Generating CXX dyndep file tests\numerical\CMakeFiles\numerical_special.dir\CXX.dd
[755/1759] Generating CXX dyndep file tests\numerical\CMakeFiles\numerical_linalg_qr.dir\CXX.dd
[756/1759] Generating CXX dyndep file tests\numerical\CMakeFiles\numerical_signal.dir\CXX.dd
[757/1759] Generating CXX dyndep file tests\numerical\CMakeFiles\numerical_linalg_decomp.dir\CXX.dd
[758/1759] Generating CXX dyndep file tests\numerical\CMakeFiles\numerical_ode.dir\CXX.dd
[759/1759] Generating CXX dyndep file tests\numerical\CMakeFiles\numerical_linalg_basic.dir\CXX.dd
[760/1759] Generating CXX dyndep file tests\numerical\CMakeFiles\numerical_iterative.dir\CXX.dd
[761/1759] Generating CXX dyndep file tests\numerical\CMakeFiles\numerical_pde.dir\CXX.dd
[762/1759] Generating CXX dyndep file tests\numerical\CMakeFiles\numerical_matrix_construction.dir\CXX.dd
[763/1759] Generating CXX dyndep file tests\CMakeFiles\test_control.dir\CXX.dd
[764/1759] Generating CXX dyndep file tests\numerical\CMakeFiles\numerical_sparse.dir\CXX.dd
[765/1759] Generating CXX dyndep file tests\numerical\CMakeFiles\numerical_special_advanced.dir\CXX.dd
[766/1759] Generating CXX dyndep file tests\numerical\CMakeFiles\numerical_fft_dct_prob.dir\CXX.dd
[767/1759] Generating CXX dyndep file tests\numerical\CMakeFiles\numerical_signal_correlate_ode.dir\CXX.dd
[768/1759] Generating CXX dyndep file tests\numerical\CMakeFiles\numerical_stats_advanced.dir\CXX.dd
[769/1759] Generating CXX dyndep file tests\CMakeFiles\test_units.dir\CXX.dd
[770/1759] Generating CXX dyndep file tests\numerical\CMakeFiles\numerical_fft.dir\CXX.dd
[771/1759] Generating CXX dyndep file tests\numerical\CMakeFiles\numerical_linalg.dir\CXX.dd
[772/1759] Generating CXX dyndep file tests\numerical\CMakeFiles\numerical_fft_extended.dir\CXX.dd
[773/1759] Generating CXX dyndep file tests\numerical\CMakeFiles\numerical_bessel.dir\CXX.dd
[774/1759] Generating CXX dyndep file tests\numerical\CMakeFiles\numerical_special_group3.dir\CXX.dd
[775/1759] Generating CXX dyndep file tests\numerical\CMakeFiles\numerical_special_group4.dir\CXX.dd
[776/1759] Generating CXX dyndep file tests\CMakeFiles\test_compress.dir\CXX.dd
[777/1759] Generating CXX dyndep file tests\numerical\CMakeFiles\numerical_fft_prob_remaining.dir\CXX.dd
[778/1759] Generating CXX dyndep file tests\numerical\CMakeFiles\numerical_special_painleve.dir\CXX.dd
[779/1759] Generating CXX dyndep file tests\numerical\CMakeFiles\numerical_core_ops.dir\CXX.dd
[780/1759] Generating CXX dyndep file tests\numerical\CMakeFiles\numerical_signal_windows.dir\CXX.dd
[781/1759] Generating CXX dyndep file tests\numerical\CMakeFiles\numerical_fft_ext.dir\CXX.dd
[782/1759] Generating CXX dyndep file tests\numerical\CMakeFiles\numerical_linalg_hess_schur.dir\CXX.dd
[783/1759] Linking CXX executable bin\mathscript-repl.exe
[784/1759] Generating CXX dyndep file tests\numerical\CMakeFiles\numerical_iterative_solvers.dir\CXX.dd
[785/1759] Generating CXX dyndep file tests\numerical\CMakeFiles\numerical_linalg_decomp_adv.dir\CXX.dd
[786/1759] Generating CXX dyndep file tests\numerical\CMakeFiles\numerical_stats_signal_sym_adv.dir\CXX.dd
[787/1759] Generating CXX dyndep file tests\numerical\CMakeFiles\numerical_fft_transforms_adv.dir\CXX.dd
[788/1759] Generating CXX dyndep file tests\numerical\CMakeFiles\numerical_prob_adv.dir\CXX.dd
[789/1759] Generating CXX dyndep file tests\numerical\CMakeFiles\numerical_linalg_struct_adv.dir\CXX.dd
[790/1759] Generating CXX dyndep file tests\numerical\CMakeFiles\numerical_fft_adv2.dir\CXX.dd
[791/1759] Generating CXX dyndep file tests\numerical\CMakeFiles\numerical_special_adv2.dir\CXX.dd
[792/1759] Generating CXX dyndep file tests\compliance\CMakeFiles\test_plugin_smoke.dir\CXX.dd
[793/1759] Generating CXX dyndep file tests\numerical\CMakeFiles\numerical_linalg_iterative_adv.dir\CXX.dd
[794/1759] Generating CXX dyndep file tests\CMakeFiles\test_checked_arith.dir\CXX.dd
[795/1759] Generating CXX dyndep file tests\CMakeFiles\test_prob_lognormal_weibull_laplace.dir\CXX.dd
[796/1759] Generating CXX dyndep file tests\numerical\CMakeFiles\numerical_fft_dct_adv.dir\CXX.dd
[797/1759] Generating CXX dyndep file tests\numerical\CMakeFiles\numerical_special_gamma_adv.dir\CXX.dd
[798/1759] Generating CXX dyndep file tests\numerical\CMakeFiles\numerical_linalg_svd_adv.dir\CXX.dd
[799/1759] Generating CXX dyndep file tests\numerical\CMakeFiles\numerical_linalg_ldl_eig.dir\CXX.dd
[800/1759] Generating CXX dyndep file tests\numerical\CMakeFiles\numerical_special_group2.dir\CXX.dd
[801/1759] Generating CXX dyndep file tests\numerical\CMakeFiles\numerical_special_group1.dir\CXX.dd
[802/1759] Generating CXX dyndep file tests\numerical\CMakeFiles\numerical_linalg_cond_rank.dir\CXX.dd
[803/1759] Generating CXX dyndep file tests\numerical\CMakeFiles\numerical_fft_phase_energy.dir\CXX.dd
[804/1759] Generating CXX dyndep file tests\numerical\CMakeFiles\numerical_core_ops_adv.dir\CXX.dd
[805/1759] Generating CXX dyndep file tests\numerical\CMakeFiles\numerical_ode_adv2.dir\CXX.dd
[806/1759] Generating CXX dyndep file tests\numerical\CMakeFiles\numerical_pde_adv2.dir\CXX.dd
[807/1759] Generating CXX dyndep file tests\numerical\CMakeFiles\numerical_ode_advanced.dir\CXX.dd
[808/1759] Generating CXX dyndep file tests\numerical\CMakeFiles\numerical_linalg_iter_adv.dir\CXX.dd
[809/1759] Generating CXX dyndep file tests\numerical\CMakeFiles\numerical_rng_adv.dir\CXX.dd
[810/1759] Generating CXX dyndep file tests\numerical\CMakeFiles\numerical_linalg_logm_sqrtm.dir\CXX.dd
[811/1759] Generating CXX dyndep file tests\numerical\CMakeFiles\numerical_linalg_hess_lsq.dir\CXX.dd
[812/1759] Generating CXX dyndep file tests\numerical\CMakeFiles\numerical_linalg_tril_triu.dir\CXX.dd
[813/1759] Generating CXX dyndep file tests\numerical\CMakeFiles\numerical_stats_regression_adv.dir\CXX.dd
[814/1759] Generating CXX dyndep file tests\numerical\CMakeFiles\numerical_special_erf_adv.dir\CXX.dd
[815/1759] Generating CXX dyndep file tests\numerical\CMakeFiles\numerical_special_ext.dir\CXX.dd
[816/1759] Generating CXX dyndep file tests\numerical\CMakeFiles\numerical_linalg_norm_cg_adv.dir\CXX.dd
[817/1759] Generating CXX dyndep file tests\numerical\CMakeFiles\numerical_special_dlmf_extended.dir\CXX.dd
[818/1759] Generating CXX dyndep file tests\numerical\CMakeFiles\numerical_ode_adaptive.dir\CXX.dd
[819/1759] Generating CXX dyndep file tests\numerical\CMakeFiles\numerical_pde_adv.dir\CXX.dd
[820/1759] Generating CXX dyndep file tests\numerical\CMakeFiles\numerical_poly_advanced2.dir\CXX.dd
[821/1759] Generating CXX dyndep file tests\numerical\CMakeFiles\numerical_stats_timeseries.dir\CXX.dd
[822/1759] Generating CXX dyndep file tests\numerical\CMakeFiles\numerical_linalg_new_funcs.dir\CXX.dd
[823/1759] Generating CXX dyndep file tests\integration\CMakeFiles\integration_pipeline.dir\CXX.dd
[824/1759] Generating CXX dyndep file tests\integration\CMakeFiles\integration_repl_pipeline.dir\CXX.dd
[825/1759] Generating CXX dyndep file tests\integration\CMakeFiles\integration_jit_repl_parity.dir\CXX.dd
[826/1759] Generating CXX dyndep file tests\integration\CMakeFiles\integration_scientific_pipeline.dir\CXX.dd
[827/1759] Generating CXX dyndep file tests\integration\CMakeFiles\integration_framework_pipeline.dir\CXX.dd
[828/1759] Generating CXX dyndep file tests\integration\CMakeFiles\integration_symbolic_optim_pipeline.dir\CXX.dd
[829/1759] Generating CXX dyndep file tests\integration\CMakeFiles\integration_repl_linalg_pipeline.dir\CXX.dd
[830/1759] Generating CXX dyndep file tests\integration\CMakeFiles\integration_ode_pde_pipeline.dir\CXX.dd
[831/1759] Generating CXX dyndep file tests\integration\CMakeFiles\integration_signal_fft_pipeline.dir\CXX.dd
[832/1759] Generating CXX dyndep file tests\integration\CMakeFiles\integration_frameworks_pipeline.dir\CXX.dd
[833/1759] Generating CXX dyndep file tests\integration\CMakeFiles\integration_stats_linalg_pipeline.dir\CXX.dd
[834/1759] Generating CXX dyndep file tests\integration\CMakeFiles\integration_prob_stats_signal_pipeline.dir\CXX.dd
[835/1759] Generating CXX dyndep file tests\integration\CMakeFiles\integration_ode_optim_pipeline.dir\CXX.dd
[836/1759] Generating CXX dyndep file tests\integration\CMakeFiles\integration_symbolic_numeric_pipeline.dir\CXX.dd
[837/1759] Generating CXX dyndep file tests\integration\CMakeFiles\integration_prob_stats_pipeline.dir\CXX.dd
[838/1759] Generating CXX dyndep file tests\integration\CMakeFiles\integration_signal_optim_pipeline.dir\CXX.dd
[839/1759] Generating CXX dyndep file tests\integration\CMakeFiles\integration_linalg_ode_pipeline.dir\CXX.dd
[840/1759] Generating CXX dyndep file tests\integration\CMakeFiles\integration_ode_pde_poly_pipeline.dir\CXX.dd
[841/1759] Generating CXX dyndep file tests\integration\CMakeFiles\integration_fft_stats_pipeline.dir\CXX.dd
[842/1759] Generating CXX dyndep file tests\integration\CMakeFiles\integration_stats_optim_linalg_pipeline.dir\CXX.dd
[843/1759] Generating CXX dyndep file tests\integration\CMakeFiles\integration_ode_stats_prob_pipeline.dir\CXX.dd
[844/1759] Generating CXX dyndep file tests\integration\CMakeFiles\integration_wave58_pipeline.dir\CXX.dd
[845/1759] Generating CXX dyndep file tests\integration\CMakeFiles\integration_wave60_pipeline.dir\CXX.dd
[846/1759] Generating CXX dyndep file tests\integration\CMakeFiles\integration_repl_wave68_pipeline.dir\CXX.dd
[847/1759] Generating CXX dyndep file tests\integration\CMakeFiles\integration_repl_wave70_pipeline.dir\CXX.dd
[848/1759] Generating CXX dyndep file tests\integration\CMakeFiles\integration_repl_wave74_pipeline.dir\CXX.dd
[849/1759] Generating CXX dyndep file tests\integration\CMakeFiles\integration_repl_wave76_pipeline.dir\CXX.dd
[850/1759] Generating CXX dyndep file tests\integration\CMakeFiles\integration_repl_wave77_pipeline.dir\CXX.dd
[851/1759] Generating CXX dyndep file tests\integration\CMakeFiles\integration_repl_wave78_pipeline.dir\CXX.dd
[852/1759] Generating CXX dyndep file tests\integration\CMakeFiles\integration_wave66_full_pipeline.dir\CXX.dd
[853/1759] Generating CXX dyndep file tests\integration\CMakeFiles\integration_repl_wave72_pipeline.dir\CXX.dd
[854/1759] Generating CXX dyndep file tests\integration\CMakeFiles\integration_repl_wave82_pipeline.dir\CXX.dd
[855/1759] Generating CXX dyndep file tests\integration\CMakeFiles\integration_wave57_60_pipeline.dir\CXX.dd
[856/1759] Generating CXX dyndep file tests\integration\CMakeFiles\integration_repl_wave79_pipeline.dir\CXX.dd
[857/1759] Generating CXX dyndep file tests\integration\CMakeFiles\integration_repl_wave69_pipeline.dir\CXX.dd
[858/1759] Generating CXX dyndep file tests\integration\CMakeFiles\integration_repl_wave83_pipeline.dir\CXX.dd
[859/1759] Generating CXX dyndep file tests\integration\CMakeFiles\integration_repl_wave85_pipeline.dir\CXX.dd
[860/1759] Generating CXX dyndep file tests\integration\CMakeFiles\integration_repl_wave81_pipeline.dir\CXX.dd
[861/1759] Generating CXX dyndep file tests\integration\CMakeFiles\integration_repl_wave96_pipeline.dir\CXX.dd
[862/1759] Generating CXX dyndep file tests\integration\CMakeFiles\integration_repl_wave98_pipeline.dir\CXX.dd
[863/1759] Generating CXX dyndep file tests\integration\CMakeFiles\integration_repl_wave99_pipeline.dir\CXX.dd
[864/1759] Generating CXX dyndep file tests\integration\CMakeFiles\integration_repl_wave73_pipeline.dir\CXX.dd
[865/1759] Generating CXX dyndep file tests\integration\CMakeFiles\integration_repl_wave91_pipeline.dir\CXX.dd
[866/1759] Generating CXX dyndep file tests\integration\CMakeFiles\integration_poly_fft_pipeline.dir\CXX.dd
[867/1759] Generating CXX dyndep file tests\integration\CMakeFiles\integration_repl_wave92_pipeline.dir\CXX.dd
[868/1759] Generating CXX dyndep file tests\integration\CMakeFiles\integration_repl_wave102_pipeline.dir\CXX.dd
[869/1759] Generating CXX dyndep file tests\integration\CMakeFiles\integration_wave59_pipeline.dir\CXX.dd
[870/1759] Generating CXX dyndep file tests\integration\CMakeFiles\integration_repl_wave103_pipeline.dir\CXX.dd
[871/1759] Generating CXX dyndep file tests\integration\CMakeFiles\integration_repl_wave87_pipeline.dir\CXX.dd
[872/1759] Generating CXX dyndep file tests\integration\CMakeFiles\integration_repl_wave100_pipeline.dir\CXX.dd
[873/1759] Generating CXX dyndep file tests\integration\CMakeFiles\integration_repl_wave104_pipeline.dir\CXX.dd
[874/1759] Generating CXX dyndep file tests\integration\CMakeFiles\integration_repl_wave67_pipeline.dir\CXX.dd
[875/1759] Generating CXX dyndep file tests\integration\CMakeFiles\integration_repl_wave71_pipeline.dir\CXX.dd
[876/1759] Generating CXX dyndep file tests\integration\CMakeFiles\integration_repl_wave93_pipeline.dir\CXX.dd
[877/1759] Generating CXX dyndep file tests\integration\CMakeFiles\integration_repl_wave75_pipeline.dir\CXX.dd
[878/1759] Generating CXX dyndep file tests\integration\CMakeFiles\integration_repl_wave95_pipeline.dir\CXX.dd
[879/1759] Generating CXX dyndep file tests\integration\CMakeFiles\integration_repl_wave88_pipeline.dir\CXX.dd
[880/1759] Generating CXX dyndep file tests\integration\CMakeFiles\integration_repl_wave86_pipeline.dir\CXX.dd
[881/1759] Generating CXX dyndep file tests\integration\CMakeFiles\integration_repl_wave97_pipeline.dir\CXX.dd
[882/1759] Generating CXX dyndep file tests\integration\CMakeFiles\integration_repl_wave80_pipeline.dir\CXX.dd
[883/1759] Generating CXX dyndep file tests\integration\CMakeFiles\integration_repl_wave105_pipeline.dir\CXX.dd
[884/1759] Generating CXX dyndep file tests\integration\CMakeFiles\integration_repl_wave94_pipeline.dir\CXX.dd
[885/1759] Generating CXX dyndep file tests\integration\CMakeFiles\integration_repl_wave106_pipeline.dir\CXX.dd
[886/1759] Generating CXX dyndep file tests\integration\CMakeFiles\integration_repl_wave84_pipeline.dir\CXX.dd
[887/1759] Generating CXX dyndep file tests\integration\CMakeFiles\integration_repl_wave107_pipeline.dir\CXX.dd
[888/1759] Generating CXX dyndep file tests\integration\CMakeFiles\integration_repl_wave108_pipeline.dir\CXX.dd
[889/1759] Generating CXX dyndep file tests\integration\CMakeFiles\integration_repl_wave109_pipeline.dir\CXX.dd
[890/1759] Generating CXX dyndep file tests\integration\CMakeFiles\integration_repl_wave112_pipeline.dir\CXX.dd
[891/1759] Generating CXX dyndep file tests\integration\CMakeFiles\integration_repl_wave113_pipeline.dir\CXX.dd
[892/1759] Generating CXX dyndep file tests\integration\CMakeFiles\integration_repl_wave114_pipeline.dir\CXX.dd
[893/1759] Generating CXX dyndep file tests\integration\CMakeFiles\integration_repl_wave115_pipeline.dir\CXX.dd
[894/1759] Generating CXX dyndep file tests\integration\CMakeFiles\integration_repl_wave116_pipeline.dir\CXX.dd
[895/1759] Generating CXX dyndep file tests\integration\CMakeFiles\integration_repl_wave117_pipeline.dir\CXX.dd
[896/1759] Generating CXX dyndep file tests\integration\CMakeFiles\integration_repl_wave118_pipeline.dir\CXX.dd
[897/1759] Generating CXX dyndep file tests\integration\CMakeFiles\integration_repl_wave119_pipeline.dir\CXX.dd
[898/1759] Generating CXX dyndep file tests\integration\CMakeFiles\integration_repl_wave120_pipeline.dir\CXX.dd
[899/1759] Generating CXX dyndep file tests\integration\CMakeFiles\integration_repl_wave122_pipeline.dir\CXX.dd
[900/1759] Generating CXX dyndep file tests\integration\CMakeFiles\integration_repl_wave125_pipeline.dir\CXX.dd
[901/1759] Generating CXX dyndep file tests\integration\CMakeFiles\integration_repl_wave129_pipeline.dir\CXX.dd
[902/1759] Generating CXX dyndep file tests\integration\CMakeFiles\integration_repl_wave130_pipeline.dir\CXX.dd
[903/1759] Generating CXX dyndep file tests\integration\CMakeFiles\integration_repl_wave131_pipeline.dir\CXX.dd
[904/1759] Generating CXX dyndep file tests\integration\CMakeFiles\integration_repl_wave132_pipeline.dir\CXX.dd
[905/1759] Generating CXX dyndep file tests\integration\CMakeFiles\integration_repl_wave133_pipeline.dir\CXX.dd
[906/1759] Generating CXX dyndep file tests\integration\CMakeFiles\integration_repl_wave134_pipeline.dir\CXX.dd
[907/1759] Generating CXX dyndep file tests\integration\CMakeFiles\integration_repl_wave135_pipeline.dir\CXX.dd
[908/1759] Generating CXX dyndep file tests\integration\CMakeFiles\integration_repl_wave101_pipeline.dir\CXX.dd
[909/1759] Generating CXX dyndep file tests\integration\CMakeFiles\integration_repl_wave136_pipeline.dir\CXX.dd
[910/1759] Generating CXX dyndep file tests\integration\CMakeFiles\integration_repl_wave137_pipeline.dir\CXX.dd
[911/1759] Generating CXX dyndep file tests\integration\CMakeFiles\integration_repl_wave138_pipeline.dir\CXX.dd
[912/1759] Generating CXX dyndep file tests\integration\CMakeFiles\integration_repl_wave139_pipeline.dir\CXX.dd
[913/1759] Generating CXX dyndep file tests\integration\CMakeFiles\integration_repl_wave140_pipeline.dir\CXX.dd
[914/1759] Generating CXX dyndep file tests\integration\CMakeFiles\integration_repl_wave141_pipeline.dir\CXX.dd
[915/1759] Generating CXX dyndep file tests\integration\CMakeFiles\integration_repl_wave142_pipeline.dir\CXX.dd
[916/1759] Generating CXX dyndep file tests\integration\CMakeFiles\integration_repl_wave143_pipeline.dir\CXX.dd
[917/1759] Generating CXX dyndep file tests\integration\CMakeFiles\integration_repl_wave144_pipeline.dir\CXX.dd
[918/1759] Generating CXX dyndep file tests\integration\CMakeFiles\integration_repl_wave145_pipeline.dir\CXX.dd
[919/1759] Generating CXX dyndep file tests\integration\CMakeFiles\integration_repl_wave127_pipeline.dir\CXX.dd
[920/1759] Generating CXX dyndep file tests\integration\CMakeFiles\integration_repl_wave124_pipeline.dir\CXX.dd
[921/1759] Generating CXX dyndep file tests\integration\CMakeFiles\integration_repl_wave126_pipeline.dir\CXX.dd
[922/1759] Generating CXX dyndep file tests\integration\CMakeFiles\integration_repl_wave146_pipeline.dir\CXX.dd
[923/1759] Generating CXX dyndep file tests\integration\CMakeFiles\integration_repl_wave128_pipeline.dir\CXX.dd
[924/1759] Generating CXX dyndep file tests\integration\CMakeFiles\integration_repl_wave123_pipeline.dir\CXX.dd
[925/1759] Generating CXX dyndep file tests\integration\CMakeFiles\integration_repl_wave150_pipeline.dir\CXX.dd
[926/1759] Generating CXX dyndep file tests\integration\CMakeFiles\integration_repl_wave121_pipeline.dir\CXX.dd
[927/1759] Generating CXX dyndep file tests\integration\CMakeFiles\integration_repl_wave151_pipeline.dir\CXX.dd
[928/1759] Generating CXX dyndep file tests\integration\CMakeFiles\integration_repl_wave152_pipeline.dir\CXX.dd
[929/1759] Generating CXX dyndep file tests\integration\CMakeFiles\integration_repl_wave155_pipeline.dir\CXX.dd
[930/1759] Generating CXX dyndep file tests\integration\CMakeFiles\integration_repl_wave158_pipeline.dir\CXX.dd
[931/1759] Scanning C:\Users\odinl\OneDrive\Desktop\MathsScript-wt-w212-axiom\tests\integration\test_repl_wave156_pipeline.cpp for CXX dependencies
[932/1759] Scanning C:\Users\odinl\OneDrive\Desktop\MathsScript-wt-w212-axiom\tests\integration\test_repl_wave157_pipeline.cpp for CXX dependencies
[933/1759] Scanning C:\Users\odinl\OneDrive\Desktop\MathsScript-wt-w212-axiom\tests\integration\test_repl_wave165_pipeline.cpp for CXX dependencies
[934/1759] Scanning C:\Users\odinl\OneDrive\Desktop\MathsScript-wt-w212-axiom\tests\integration\test_repl_wave149_pipeline.cpp for CXX dependencies
[935/1759] Scanning C:\Users\odinl\OneDrive\Desktop\MathsScript-wt-w212-axiom\tests\integration\test_repl_wave148_pipeline.cpp for CXX dependencies
[936/1759] Scanning C:\Users\odinl\OneDrive\Desktop\MathsScript-wt-w212-axiom\tests\integration\test_repl_wave161_pipeline.cpp for CXX dependencies
[937/1759] Scanning C:\Users\odinl\OneDrive\Desktop\MathsScript-wt-w212-axiom\tests\integration\test_repl_wave154_pipeline.cpp for CXX dependencies
[938/1759] Scanning C:\Users\odinl\OneDrive\Desktop\MathsScript-wt-w212-axiom\tests\integration\test_repl_wave172_pipeline.cpp for CXX dependencies
[939/1759] Generating CXX dyndep file tests\integration\CMakeFiles\integration_repl_wave161_pipeline.dir\CXX.dd
[940/1759] Scanning C:\Users\odinl\OneDrive\Desktop\MathsScript-wt-w212-axiom\tests\integration\test_repl_wave153_pipeline.cpp for CXX dependencies
[941/1759] Scanning C:\Users\odinl\OneDrive\Desktop\MathsScript-wt-w212-axiom\tests\integration\test_repl_wave147_pipeline.cpp for CXX dependencies
[942/1759] Scanning C:\Users\odinl\OneDrive\Desktop\MathsScript-wt-w212-axiom\tests\integration\test_repl_wave160_pipeline.cpp for CXX dependencies
[943/1759] Scanning C:\Users\odinl\OneDrive\Desktop\MathsScript-wt-w212-axiom\tests\integration\test_repl_wave164_pipeline.cpp for CXX dependencies
[944/1759] Generating CXX dyndep file tests\integration\CMakeFiles\integration_repl_wave148_pipeline.dir\CXX.dd
[945/1759] Generating CXX dyndep file tests\integration\CMakeFiles\integration_repl_wave149_pipeline.dir\CXX.dd
[946/1759] Generating CXX dyndep file tests\integration\CMakeFiles\integration_repl_wave147_pipeline.dir\CXX.dd
[947/1759] Generating CXX dyndep file tests\integration\CMakeFiles\integration_repl_wave160_pipeline.dir\CXX.dd
[948/1759] Generating CXX dyndep file tests\integration\CMakeFiles\integration_repl_wave153_pipeline.dir\CXX.dd
[949/1759] Generating CXX dyndep file tests\integration\CMakeFiles\integration_repl_wave164_pipeline.dir\CXX.dd
[950/1759] Scanning C:\Users\odinl\OneDrive\Desktop\MathsScript-wt-w212-axiom\tests\integration\test_repl_wave167_pipeline.cpp for CXX dependencies
[951/1759] Generating CXX dyndep file tests\integration\CMakeFiles\integration_repl_wave154_pipeline.dir\CXX.dd
[952/1759] Generating CXX dyndep file tests\integration\CMakeFiles\integration_repl_wave165_pipeline.dir\CXX.dd
[953/1759] Generating CXX dyndep file tests\integration\CMakeFiles\integration_repl_wave156_pipeline.dir\CXX.dd
[954/1759] Generating CXX dyndep file tests\integration\CMakeFiles\integration_repl_wave172_pipeline.dir\CXX.dd
[955/1759] Scanning C:\Users\odinl\OneDrive\Desktop\MathsScript-wt-w212-axiom\tests\integration\test_repl_wave171_pipeline.cpp for CXX dependencies
[956/1759] Scanning C:\Users\odinl\OneDrive\Desktop\MathsScript-wt-w212-axiom\tests\integration\test_repl_wave173_pipeline.cpp for CXX dependencies
[957/1759] Scanning C:\Users\odinl\OneDrive\Desktop\MathsScript-wt-w212-axiom\tests\integration\test_symbolic_repl_pipeline.cpp for CXX dependencies
[958/1759] Scanning C:\Users\odinl\OneDrive\Desktop\MathsScript-wt-w212-axiom\tests\integration\test_repl_wave163_pipeline.cpp for CXX dependencies
[959/1759] Scanning C:\Users\odinl\OneDrive\Desktop\MathsScript-wt-w212-axiom\tests\integration\test_repl_wave169_pipeline.cpp for CXX dependencies
[960/1759] Generating CXX dyndep file tests\integration\CMakeFiles\integration_repl_wave173_pipeline.dir\CXX.dd
[961/1759] Scanning C:\Users\odinl\OneDrive\Desktop\MathsScript-wt-w212-axiom\tests\integration\test_repl_wave174_pipeline.cpp for CXX dependencies
[962/1759] Generating CXX dyndep file tests\integration\CMakeFiles\integration_symbolic_repl_pipeline.dir\CXX.dd
[963/1759] Generating CXX dyndep file tests\integration\CMakeFiles\integration_repl_wave163_pipeline.dir\CXX.dd
[964/1759] Generating CXX dyndep file tests\integration\CMakeFiles\integration_repl_wave171_pipeline.dir\CXX.dd
[965/1759] Generating CXX dyndep file tests\integration\CMakeFiles\integration_repl_wave169_pipeline.dir\CXX.dd
[966/1759] Generating CXX dyndep file tests\integration\CMakeFiles\integration_repl_wave167_pipeline.dir\CXX.dd
[967/1759] Generating CXX dyndep file tests\integration\CMakeFiles\integration_repl_wave174_pipeline.dir\CXX.dd
[968/1759] Generating CXX dyndep file tests\integration\CMakeFiles\integration_repl_wave157_pipeline.dir\CXX.dd
[969/1759] Scanning C:\Users\odinl\OneDrive\Desktop\MathsScript-wt-w212-axiom\tests\integration\test_repl_wave162_pipeline.cpp for CXX dependencies
[970/1759] Scanning C:\Users\odinl\OneDrive\Desktop\MathsScript-wt-w212-axiom\tests\integration\test_pde_repl_pipeline.cpp for CXX dependencies
[971/1759] Scanning C:\Users\odinl\OneDrive\Desktop\MathsScript-wt-w212-axiom\tests\integration\test_repl_wave175_pipeline.cpp for CXX dependencies
[972/1759] Scanning C:\Users\odinl\OneDrive\Desktop\MathsScript-wt-w212-axiom\tests\integration\test_tensorops_decompose_repl_pipeline.cpp for CXX dependencies
[973/1759] Scanning C:\Users\odinl\OneDrive\Desktop\MathsScript-wt-w212-axiom\tests\integration\test_repl_wave111_pipeline.cpp for CXX dependencies
[974/1759] Scanning C:\Users\odinl\OneDrive\Desktop\MathsScript-wt-w212-axiom\tests\integration\test_session_objects_repl_pipeline.cpp for CXX dependencies
[975/1759] Scanning C:\Users\odinl\OneDrive\Desktop\MathsScript-wt-w212-axiom\tests\unit\test_repl_cli.cpp for CXX dependencies
[976/1759] Scanning C:\Users\odinl\OneDrive\Desktop\MathsScript-wt-w212-axiom\tests\integration\test_repl_wave168_pipeline.cpp for CXX dependencies
[977/1759] Scanning C:\Users\odinl\OneDrive\Desktop\MathsScript-wt-w212-axiom\tests\integration\test_mathscriptc_pipeline.cpp for CXX dependencies
[978/1759] Scanning C:\Users\odinl\OneDrive\Desktop\MathsScript-wt-w212-axiom\tests\integration\test_ode_repl_pipeline.cpp for CXX dependencies
[979/1759] Scanning C:\Users\odinl\OneDrive\Desktop\MathsScript-wt-w212-axiom\tests\integration\test_repl_wave170_pipeline.cpp for CXX dependencies
[980/1759] Scanning C:\Users\odinl\OneDrive\Desktop\MathsScript-wt-w212-axiom\tests\integration\test_repl_wave159_pipeline.cpp for CXX dependencies
[981/1759] Scanning C:\Users\odinl\OneDrive\Desktop\MathsScript-wt-w212-axiom\tests\unit\test_server_cli.cpp for CXX dependencies
[982/1759] Scanning C:\Users\odinl\OneDrive\Desktop\MathsScript-wt-w212-axiom\tests\integration\test_repl_wave110_pipeline.cpp for CXX dependencies
[983/1759] Scanning C:\Users\odinl\OneDrive\Desktop\MathsScript-wt-w212-axiom\tests\integration\test_repl_wave166_pipeline.cpp for CXX dependencies
[984/1759] Generating CXX dyndep file tests\integration\CMakeFiles\integration_tensorops_decompose_repl_pipeline.dir\CXX.dd
[985/1759] Scanning C:\Users\odinl\OneDrive\Desktop\MathsScript-wt-w212-axiom\tests\integration\test_repl_wave89_pipeline.cpp for CXX dependencies
[986/1759] Scanning C:\Users\odinl\OneDrive\Desktop\MathsScript-wt-w212-axiom\tests\integration\test_stateful_objects2_repl_pipeline.cpp for CXX dependencies
[987/1759] Scanning C:\Users\odinl\OneDrive\Desktop\MathsScript-wt-w212-axiom\tests\integration\test_ode_repl_complex_pipeline.cpp for CXX dependencies
[988/1759] Generating CXX dyndep file tests\integration\CMakeFiles\integration_pde_repl_pipeline.dir\CXX.dd
[989/1759] Generating CXX dyndep file tests\integration\CMakeFiles\integration_mathscriptc_pipeline.dir\CXX.dd
[990/1759] Generating CXX dyndep file tests\CMakeFiles\test_repl_cli.dir\CXX.dd
[991/1759] Generating CXX dyndep file tests\integration\CMakeFiles\integration_repl_wave162_pipeline.dir\CXX.dd
[992/1759] Generating CXX dyndep file tests\integration\CMakeFiles\integration_repl_wave159_pipeline.dir\CXX.dd
[993/1759] Scanning C:\Users\odinl\OneDrive\Desktop\MathsScript-wt-w212-axiom\tests\integration\test_prob_stats_fft_repl_pipeline.cpp for CXX dependencies
[994/1759] Generating CXX dyndep file tests\integration\CMakeFiles\integration_repl_wave175_pipeline.dir\CXX.dd
[995/1759] Generating CXX dyndep file tests\CMakeFiles\test_server_cli.dir\CXX.dd
[996/1759] Generating CXX dyndep file tests\integration\CMakeFiles\integration_session_objects_repl_pipeline.dir\CXX.dd
[997/1759] Generating CXX dyndep file tests\integration\CMakeFiles\integration_repl_wave168_pipeline.dir\CXX.dd
[998/1759] Generating CXX dyndep file tests\integration\CMakeFiles\integration_repl_wave170_pipeline.dir\CXX.dd
[999/1759] Generating CXX dyndep file tests\integration\CMakeFiles\integration_prob_stats_fft_repl_pipeline.dir\CXX.dd
[1000/1759] Generating CXX dyndep file tests\integration\CMakeFiles\integration_repl_wave166_pipeline.dir\CXX.dd
[1001/1759] Generating CXX dyndep file tests\integration\CMakeFiles\integration_repl_wave111_pipeline.dir\CXX.dd
[1002/1759] Generating CXX dyndep file tests\integration\CMakeFiles\integration_ode_repl_complex_pipeline.dir\CXX.dd
[1003/1759] Generating CXX dyndep file tests\integration\CMakeFiles\integration_repl_wave89_pipeline.dir\CXX.dd
[1004/1759] Generating CXX dyndep file tests\integration\CMakeFiles\integration_stateful_objects2_repl_pipeline.dir\CXX.dd
[1005/1759] Generating CXX dyndep file tests\integration\CMakeFiles\integration_ode_repl_pipeline.dir\CXX.dd
[1006/1759] Scanning C:\Users\odinl\OneDrive\Desktop\MathsScript-wt-w212-axiom\tests\integration\test_repl_wave90_pipeline.cpp for CXX dependencies
[1007/1759] Generating CXX dyndep file tests\integration\CMakeFiles\integration_repl_wave110_pipeline.dir\CXX.dd
[1008/1759] Scanning C:\Users\odinl\OneDrive\Desktop\MathsScript-wt-w212-axiom\tests\integration\test_frameworks_repl_pipeline.cpp for CXX dependencies
[1009/1759] Scanning C:\Users\odinl\OneDrive\Desktop\MathsScript-wt-w212-axiom\tests\unit\test_mathscriptc_cli.cpp for CXX dependencies
[1010/1759] Generating CXX dyndep file tests\integration\CMakeFiles\integration_repl_wave90_pipeline.dir\CXX.dd
[1011/1759] Generating CXX dyndep file tests\integration\CMakeFiles\integration_frameworks_repl_pipeline.dir\CXX.dd
[1012/1759] Generating CXX dyndep file tests\CMakeFiles\test_mathscriptc_cli.dir\CXX.dd
[1013/1759] Building CXX object _deps\googletest-build\googletest\CMakeFiles\gtest_main.dir\src\gtest_main.cc.obj
[1014/1759] Building CXX object _deps\googletest-build\googlemock\CMakeFiles\gmock_main.dir\src\gmock_main.cc.obj
[1015/1759] Building CXX object tests\CMakeFiles\test_norm.dir\unit\test_norm.cpp.obj
[1016/1759] Building CXX object _deps\googletest-build\googlemock\CMakeFiles\gmock_main.dir\src\gmock-all.cc.obj
[1017/1759] Building CXX object tests\CMakeFiles\test_core_ext.dir\unit\test_core_ext.cpp.obj
C:\Users\odinl\OneDrive\Desktop\MathsScript-wt-w212-axiom\tests\unit\test_core_ext.cpp(19): warning C5030: attribute [[ms::unsafe]] is not recognized
[1018/1759] Building CXX object tests\CMakeFiles\test_mpi_stub.dir\unit\test_mpi_stub.cpp.obj
[1019/1759] Building CXX object tests\CMakeFiles\test_cuda_matmul.dir\unit\test_cuda_matmul.cpp.obj
[1020/1759] Building CXX object tests\CMakeFiles\test_special_hyper.dir\unit\test_special_hyper.cpp.obj
[1021/1759] Building CXX object tests\CMakeFiles\test_integration.dir\unit\test_integration.cpp.obj
[1022/1759] Building CXX object tests\CMakeFiles\test_symbolic.dir\unit\test_symbolic.cpp.obj
[1023/1759] Linking CXX static library lib\gtest_main.lib
[1024/1759] Building CXX object tests\CMakeFiles\test_dist_multi_rank.dir\unit\test_dist_multi_rank.cpp.obj
[1025/1759] Building CXX object tests\CMakeFiles\test_float_linalg.dir\unit\test_float_linalg.cpp.obj
[1026/1759] Building CXX object tests\CMakeFiles\test_cuda_ext.dir\unit\test_cuda_ext.cpp.obj
[1027/1759] Building CXX object tests\CMakeFiles\test_matmul.dir\unit\test_matmul.cpp.obj
[1028/1759] Building CXX object _deps\googletest-build\googlemock\CMakeFiles\gmock.dir\src\gmock-all.cc.obj
[1029/1759] Building CXX object tests\CMakeFiles\test_jit_backend.dir\unit\test_jit_backend.cpp.obj
[1030/1759] Building CXX object tests\CMakeFiles\test_special_smoke.dir\unit\test_special_smoke.cpp.obj
[1031/1759] Building CXX object tests\CMakeFiles\test_special_voigt.dir\unit\test_special_voigt.cpp.obj
[1032/1759] Building CXX object tests\CMakeFiles\test_plot_console.dir\unit\test_plot_console.cpp.obj
[1033/1759] Building CXX object tests\CMakeFiles\test_dist_block.dir\unit\test_dist_block.cpp.obj
[1034/1759] Building CXX object tests\CMakeFiles\test_dist_lu.dir\unit\test_dist_lu.cpp.obj
[1035/1759] Building CXX object tests\CMakeFiles\test_sparse_spmv.dir\unit\test_sparse_spmv.cpp.obj
[1036/1759] Building CXX object tests\CMakeFiles\test_stats_prob_more.dir\unit\test_stats_prob_more.cpp.obj
[1037/1759] Building CXX object tests\CMakeFiles\test_frameworks.dir\unit\test_frameworks.cpp.obj
[1038/1759] Building CXX object tests\CMakeFiles\test_blas_dgemm.dir\unit\test_blas_dgemm.cpp.obj
[1039/1759] Building CXX object tests\CMakeFiles\test_fft_ext.dir\unit\test_fft_ext.cpp.obj
[1040/1759] Building CXX object tests\CMakeFiles\test_linalg_ext.dir\unit\test_linalg_ext.cpp.obj
[1041/1759] Building CXX object tests\CMakeFiles\test_frameworks_ext.dir\unit\test_frameworks_ext.cpp.obj
[1042/1759] Building CXX object tests\CMakeFiles\test_signal_filters.dir\unit\test_signal_filters.cpp.obj
[1043/1759] Building CXX object tests\CMakeFiles\test_lu_typed.dir\unit\test_lu_typed.cpp.obj
[1044/1759] Building CXX object tests\CMakeFiles\test_memory.dir\unit\test_memory.cpp.obj
C:\Users\odinl\OneDrive\Desktop\MathsScript-wt-w212-axiom\include\ms/memory/pinned_allocator.hpp(18): warning C4100: 'n': unreferenced parameter
C:\Users\odinl\OneDrive\Desktop\MathsScript-wt-w212-axiom\include\ms/memory/aligned_allocator.hpp(37): warning C4100: 'n': unreferenced parameter
C:\Users\odinl\OneDrive\Desktop\MathsScript-wt-w212-axiom\include\ms/memory/aligned_allocator.hpp(37): note: the template instantiation context (the oldest one first) is
C:\Users\odinl\OneDrive\Desktop\MathsScript-wt-w212-axiom\tests\unit\test_memory.cpp(79): note: see reference to class template instantiation 'ms::memory::AlignedAllocator<double,64>' being compiled
C:\Users\odinl\OneDrive\Desktop\MathsScript-wt-w212-axiom\include\ms/memory/aligned_allocator.hpp(37): note: while compiling class template member function 'void ms::memory::AlignedAllocator<double,64>::deallocate(double *,size_t)'
C:\Users\odinl\OneDrive\Desktop\MathsScript-wt-w212-axiom\tests\unit\test_memory.cpp(85): note: see the first reference to 'ms::memory::AlignedAllocator<double,64>::deallocate' in 'MemoryTest_aligned_allocator_smoke_Test::TestBody'
[1045/1759] Building CXX object tests\CMakeFiles\test_symbolic_advanced.dir\unit\test_symbolic_advanced.cpp.obj
[1046/1759] Building CXX object tests\CMakeFiles\test_rng.dir\unit\test_rng.cpp.obj
[1047/1759] Building CXX object tests\CMakeFiles\test_blas_lapack.dir\unit\test_blas_lapack.cpp.obj
[1048/1759] Building CXX object tests\CMakeFiles\test_tensor.dir\unit\test_tensor.cpp.obj
[1049/1759] Building CXX object tests\CMakeFiles\test_core_sym.dir\unit\test_core_sym.cpp.obj
[1050/1759] Building CXX object tests\CMakeFiles\test_repl_advanced.dir\unit\test_repl_advanced.cpp.obj
[1051/1759] Building CXX object tests\CMakeFiles\test_simd_vector_ops.dir\unit\test_simd_vector_ops.cpp.obj
[1052/1759] Building CXX object tests\CMakeFiles\test_scalar_type.dir\unit\test_scalar_type.cpp.obj
[1053/1759] Building CXX object tests\CMakeFiles\test_construction.dir\unit\test_construction.cpp.obj
[1054/1759] Building CXX object tests\CMakeFiles\test_sparse_ext.dir\unit\test_sparse_ext.cpp.obj
[1055/1759] Building CXX object tests\CMakeFiles\test_signal_windows.dir\unit\test_signal_windows.cpp.obj
[1056/1759] Building CXX object tests\CMakeFiles\test_pde_extended.dir\unit\test_pde_extended.cpp.obj
[1057/1759] Building CXX object tests\CMakeFiles\test_repl_api_direct.dir\unit\test_repl_api_direct.cpp.obj
C:\Users\odinl\OneDrive\Desktop\MathsScript-wt-w212-axiom\tests\unit\test_repl_api_direct.cpp(107): warning C4834: discarding return value of function with [[nodiscard]] attribute
C:\Users\odinl\OneDrive\Desktop\MathsScript-wt-w212-axiom\tests\unit\test_repl_api_direct.cpp(108): warning C4834: discarding return value of function with [[nodiscard]] attribute
[1058/1759] Building CXX object tests\CMakeFiles\test_domain_types.dir\unit\test_domain_types.cpp.obj
[1059/1759] Building CXX object tests\CMakeFiles\test_optim_extended.dir\unit\test_optim_extended.cpp.obj
[1060/1759] Building CXX object tests\CMakeFiles\test_stats_gaps.dir\unit\test_stats_gaps.cpp.obj
[1061/1759] Building CXX object tests\CMakeFiles\test_memory_extended.dir\unit\test_memory_extended.cpp.obj
C:\Users\odinl\OneDrive\Desktop\MathsScript-wt-w212-axiom\include\ms/memory/pinned_allocator.hpp(18): warning C4100: 'n': unreferenced parameter
C:\Users\odinl\OneDrive\Desktop\MathsScript-wt-w212-axiom\include\ms/memory/aligned_allocator.hpp(37): warning C4100: 'n': unreferenced parameter
C:\Users\odinl\OneDrive\Desktop\MathsScript-wt-w212-axiom\include\ms/memory/aligned_allocator.hpp(37): note: the template instantiation context (the oldest one first) is
C:\Users\odinl\OneDrive\Desktop\MathsScript-wt-w212-axiom\tests\unit\test_memory_extended.cpp(159): note: see reference to class template instantiation 'ms::memory::AlignedAllocator<double,32>' being compiled
C:\Users\odinl\OneDrive\Desktop\MathsScript-wt-w212-axiom\include\ms/memory/aligned_allocator.hpp(37): note: while compiling class template member function 'void ms::memory::AlignedAllocator<double,32>::deallocate(double *,size_t)'
C:\Users\odinl\OneDrive\Desktop\MathsScript-wt-w212-axiom\tests\unit\test_memory_extended.cpp(166): note: see the first reference to 'ms::memory::AlignedAllocator<double,32>::deallocate' in 'AlignedAllocExtTest_MultipleAllocationsAllAligned_Test::TestBody'
[1062/1759] Building CXX object tests\CMakeFiles\test_poly_extended.dir\unit\test_poly_extended.cpp.obj
[1063/1759] Building CXX object tests\CMakeFiles\test_linalg_edge.dir\unit\test_linalg_edge.cpp.obj
[1064/1759] Building CXX object tests\CMakeFiles\test_gria_advanced.dir\unit\test_gria_advanced.cpp.obj
C:\Users\odinl\OneDrive\Desktop\MathsScript-wt-w212-axiom\tests\unit\test_gria_advanced.cpp(110): warning C4334: '<<': result of 32-bit shift implicitly converted to 64 bits (was 64-bit shift intended?)
[1065/1759] Building CXX object tests\CMakeFiles\test_axiom_gria_ext.dir\unit\test_axiom_gria_ext.cpp.obj
[1066/1759] Building CXX object tests\CMakeFiles\test_simd.dir\unit\test_simd.cpp.obj
[1067/1759] Building CXX object tests\CMakeFiles\test_simd_extended.dir\unit\test_simd_extended.cpp.obj
[1068/1759] Building CXX object tests\CMakeFiles\test_linalg_advanced.dir\unit\test_linalg_advanced.cpp.obj
[1069/1759] Building CXX object tests\CMakeFiles\test_topology_dispatch_adv.dir\unit\test_topology_dispatch_adv.cpp.obj
[1070/1759] Building CXX object tests\CMakeFiles\test_load_balancer.dir\unit\test_load_balancer.cpp.obj
[1071/1759] Building CXX object tests\CMakeFiles\test_thread_pool_linalg_adv.dir\unit\test_thread_pool_linalg_adv.cpp.obj
[1072/1759] Building CXX object tests\CMakeFiles\test_distributed_adv.dir\unit\test_distributed_adv.cpp.obj
[1073/1759] Building CXX object tests\CMakeFiles\test_simd_isa_adv.dir\unit\test_simd_isa_adv.cpp.obj
[1074/1759] Building CXX object tests\CMakeFiles\test_izaac_advanced.dir\unit\test_izaac_advanced.cpp.obj
[1075/1759] Building CXX object tests\CMakeFiles\test_repl_session_adv.dir\unit\test_repl_session_adv.cpp.obj
C:\Users\odinl\OneDrive\Desktop\MathsScript-wt-w212-axiom\tests\unit\test_repl_session_adv.cpp(97): warning C4834: discarding return value of function with [[nodiscard]] attribute
C:\Users\odinl\OneDrive\Desktop\MathsScript-wt-w212-axiom\tests\unit\test_repl_session_adv.cpp(98): warning C4834: discarding return value of function with [[nodiscard]] attribute
C:\Users\odinl\OneDrive\Desktop\MathsScript-wt-w212-axiom\tests\unit\test_repl_session_adv.cpp(179): warning C4834: discarding return value of function with [[nodiscard]] attribute
C:\Users\odinl\OneDrive\Desktop\MathsScript-wt-w212-axiom\tests\unit\test_repl_session_adv.cpp(189): warning C4834: discarding return value of function with [[nodiscard]] attribute
C:\Users\odinl\OneDrive\Desktop\MathsScript-wt-w212-axiom\tests\unit\test_repl_session_adv.cpp(199): warning C4834: discarding return value of function with [[nodiscard]] attribute
[1076/1759] Building CXX object tests\CMakeFiles\test_dispatch.dir\unit\test_dispatch.cpp.obj
[1077/1759] Building CXX object tests\CMakeFiles\test_frameworks_adv.dir\unit\test_frameworks_adv.cpp.obj
[1078/1759] Building CXX object tests\CMakeFiles\test_special_sweep.dir\unit\test_special_sweep.cpp.obj
[1079/1759] Building CXX object tests\CMakeFiles\test_stats_prob_ext.dir\unit\test_stats_prob_ext.cpp.obj
[1080/1759] Building CXX object tests\CMakeFiles\test_optim_ode_more.dir\unit\test_optim_ode_more.cpp.obj
[1081/1759] Building CXX object tests\CMakeFiles\test_dist_matrix_adv.dir\unit\test_dist_matrix_adv.cpp.obj
[1082/1759] Building CXX object tests\CMakeFiles\test_qr.dir\unit\test_qr.cpp.obj
[1083/1759] Building CXX object tests\CMakeFiles\test_fft_freq.dir\unit\test_fft_freq.cpp.obj
[1084/1759] Building CXX object tests\CMakeFiles\test_linalg_decomp.dir\unit\test_linalg_decomp.cpp.obj
[1085/1759] Building CXX object tests\CMakeFiles\test_special_heun_painleve.dir\unit\test_special_heun_painleve.cpp.obj
[1086/1759] Building CXX object tests\CMakeFiles\test_special_bessel.dir\unit\test_special_bessel.cpp.obj
[1087/1759] Building CXX object tests\CMakeFiles\test_cuda_stub.dir\unit\test_cuda_stub.cpp.obj
[1088/1759] Building CXX object tests\CMakeFiles\test_special_zeta_theta.dir\unit\test_special_zeta_theta.cpp.obj
[1089/1759] Building CXX object tests\CMakeFiles\test_symbolic_ext.dir\unit\test_symbolic_ext.cpp.obj
[1090/1759] Building CXX object tests\CMakeFiles\test_ode_pde_optim.dir\unit\test_ode_pde_optim.cpp.obj
[1091/1759] Building CXX object tests\CMakeFiles\test_solve.dir\unit\test_solve.cpp.obj
[1092/1759] Building CXX object tests\CMakeFiles\test_lu.dir\unit\test_lu.cpp.obj
[1093/1759] Building CXX object tests\CMakeFiles\test_fuzz_stress.dir\fuzz\fuzz_stress.cpp.obj
[1094/1759] Building CXX object tests\CMakeFiles\test_poly_domain.dir\unit\test_poly_domain.cpp.obj
[1095/1759] Building CXX object tests\CMakeFiles\test_iterative_ext.dir\unit\test_iterative_ext.cpp.obj
[1096/1759] Building CXX object tests\CMakeFiles\test_simd_ext.dir\unit\test_simd_ext.cpp.obj
[1097/1759] Building CXX object tests\CMakeFiles\test_special_poly_elliptic.dir\unit\test_special_poly_elliptic.cpp.obj
[1098/1759] Building CXX object tests\CMakeFiles\test_special_edge.dir\unit\test_special_edge.cpp.obj
[1099/1759] Building CXX object tests\CMakeFiles\test_linalg_chol.dir\unit\test_linalg_chol.cpp.obj
[1100/1759] Building CXX object tests\CMakeFiles\test_special_misc.dir\unit\test_special_misc.cpp.obj
[1101/1759] Building CXX object tests\CMakeFiles\test_special_ext.dir\unit\test_special_ext.cpp.obj
[1102/1759] Building CXX object tests\CMakeFiles\test_error_types.dir\unit\test_error_types.cpp.obj
[1103/1759] Building CXX object tests\CMakeFiles\test_repl_commands.dir\unit\test_repl_commands.cpp.obj
[1104/1759] Building CXX object tests\CMakeFiles\test_signal_ext.dir\unit\test_signal_ext.cpp.obj
[1105/1759] Building CXX object tests\CMakeFiles\test_memory_adv.dir\unit\test_memory_adv.cpp.obj
C:\Users\odinl\OneDrive\Desktop\MathsScript-wt-w212-axiom\include\ms/memory/aligned_allocator.hpp(37): warning C4100: 'n': unreferenced parameter
C:\Users\odinl\OneDrive\Desktop\MathsScript-wt-w212-axiom\include\ms/memory/aligned_allocator.hpp(37): note: the template instantiation context (the oldest one first) is
C:\Users\odinl\OneDrive\Desktop\MathsScript-wt-w212-axiom\tests\unit\test_memory_adv.cpp(176): note: see reference to class template instantiation 'ms::memory::AlignedAllocator<int,32>' being compiled
C:\Users\odinl\OneDrive\Desktop\MathsScript-wt-w212-axiom\include\ms/memory/aligned_allocator.hpp(37): note: while compiling class template member function 'void ms::memory::AlignedAllocator<int,32>::deallocate(int *,size_t)'
C:\Users\odinl\OneDrive\Desktop\MathsScript-wt-w212-axiom\tests\unit\test_memory_adv.cpp(182): note: see the first reference to 'ms::memory::AlignedAllocator<int,32>::deallocate' in 'MemoryAdv_AlignedAlloc_MultipleAllocations_Test::TestBody'
[1106/1759] Building CXX object tests\CMakeFiles\test_sparse_adv.dir\unit\test_sparse_adv.cpp.obj
[1107/1759] Building CXX object tests\CMakeFiles\test_ode_advanced2.dir\unit\test_ode_advanced2.cpp.obj
[1108/1759] Building CXX object tests\CMakeFiles\test_optim_newton_broyden.dir\unit\test_optim_newton_broyden.cpp.obj
[1109/1759] Building CXX object tests\CMakeFiles\test_domain_adv.dir\unit\test_domain_adv.cpp.obj
[1110/1759] Building CXX object tests\CMakeFiles\test_stats_adv2.dir\unit\test_stats_adv2.cpp.obj
[1111/1759] Building CXX object tests\CMakeFiles\test_fft_core.dir\unit\test_fft_core.cpp.obj
[1112/1759] Building CXX object tests\CMakeFiles\test_signal_adv3.dir\unit\test_signal_adv3.cpp.obj
[1113/1759] Building CXX object tests\CMakeFiles\test_prob_adv2.dir\unit\test_prob_adv2.cpp.obj
[1114/1759] Building CXX object tests\CMakeFiles\test_symbolic_adv2.dir\unit\test_symbolic_adv2.cpp.obj
[1115/1759] Building CXX object tests\CMakeFiles\test_stats_edge.dir\unit\test_stats_edge.cpp.obj
[1116/1759] Building CXX object tests\CMakeFiles\test_signal_adv2.dir\unit\test_signal_adv2.cpp.obj
C:\Users\odinl\OneDrive\Desktop\MathsScript-wt-w212-axiom\tests\unit\test_signal_adv2.cpp(17): warning C4505: 'signal_energy': unreferenced function with internal linkage has been removed
[1117/1759] Building CXX object tests\CMakeFiles\test_prob_adv3.dir\unit\test_prob_adv3.cpp.obj
[1118/1759] Building CXX object tests\CMakeFiles\test_tensor_scalar.dir\unit\test_tensor_scalar.cpp.obj
[1119/1759] Building CXX object tests\CMakeFiles\test_linalg_iterative2.dir\unit\test_linalg_iterative2.cpp.obj
C:\Users\odinl\OneDrive\Desktop\MathsScript-wt-w212-axiom\tests\unit\test_linalg_iterative2.cpp(8): warning C4505: 'frob': unreferenced function with internal linkage has been removed
[1120/1759] Building CXX object _deps\googletest-build\googlemock\CMakeFiles\gmock_main.dir\__\googletest\src\gtest-all.cc.obj
[1121/1759] Building CXX object tests\CMakeFiles\test_repl_session.dir\unit\test_repl_session.cpp.obj
[1122/1759] Building CXX object tests\CMakeFiles\test_numthy.dir\unit\test_numthy.cpp.obj
[1123/1759] Building CXX object tests\CMakeFiles\test_control.dir\unit\test_control.cpp.obj
[1124/1759] Building CXX object tests\CMakeFiles\test_optim_global.dir\unit\test_optim_global.cpp.obj
[1125/1759] Building CXX object tests\CMakeFiles\test_fft_typed.dir\unit\test_fft_typed.cpp.obj
[1126/1759] Building CXX object tests\CMakeFiles\test_expr_templates.dir\unit\test_expr_templates.cpp.obj
[1127/1759] Building CXX object tests\CMakeFiles\test_mathscriptc_cli.dir\unit\test_mathscriptc_cli.cpp.obj
[1128/1759] Building CXX object tests\CMakeFiles\test_combo.dir\unit\test_combo.cpp.obj
[1129/1759] Building CXX object tests\CMakeFiles\test_transpose.dir\unit\test_transpose.cpp.obj
[1130/1759] Building CXX object tests\numerical\CMakeFiles\numerical_bessel.dir\test_bessel_ref.cpp.obj
[1131/1759] Building CXX object tests\CMakeFiles\test_diffgeo.dir\unit\test_diffgeo.cpp.obj
[1132/1759] Building CXX object tests\CMakeFiles\test_geo.dir\unit\test_geo.cpp.obj
[1133/1759] Building CXX object tests\CMakeFiles\test_topo.dir\unit\test_topo.cpp.obj
[1134/1759] Building CXX object tests\numerical\CMakeFiles\numerical_special.dir\test_special_ref.cpp.obj
[1135/1759] Building CXX object tests\CMakeFiles\test_repl_cli.dir\unit\test_repl_cli.cpp.obj
[1136/1759] Building CXX object tests\CMakeFiles\test_checked_arith.dir\unit\test_checked_arith.cpp.obj
[1137/1759] Building CXX object tests\CMakeFiles\test_finance.dir\unit\test_finance.cpp.obj
[1138/1759] Building CXX object tests\numerical\CMakeFiles\numerical_linalg.dir\test_linalg_ref.cpp.obj
[1139/1759] Building CXX object tests\CMakeFiles\test_image.dir\unit\test_image.cpp.obj
[1140/1759] Building CXX object tests\CMakeFiles\test_compress.dir\unit\test_compress.cpp.obj
[1141/1759] Building CXX object tests\CMakeFiles\test_graph.dir\unit\test_graph.cpp.obj
[1142/1759] Building CXX object tests\numerical\CMakeFiles\numerical_ode.dir\test_ode_ref.cpp.obj
[1143/1759] Building CXX object tests\numerical\CMakeFiles\numerical_pde.dir\test_pde_ref.cpp.obj
C:\Users\odinl\OneDrive\Desktop\MathsScript-wt-w212-axiom\tests\numerical\test_pde_ref.cpp(20): warning C4505: 'heat_analytical': unreferenced function with internal linkage has been removed
[1144/1759] Building CXX object tests\numerical\CMakeFiles\numerical_iterative.dir\test_iterative_ref.cpp.obj
[1145/1759] Building CXX object tests\numerical\CMakeFiles\numerical_sparse.dir\test_sparse_ref.cpp.obj
[1146/1759] Building CXX object tests\numerical\CMakeFiles\numerical_linalg_decomp.dir\test_linalg_decomp_ref.cpp.obj
[1147/1759] Building CXX object tests\CMakeFiles\test_core_matrix.dir\unit\test_core_matrix.cpp.obj
[1148/1759] Building CXX object tests\CMakeFiles\test_runtime.dir\unit\test_runtime.cpp.obj
[1149/1759] Building CXX object tests\numerical\CMakeFiles\numerical_signal_windows.dir\test_signal_windows_ref.cpp.obj
C:\Users\odinl\OneDrive\Desktop\MathsScript-wt-w212-axiom\tests\numerical\test_signal_windows_ref.cpp(17): warning C4505: 'sum_vec': unreferenced function with internal linkage has been removed
[1150/1759] Building CXX object tests\CMakeFiles\test_data_driven.dir\unit\test_data_driven.cpp.obj
[1151/1759] Building CXX object tests\numerical\CMakeFiles\numerical_fft_extended.dir\test_fft_extended_ref.cpp.obj
[1152/1759] Building CXX object tests\numerical\CMakeFiles\numerical_stats_advanced.dir\test_stats_advanced_ref.cpp.obj
[1153/1759] Building CXX object tests\CMakeFiles\test_sym_extended.dir\unit\test_sym_extended.cpp.obj
[1154/1759] Building CXX object tests\CMakeFiles\test_linalg_decomp_ext.dir\unit\test_linalg_decomp_ext.cpp.obj
[1155/1759] Building CXX object tests\CMakeFiles\test_jit_factory.dir\unit\test_jit_factory.cpp.obj
[1156/1759] Building CXX object tests\CMakeFiles\test_topology.dir\unit\test_topology.cpp.obj
[1157/1759] Building CXX object tests\CMakeFiles\test_server_cli.dir\unit\test_server_cli.cpp.obj
[1158/1759] Building CXX object tests\numerical\CMakeFiles\numerical_special_group1.dir\test_special_group1_ref.cpp.obj
[1159/1759] Building CXX object tests\numerical\CMakeFiles\numerical_special_group2.dir\test_special_group2_ref.cpp.obj
[1160/1759] Building CXX object tests\CMakeFiles\test_chol_typed.dir\unit\test_chol_typed.cpp.obj
[1161/1759] Building CXX object tests\CMakeFiles\test_solve_typed.dir\unit\test_solve_typed.cpp.obj
[1162/1759] Building CXX object tests\CMakeFiles\test_error_types_extended.dir\unit\test_error_types_extended.cpp.obj
[1163/1759] Building CXX object _deps\googletest-build\googlemock\CMakeFiles\gmock.dir\__\googletest\src\gtest-all.cc.obj
[1164/1759] Building CXX object tests\CMakeFiles\test_ml.dir\unit\test_ml.cpp.obj
[1165/1759] Building CXX object tests\CMakeFiles\test_stats_numerical.dir\unit\test_stats_numerical.cpp.obj
[1166/1759] Building CXX object tests\CMakeFiles\test_tensor_lb_numa.dir\unit\test_tensor_lb_numa.cpp.obj
[1167/1759] Building CXX object tests\CMakeFiles\test_memory_allocators_adv.dir\unit\test_memory_allocators_adv.cpp.obj
C:\Users\odinl\OneDrive\Desktop\MathsScript-wt-w212-axiom\include\ms/memory/pinned_allocator.hpp(18): warning C4100: 'n': unreferenced parameter
C:\Users\odinl\OneDrive\Desktop\MathsScript-wt-w212-axiom\include\ms/memory/aligned_allocator.hpp(37): warning C4100: 'n': unreferenced parameter
C:\Users\odinl\OneDrive\Desktop\MathsScript-wt-w212-axiom\include\ms/memory/aligned_allocator.hpp(37): note: the template instantiation context (the oldest one first) is
C:\Users\odinl\OneDrive\Desktop\MathsScript-wt-w212-axiom\tests\unit\test_memory_allocators_adv.cpp(55): note: see reference to class template instantiation 'ms::memory::AlignedAllocator<int,64>' being compiled
C:\Users\odinl\OneDrive\Desktop\MathsScript-wt-w212-axiom\include\ms/memory/aligned_allocator.hpp(37): note: while compiling class template member function 'void ms::memory::AlignedAllocator<int,64>::deallocate(int *,size_t)'
C:\Users\odinl\OneDrive\Desktop\MathsScript-wt-w212-axiom\tests\unit\test_memory_allocators_adv.cpp(61): note: see the first reference to 'ms::memory::AlignedAllocator<int,64>::deallocate' in 'AlignedAllocatorTest_RawArray_Writable_Test::TestBody'
[1168/1759] Building CXX object tests\CMakeFiles\test_cpu_blas_kernel.dir\unit\test_cpu_blas_kernel.cpp.obj
[1169/1759] Building CXX object tests\CMakeFiles\test_optim_result_types.dir\unit\test_optim_result_types.cpp.obj
C:\Users\odinl\OneDrive\Desktop\MathsScript-wt-w212-axiom\tests\unit\test_optim_result_types.cpp(125): warning C4189: 'x': local variable is initialized but not referenced
[1170/1759] Building CXX object tests\numerical\CMakeFiles\numerical_linalg_hess_schur.dir\test_linalg_hess_schur_ref.cpp.obj
[1171/1759] Building CXX object tests\CMakeFiles\test_cellai_cypha_ext.dir\unit\test_cellai_cypha_ext.cpp.obj
[1172/1759] Building CXX object tests\CMakeFiles\test_optim_adv.dir\unit\test_optim_adv.cpp.obj
[1173/1759] Building CXX object tests\numerical\CMakeFiles\numerical_ode_advanced.dir\test_ode_advanced_ref.cpp.obj
[1174/1759] Building CXX object tests\numerical\CMakeFiles\numerical_linalg_decomp_adv.dir\test_linalg_decomp_adv.cpp.obj
[1175/1759] Building CXX object tests\numerical\CMakeFiles\numerical_linalg_struct_adv.dir\test_linalg_struct_adv.cpp.obj
[1176/1759] Building CXX object tests\numerical\CMakeFiles\numerical_linalg_norm_cg_adv.dir\test_linalg_norm_cg_adv.cpp.obj
[1177/1759] Building CXX object tests\CMakeFiles\test_repl_error_paths.dir\unit\test_repl_error_paths.cpp.obj
C:\Users\odinl\OneDrive\Desktop\MathsScript-wt-w212-axiom\tests\unit\test_repl_error_paths.cpp(25): warning C4834: discarding return value of function with [[nodiscard]] attribute
C:\Users\odinl\OneDrive\Desktop\MathsScript-wt-w212-axiom\tests\unit\test_repl_error_paths.cpp(26): warning C4834: discarding return value of function with [[nodiscard]] attribute
C:\Users\odinl\OneDrive\Desktop\MathsScript-wt-w212-axiom\tests\unit\test_repl_error_paths.cpp(55): warning C4834: discarding return value of function with [[nodiscard]] attribute
C:\Users\odinl\OneDrive\Desktop\MathsScript-wt-w212-axiom\tests\unit\test_repl_error_paths.cpp(56): warning C4834: discarding return value of function with [[nodiscard]] attribute
C:\Users\odinl\OneDrive\Desktop\MathsScript-wt-w212-axiom\tests\unit\test_repl_error_paths.cpp(57): warning C4834: discarding return value of function with [[nodiscard]] attribute
C:\Users\odinl\OneDrive\Desktop\MathsScript-wt-w212-axiom\tests\unit\test_repl_error_paths.cpp(66): warning C4834: discarding return value of function with [[nodiscard]] attribute
C:\Users\odinl\OneDrive\Desktop\MathsScript-wt-w212-axiom\tests\unit\test_repl_error_paths.cpp(67): warning C4834: discarding return value of function with [[nodiscard]] attribute
[1178/1759] Building CXX object tests\numerical\CMakeFiles\numerical_linalg_cond_rank.dir\test_linalg_cond_rank.cpp.obj
[1179/1759] Building CXX object tests\numerical\CMakeFiles\numerical_core_ops_adv.dir\test_core_ops_adv.cpp.obj
C:\Users\odinl\OneDrive\Desktop\MathsScript-wt-w212-axiom\tests\numerical\test_core_ops_adv.cpp(14): warning C4505: 'frob': unreferenced function with internal linkage has been removed
[1180/1759] Building CXX object tests\CMakeFiles\test_rng_statistical_quality.dir\unit\test_rng_statistical_quality.cpp.obj
[1181/1759] Building CXX object tests\CMakeFiles\test_optim_constrained.dir\unit\test_optim_constrained.cpp.obj
[1182/1759] Building CXX object tests\numerical\CMakeFiles\numerical_linalg_iter_adv.dir\test_linalg_iter_adv.cpp.obj
C:\Users\odinl\OneDrive\Desktop\MathsScript-wt-w212-axiom\tests\numerical\test_linalg_iter_adv.cpp(26): warning C4505: 'vec_norm': unreferenced function with internal linkage has been removed
[1183/1759] Building CXX object tests\numerical\CMakeFiles\numerical_linalg_logm_sqrtm.dir\test_linalg_logm_sqrtm.cpp.obj
C:\Users\odinl\OneDrive\Desktop\MathsScript-wt-w212-axiom\tests\numerical\test_linalg_logm_sqrtm.cpp(15): warning C4505: 'matvec_m': unreferenced function with internal linkage has been removed
C:\Users\odinl\OneDrive\Desktop\MathsScript-wt-w212-axiom\tests\numerical\test_linalg_logm_sqrtm.cpp(40): warning C4505: 'frob_norm': unreferenced function with internal linkage has been removed
[1184/1759] Building CXX object tests\CMakeFiles\test_poly_ext.dir\unit\test_poly_ext.cpp.obj
[1185/1759] Building CXX object tests\numerical\CMakeFiles\numerical_special_erf_adv.dir\test_special_erf_adv.cpp.obj
[1186/1759] Building CXX object tests\CMakeFiles\test_poly_adv2.dir\unit\test_poly_adv2.cpp.obj
[1187/1759] Building CXX object tests\CMakeFiles\test_quantum.dir\unit\test_quantum.cpp.obj
[1188/1759] Building CXX object tests\CMakeFiles\test_runtime_dispatch_adv.dir\unit\test_runtime_dispatch_adv.cpp.obj
[1189/1759] Building CXX object tests\CMakeFiles\test_sparse_ops_adv.dir\unit\test_sparse_ops_adv.cpp.obj
[1190/1759] Building CXX object tests\CMakeFiles\test_optim_adv2.dir\unit\test_optim_adv2.cpp.obj
[1191/1759] Building CXX object tests\integration\CMakeFiles\integration_scientific_pipeline.dir\test_scientific_pipeline.cpp.obj
[1192/1759] Building CXX object tests\integration\CMakeFiles\integration_ode_pde_pipeline.dir\test_ode_pde_pipeline.cpp.obj
[1193/1759] Building CXX object tests\numerical\CMakeFiles\numerical_linalg_new_funcs.dir\test_linalg_new_funcs.cpp.obj
[1194/1759] Building CXX object tests\integration\CMakeFiles\integration_framework_pipeline.dir\test_framework_pipeline.cpp.obj
[1195/1759] Building CXX object tests\integration\CMakeFiles\integration_symbolic_optim_pipeline.dir\test_symbolic_optim_pipeline.cpp.obj
[1196/1759] Building CXX object tests\CMakeFiles\test_units.dir\unit\test_units.cpp.obj
[1197/1759] Building CXX object tests\CMakeFiles\test_repl_interp_adv.dir\unit\test_repl_interp_adv.cpp.obj
C:\Users\odinl\OneDrive\Desktop\MathsScript-wt-w212-axiom\tests\unit\test_repl_interp_adv.cpp(55): warning C4834: discarding return value of function with [[nodiscard]] attribute
C:\Users\odinl\OneDrive\Desktop\MathsScript-wt-w212-axiom\tests\unit\test_repl_interp_adv.cpp(56): warning C4834: discarding return value of function with [[nodiscard]] attribute
C:\Users\odinl\OneDrive\Desktop\MathsScript-wt-w212-axiom\tests\unit\test_repl_interp_adv.cpp(62): warning C4834: discarding return value of function with [[nodiscard]] attribute
C:\Users\odinl\OneDrive\Desktop\MathsScript-wt-w212-axiom\tests\unit\test_repl_interp_adv.cpp(63): warning C4834: discarding return value of function with [[nodiscard]] attribute
C:\Users\odinl\OneDrive\Desktop\MathsScript-wt-w212-axiom\tests\unit\test_repl_interp_adv.cpp(64): warning C4834: discarding return value of function with [[nodiscard]] attribute
C:\Users\odinl\OneDrive\Desktop\MathsScript-wt-w212-axiom\tests\unit\test_repl_interp_adv.cpp(122): warning C4834: discarding return value of function with [[nodiscard]] attribute
C:\Users\odinl\OneDrive\Desktop\MathsScript-wt-w212-axiom\tests\unit\test_repl_interp_adv.cpp(157): warning C4834: discarding return value of function with [[nodiscard]] attribute
C:\Users\odinl\OneDrive\Desktop\MathsScript-wt-w212-axiom\tests\unit\test_repl_interp_adv.cpp(158): warning C4834: discarding return value of function with [[nodiscard]] attribute
C:\Users\odinl\OneDrive\Desktop\MathsScript-wt-w212-axiom\tests\unit\test_repl_interp_adv.cpp(231): warning C4834: discarding return value of function with [[nodiscard]] attribute
C:\Users\odinl\OneDrive\Desktop\MathsScript-wt-w212-axiom\tests\unit\test_repl_interp_adv.cpp(448): warning C4834: discarding return value of function with [[nodiscard]] attribute
C:\Users\odinl\OneDrive\Desktop\MathsScript-wt-w212-axiom\tests\unit\test_repl_interp_adv.cpp(561): warning C4834: discarding return value of function with [[nodiscard]] attribute
C:\Users\odinl\OneDrive\Desktop\MathsScript-wt-w212-axiom\tests\unit\test_repl_interp_adv.cpp(570): warning C4834: discarding return value of function with [[nodiscard]] attribute
C:\Users\odinl\OneDrive\Desktop\MathsScript-wt-w212-axiom\tests\unit\test_repl_interp_adv.cpp(579): warning C4834: discarding return value of function with [[nodiscard]] attribute
C:\Users\odinl\OneDrive\Desktop\MathsScript-wt-w212-axiom\tests\unit\test_repl_interp_adv.cpp(580): warning C4834: discarding return value of function with [[nodiscard]] attribute
C:\Users\odinl\OneDrive\Desktop\MathsScript-wt-w212-axiom\tests\unit\test_repl_interp_adv.cpp(589): warning C4834: discarding return value of function with [[nodiscard]] attribute
C:\Users\odinl\OneDrive\Desktop\MathsScript-wt-w212-axiom\tests\unit\test_repl_interp_adv.cpp(590): warning C4834: discarding return value of function with [[nodiscard]] attribute
C:\Users\odinl\OneDrive\Desktop\MathsScript-wt-w212-axiom\tests\unit\test_repl_interp_adv.cpp(597): warning C4834: discarding return value of function with [[nodiscard]] attribute
C:\Users\odinl\OneDrive\Desktop\MathsScript-wt-w212-axiom\tests\unit\test_repl_interp_adv.cpp(598): warning C4834: discarding return value of function with [[nodiscard]] attribute
C:\Users\odinl\OneDrive\Desktop\MathsScript-wt-w212-axiom\tests\unit\test_repl_interp_adv.cpp(599): warning C4834: discarding return value of function with [[nodiscard]] attribute
C:\Users\odinl\OneDrive\Desktop\MathsScript-wt-w212-axiom\tests\unit\test_repl_interp_adv.cpp(610): warning C4834: discarding return value of function with [[nodiscard]] attribute
[1198/1759] Building CXX object tests\CMakeFiles\test_poly_adv.dir\unit\test_poly_adv.cpp.obj
[1199/1759] Building CXX object tests\CMakeFiles\test_symbolic_extended.dir\unit\test_symbolic_extended.cpp.obj
[1200/1759] Building CXX object tests\CMakeFiles\test_special_struve_airy.dir\unit\test_special_struve_airy.cpp.obj
[1201/1759] Building CXX object tests\CMakeFiles\test_tensorops.dir\unit\test_tensorops.cpp.obj
[1202/1759] Building CXX object tests\integration\CMakeFiles\integration_ode_optim_pipeline.dir\test_ode_optim_pipeline.cpp.obj
[1203/1759] Building CXX object tests\integration\CMakeFiles\integration_stats_linalg_pipeline.dir\test_stats_linalg_pipeline.cpp.obj
[1204/1759] Building CXX object tests\numerical\CMakeFiles\numerical_fft.dir\test_fft_ref.cpp.obj
[1205/1759] Building CXX object tests\CMakeFiles\test_bignum.dir\unit\test_bignum.cpp.obj
[1206/1759] Building CXX object tests\numerical\CMakeFiles\numerical_pde_adv.dir\test_pde_adv.cpp.obj
[1207/1759] Building CXX object tests\CMakeFiles\test_tensor_adv.dir\unit\test_tensor_adv.cpp.obj
[1208/1759] Building CXX object tests\CMakeFiles\test_prob_lognormal_weibull_laplace.dir\unit\test_prob_lognormal_weibull_laplace.cpp.obj
[1209/1759] Building CXX object tests\CMakeFiles\test_cplx.dir\unit\test_cplx.cpp.obj
[1210/1759] Building CXX object tests\numerical\CMakeFiles\numerical_special_painleve.dir\test_special_painleve_ref.cpp.obj
[1211/1759] Building CXX object tests\numerical\CMakeFiles\numerical_special_advanced.dir\test_special_advanced_ref.cpp.obj
[1212/1759] Building CXX object tests\numerical\CMakeFiles\numerical_special_group4.dir\test_special_group4_ref.cpp.obj
[1213/1759] Building CXX object tests\numerical\CMakeFiles\numerical_matrix_construction.dir\test_matrix_construction_ref.cpp.obj
[1214/1759] Building CXX object tests\numerical\CMakeFiles\numerical_iterative_solvers.dir\test_iterative_solvers_ref.cpp.obj
[1215/1759] Building CXX object tests\CMakeFiles\test_signal_windows_adv4.dir\unit\test_signal_windows_adv4.cpp.obj
[1216/1759] Building CXX object tests\integration\CMakeFiles\integration_signal_optim_pipeline.dir\test_signal_optim_pipeline.cpp.obj
C:\Users\odinl\OneDrive\Desktop\MathsScript-wt-w212-axiom\tests\integration\test_signal_optim_pipeline.cpp(54): warning C4189: 'rms_high': local variable is initialized but not referenced
C:\Users\odinl\OneDrive\Desktop\MathsScript-wt-w212-axiom\tests\integration\test_signal_optim_pipeline.cpp(53): warning C4189: 'rms_filtered': local variable is initialized but not referenced
C:\Users\odinl\OneDrive\Desktop\MathsScript-wt-w212-axiom\tests\integration\test_signal_optim_pipeline.cpp(52): warning C4189: 'rms_low': local variable is initialized but not referenced
[1217/1759] Building CXX object tests\numerical\CMakeFiles\numerical_linalg_basic.dir\test_linalg_basic_ref.cpp.obj
C:\Users\odinl\OneDrive\Desktop\MathsScript-wt-w212-axiom\tests\numerical\test_linalg_basic_ref.cpp(15): warning C4505: 'mat_mul_r': unreferenced function with internal linkage has been removed
[1218/1759] Building CXX object tests\integration\CMakeFiles\integration_ode_stats_prob_pipeline.dir\test_ode_stats_prob_pipeline.cpp.obj
[1219/1759] Building CXX object tests\numerical\CMakeFiles\numerical_linalg_svd_adv.dir\test_linalg_svd_adv.cpp.obj
[1220/1759] Building CXX object tests\numerical\CMakeFiles\numerical_stats_signal_sym_adv.dir\test_stats_signal_sym_adv.cpp.obj
[1221/1759] Building CXX object tests\integration\CMakeFiles\integration_wave58_pipeline.dir\test_wave58_pipeline.cpp.obj
[1222/1759] Building CXX object tests\numerical\CMakeFiles\numerical_fft_transforms_adv.dir\test_fft_transforms_adv.cpp.obj
[1223/1759] Building CXX object tests\numerical\CMakeFiles\numerical_core_ops.dir\test_core_ops_ref.cpp.obj
[1224/1759] Building CXX object tests\CMakeFiles\test_info.dir\unit\test_info.cpp.obj
[1225/1759] Building CXX object tests\integration\CMakeFiles\integration_stats_optim_linalg_pipeline.dir\test_stats_optim_linalg_pipeline.cpp.obj
[1226/1759] Building CXX object tests\integration\CMakeFiles\integration_wave59_pipeline.dir\test_wave59_pipeline.cpp.obj
[1227/1759] Building CXX object tests\integration\CMakeFiles\integration_wave57_60_pipeline.dir\test_wave57_60_pipeline.cpp.obj
[1228/1759] Building CXX object tests\numerical\CMakeFiles\numerical_special_gamma_adv.dir\test_special_gamma_adv.cpp.obj
[1229/1759] Building CXX object tests\compliance\CMakeFiles\test_plugin_smoke.dir\test_plugin_smoke.cpp.obj
[1230/1759] Building CXX object tests\numerical\CMakeFiles\numerical_special_adv2.dir\test_special_adv2.cpp.obj
[1231/1759] Building CXX object tests\numerical\CMakeFiles\numerical_fft_adv2.dir\test_fft_adv2.cpp.obj
[1232/1759] Building CXX object tests\numerical\CMakeFiles\numerical_fft_dct_prob.dir\test_fft_dct_prob_ref.cpp.obj
[1233/1759] Building CXX object tests\numerical\CMakeFiles\numerical_fft_ext.dir\test_fft_ext_ref.cpp.obj
[1234/1759] Building CXX object tests\numerical\CMakeFiles\numerical_prob_adv.dir\test_prob_adv.cpp.obj
[1235/1759] Building CXX object tests\numerical\CMakeFiles\numerical_linalg_qr.dir\test_linalg_qr_ref.cpp.obj
[1236/1759] Building CXX object tests\numerical\CMakeFiles\numerical_linalg_ldl_eig.dir\test_linalg_ldl_eig.cpp.obj
C:\Users\odinl\OneDrive\Desktop\MathsScript-wt-w212-axiom\tests\numerical\test_linalg_ldl_eig.cpp(16): warning C4505: 'frob': unreferenced function with internal linkage has been removed
[1237/1759] Building CXX object tests\numerical\CMakeFiles\numerical_signal.dir\test_signal_ref.cpp.obj
[1238/1759] Building CXX object tests\integration\CMakeFiles\integration_repl_wave71_pipeline.dir\test_repl_wave71_pipeline.cpp.obj
[1239/1759] Building CXX object tests\integration\CMakeFiles\integration_repl_wave67_pipeline.dir\test_repl_wave67_pipeline.cpp.obj
[1240/1759] Building CXX object tests\integration\CMakeFiles\integration_repl_wave68_pipeline.dir\test_repl_wave68_pipeline.cpp.obj
[1241/1759] Building CXX object tests\integration\CMakeFiles\integration_repl_wave69_pipeline.dir\test_repl_wave69_pipeline.cpp.obj
[1242/1759] Building CXX object tests\integration\CMakeFiles\integration_repl_wave70_pipeline.dir\test_repl_wave70_pipeline.cpp.obj
[1243/1759] Building CXX object tests\numerical\CMakeFiles\numerical_pde_adv2.dir\test_pde_adv2.cpp.obj
[1244/1759] Building CXX object tests\integration\CMakeFiles\integration_repl_wave72_pipeline.dir\test_repl_wave72_pipeline.cpp.obj
[1245/1759] Building CXX object tests\numerical\CMakeFiles\numerical_fft_prob_remaining.dir\test_fft_prob_remaining.cpp.obj
[1246/1759] Building CXX object tests\numerical\CMakeFiles\numerical_special_ext.dir\test_special_ext_ref.cpp.obj
[1247/1759] Building CXX object tests\numerical\CMakeFiles\numerical_linalg_iterative_adv.dir\test_linalg_iterative_adv.cpp.obj
[1248/1759] Building CXX object tests\integration\CMakeFiles\integration_repl_wave76_pipeline.dir\test_repl_wave76_pipeline.cpp.obj
[1249/1759] Building CXX object tests\numerical\CMakeFiles\numerical_fft_phase_energy.dir\test_fft_phase_energy.cpp.obj
[1250/1759] Building CXX object tests\numerical\CMakeFiles\numerical_rng_adv.dir\test_rng_adv.cpp.obj
[1251/1759] Building CXX object tests\numerical\CMakeFiles\numerical_fft_dct_adv.dir\test_fft_dct_adv.cpp.obj
[1252/1759] Building CXX object tests\numerical\CMakeFiles\numerical_special_dlmf_extended.dir\test_special_dlmf_extended.cpp.obj
[1253/1759] Building CXX object tests\numerical\CMakeFiles\numerical_ode_adv2.dir\test_ode_adv2.cpp.obj
[1254/1759] Building CXX object tests\numerical\CMakeFiles\numerical_signal_correlate_ode.dir\test_signal_correlate_ode_ref.cpp.obj
[1255/1759] Building CXX object tests\numerical\CMakeFiles\numerical_special_group3.dir\test_special_group3_ref.cpp.obj
[1256/1759] Building CXX object tests\integration\CMakeFiles\integration_repl_wave75_pipeline.dir\test_repl_wave75_pipeline.cpp.obj
[1257/1759] Building CXX object tests\numerical\CMakeFiles\numerical_stats_timeseries.dir\test_stats_timeseries.cpp.obj
[1258/1759] Building CXX object tests\integration\CMakeFiles\integration_pipeline.dir\test_pipeline_integration.cpp.obj
[1259/1759] Building CXX object tests\numerical\CMakeFiles\numerical_linalg_hess_lsq.dir\test_linalg_hess_lsq.cpp.obj
C:\Users\odinl\OneDrive\Desktop\MathsScript-wt-w212-axiom\tests\numerical\test_linalg_hess_lsq.cpp(37): warning C4505: 'diff_frob': unreferenced function with internal linkage has been removed
C:\Users\odinl\OneDrive\Desktop\MathsScript-wt-w212-axiom\tests\numerical\test_linalg_hess_lsq.cpp(46): warning C4505: 'ortho_err': unreferenced function with internal linkage has been removed
[1260/1759] Building CXX object tests\integration\CMakeFiles\integration_repl_wave78_pipeline.dir\test_repl_wave78_pipeline.cpp.obj
[1261/1759] Building CXX object tests\integration\CMakeFiles\integration_jit_repl_parity.dir\test_jit_repl_parity.cpp.obj
[1262/1759] Building CXX object tests\integration\CMakeFiles\integration_repl_wave80_pipeline.dir\test_repl_wave80_pipeline.cpp.obj
[1263/1759] Building CXX object tests\integration\CMakeFiles\integration_repl_wave86_pipeline.dir\test_repl_wave86_pipeline.cpp.obj
[1264/1759] Building CXX object tests\integration\CMakeFiles\integration_repl_wave79_pipeline.dir\test_repl_wave79_pipeline.cpp.obj
[1265/1759] Building CXX object tests\integration\CMakeFiles\integration_repl_wave83_pipeline.dir\test_repl_wave83_pipeline.cpp.obj
[1266/1759] Building CXX object tests\integration\CMakeFiles\integration_repl_wave85_pipeline.dir\test_repl_wave85_pipeline.cpp.obj
[1267/1759] Building CXX object tests\numerical\CMakeFiles\numerical_linalg_tril_triu.dir\test_linalg_tril_triu.cpp.obj
[1268/1759] Building CXX object tests\numerical\CMakeFiles\numerical_stats_regression_adv.dir\test_stats_regression_adv.cpp.obj
[1269/1759] Building CXX object tests\numerical\CMakeFiles\numerical_ode_adaptive.dir\test_ode_adaptive.cpp.obj
[1270/1759] Building CXX object tests\integration\CMakeFiles\integration_repl_wave91_pipeline.dir\test_repl_wave91_pipeline.cpp.obj
[1271/1759] Building CXX object tests\integration\CMakeFiles\integration_repl_wave93_pipeline.dir\test_repl_wave93_pipeline.cpp.obj
[1272/1759] Building CXX object tests\integration\CMakeFiles\integration_repl_wave92_pipeline.dir\test_repl_wave92_pipeline.cpp.obj
[1273/1759] Building CXX object tests\integration\CMakeFiles\integration_repl_pipeline.dir\test_repl_pipeline.cpp.obj
[1274/1759] Building CXX object tests\integration\CMakeFiles\integration_symbolic_numeric_pipeline.dir\test_symbolic_numeric_pipeline.cpp.obj
[1275/1759] Building CXX object tests\numerical\CMakeFiles\numerical_poly_advanced2.dir\test_poly_advanced2.cpp.obj
[1276/1759] Building CXX object tests\integration\CMakeFiles\integration_ode_pde_poly_pipeline.dir\test_ode_pde_poly_pipeline.cpp.obj
[1277/1759] Building CXX object tests\integration\CMakeFiles\integration_repl_wave94_pipeline.dir\test_repl_wave94_pipeline.cpp.obj
[1278/1759] Building CXX object tests\integration\CMakeFiles\integration_fft_stats_pipeline.dir\test_fft_stats_pipeline.cpp.obj
[1279/1759] Building CXX object tests\integration\CMakeFiles\integration_repl_linalg_pipeline.dir\test_repl_linalg_pipeline.cpp.obj
[1280/1759] Building CXX object tests\integration\CMakeFiles\integration_linalg_ode_pipeline.dir\test_linalg_ode_pipeline.cpp.obj
[1281/1759] Building CXX object tests\integration\CMakeFiles\integration_prob_stats_pipeline.dir\test_prob_stats_pipeline.cpp.obj
C:\Users\odinl\OneDrive\Desktop\MathsScript-wt-w212-axiom\tests\integration\test_prob_stats_pipeline.cpp(65): warning C4189: 'mean_b': local variable is initialized but not referenced
[1282/1759] Building CXX object tests\integration\CMakeFiles\integration_repl_wave97_pipeline.dir\test_repl_wave97_pipeline.cpp.obj
[1283/1759] Building CXX object tests\integration\CMakeFiles\integration_poly_fft_pipeline.dir\test_poly_fft_pipeline.cpp.obj
[1284/1759] Building CXX object tests\integration\CMakeFiles\integration_prob_stats_signal_pipeline.dir\test_prob_stats_signal_pipeline.cpp.obj
[1285/1759] Building CXX object tests\integration\CMakeFiles\integration_wave60_pipeline.dir\test_wave60_pipeline.cpp.obj
[1286/1759] Building CXX object tests\integration\CMakeFiles\integration_signal_fft_pipeline.dir\test_signal_fft_pipeline.cpp.obj
[1287/1759] Building CXX object tests\integration\CMakeFiles\integration_repl_wave107_pipeline.dir\test_repl_wave107_pipeline.cpp.obj
[1288/1759] Building CXX object tests\integration\CMakeFiles\integration_repl_wave104_pipeline.dir\test_repl_wave104_pipeline.cpp.obj
[1289/1759] Building CXX object tests\integration\CMakeFiles\integration_repl_wave74_pipeline.dir\test_repl_wave74_pipeline.cpp.obj
[1290/1759] Building CXX object tests\integration\CMakeFiles\integration_repl_wave108_pipeline.dir\test_repl_wave108_pipeline.cpp.obj
[1291/1759] Building CXX object tests\integration\CMakeFiles\integration_repl_wave105_pipeline.dir\test_repl_wave105_pipeline.cpp.obj
[1292/1759] Building CXX object tests\integration\CMakeFiles\integration_repl_wave112_pipeline.dir\test_repl_wave112_pipeline.cpp.obj
[1293/1759] Building CXX object tests\integration\CMakeFiles\integration_repl_wave87_pipeline.dir\test_repl_wave87_pipeline.cpp.obj
[1294/1759] Building CXX object tests\integration\CMakeFiles\integration_repl_wave84_pipeline.dir\test_repl_wave84_pipeline.cpp.obj
[1295/1759] Building CXX object tests\integration\CMakeFiles\integration_repl_wave114_pipeline.dir\test_repl_wave114_pipeline.cpp.obj
[1296/1759] Building CXX object tests\integration\CMakeFiles\integration_repl_wave73_pipeline.dir\test_repl_wave73_pipeline.cpp.obj
[1297/1759] Building CXX object tests\integration\CMakeFiles\integration_repl_wave82_pipeline.dir\test_repl_wave82_pipeline.cpp.obj
[1298/1759] Building CXX object tests\integration\CMakeFiles\integration_repl_wave101_pipeline.dir\test_repl_wave101_pipeline.cpp.obj
[1299/1759] Building CXX object tests\integration\CMakeFiles\integration_repl_wave88_pipeline.dir\test_repl_wave88_pipeline.cpp.obj
[1300/1759] Building CXX object tests\integration\CMakeFiles\integration_repl_wave115_pipeline.dir\test_repl_wave115_pipeline.cpp.obj
[1301/1759] Building CXX object tests\integration\CMakeFiles\integration_repl_wave77_pipeline.dir\test_repl_wave77_pipeline.cpp.obj
[1302/1759] Building CXX object tests\integration\CMakeFiles\integration_repl_wave99_pipeline.dir\test_repl_wave99_pipeline.cpp.obj
[1303/1759] Building CXX object tests\integration\CMakeFiles\integration_repl_wave103_pipeline.dir\test_repl_wave103_pipeline.cpp.obj
[1304/1759] Building CXX object tests\integration\CMakeFiles\integration_repl_wave117_pipeline.dir\test_repl_wave117_pipeline.cpp.obj
[1305/1759] Building CXX object tests\integration\CMakeFiles\integration_frameworks_pipeline.dir\test_frameworks_pipeline.cpp.obj
C:\Users\odinl\OneDrive\Desktop\MathsScript-wt-w212-axiom\tests\integration\test_frameworks_pipeline.cpp(129): warning C4834: discarding return value of function with [[nodiscard]] attribute
C:\Users\odinl\OneDrive\Desktop\MathsScript-wt-w212-axiom\tests\integration\test_frameworks_pipeline.cpp(170): warning C4834: discarding return value of function with [[nodiscard]] attribute
C:\Users\odinl\OneDrive\Desktop\MathsScript-wt-w212-axiom\tests\integration\test_frameworks_pipeline.cpp(215): warning C4834: discarding return value of function with [[nodiscard]] attribute
[1306/1759] Building CXX object tests\integration\CMakeFiles\integration_wave66_full_pipeline.dir\test_wave66_full_pipeline.cpp.obj
[1307/1759] Building CXX object tests\integration\CMakeFiles\integration_repl_wave96_pipeline.dir\test_repl_wave96_pipeline.cpp.obj
[1308/1759] Building CXX object tests\integration\CMakeFiles\integration_repl_wave122_pipeline.dir\test_repl_wave122_pipeline.cpp.obj
[1309/1759] Building CXX object tests\integration\CMakeFiles\integration_repl_wave123_pipeline.dir\test_repl_wave123_pipeline.cpp.obj
[1310/1759] Building CXX object tests\integration\CMakeFiles\integration_repl_wave120_pipeline.dir\test_repl_wave120_pipeline.cpp.obj
[1311/1759] Building CXX object tests\integration\CMakeFiles\integration_repl_wave125_pipeline.dir\test_repl_wave125_pipeline.cpp.obj
[1312/1759] Building CXX object tests\integration\CMakeFiles\integration_repl_wave121_pipeline.dir\test_repl_wave121_pipeline.cpp.obj
[1313/1759] Building CXX object tests\integration\CMakeFiles\integration_repl_wave124_pipeline.dir\test_repl_wave124_pipeline.cpp.obj
[1314/1759] Building CXX object tests\integration\CMakeFiles\integration_repl_wave106_pipeline.dir\test_repl_wave106_pipeline.cpp.obj
[1315/1759] Building CXX object tests\integration\CMakeFiles\integration_repl_wave95_pipeline.dir\test_repl_wave95_pipeline.cpp.obj
[1316/1759] Building CXX object tests\integration\CMakeFiles\integration_repl_wave128_pipeline.dir\test_repl_wave128_pipeline.cpp.obj
[1317/1759] Building CXX object tests\integration\CMakeFiles\integration_repl_wave109_pipeline.dir\test_repl_wave109_pipeline.cpp.obj
[1318/1759] Building CXX object tests\integration\CMakeFiles\integration_repl_wave102_pipeline.dir\test_repl_wave102_pipeline.cpp.obj
[1319/1759] Building CXX object tests\integration\CMakeFiles\integration_repl_wave81_pipeline.dir\test_repl_wave81_pipeline.cpp.obj
[1320/1759] Building CXX object tests\integration\CMakeFiles\integration_repl_wave113_pipeline.dir\test_repl_wave113_pipeline.cpp.obj
[1321/1759] Building CXX object tests\integration\CMakeFiles\integration_repl_wave129_pipeline.dir\test_repl_wave129_pipeline.cpp.obj
[1322/1759] Building CXX object tests\integration\CMakeFiles\integration_prob_stats_fft_repl_pipeline.dir\test_prob_stats_fft_repl_pipeline.cpp.obj
[1323/1759] Building CXX object tests\integration\CMakeFiles\integration_repl_wave130_pipeline.dir\test_repl_wave130_pipeline.cpp.obj
[1324/1759] Building CXX object tests\integration\CMakeFiles\integration_repl_wave100_pipeline.dir\test_repl_wave100_pipeline.cpp.obj
[1325/1759] Building CXX object tests\integration\CMakeFiles\integration_ode_repl_pipeline.dir\test_ode_repl_pipeline.cpp.obj
[1326/1759] Linking CXX static library lib\gmock_main.lib
[1327/1759] Building CXX object tests\integration\CMakeFiles\integration_repl_wave98_pipeline.dir\test_repl_wave98_pipeline.cpp.obj
[1328/1759] Linking CXX static library lib\gmock.lib
[1329/1759] Building CXX object tests\integration\CMakeFiles\integration_repl_wave116_pipeline.dir\test_repl_wave116_pipeline.cpp.obj
[1330/1759] Building CXX object tests\integration\CMakeFiles\integration_session_objects_repl_pipeline.dir\test_session_objects_repl_pipeline.cpp.obj
[1331/1759] Building CXX object tests\integration\CMakeFiles\integration_stateful_objects2_repl_pipeline.dir\test_stateful_objects2_repl_pipeline.cpp.obj
[1332/1759] Linking CXX executable tests\test_norm.exe
[1333/1759] Building CXX object tests\integration\CMakeFiles\integration_repl_wave134_pipeline.dir\test_repl_wave134_pipeline.cpp.obj
[1334/1759] Building CXX object tests\integration\CMakeFiles\integration_repl_wave136_pipeline.dir\test_repl_wave136_pipeline.cpp.obj
[1335/1759] Linking CXX executable tests\test_signal_ext.exe
[1336/1759] Linking CXX executable tests\test_solve.exe
[1337/1759] Linking CXX executable tests\test_fft_ext.exe
[1338/1759] Building CXX object tests\integration\CMakeFiles\integration_repl_wave137_pipeline.dir\test_repl_wave137_pipeline.cpp.obj
[1339/1759] Linking CXX executable tests\test_matmul.exe
[1340/1759] Linking CXX executable tests\test_poly_domain.exe
[1341/1759] Linking CXX executable tests\test_qr.exe
[1342/1759] Linking CXX executable tests\test_stats_prob_ext.exe
[1343/1759] Linking CXX executable tests\test_lu.exe
[1344/1759] Linking CXX executable tests\test_simd.exe
[1345/1759] Building CXX object tests\integration\CMakeFiles\integration_repl_wave89_pipeline.dir\test_repl_wave89_pipeline.cpp.obj
[1346/1759] Linking CXX executable tests\test_linalg_ext.exe
[1347/1759] Linking CXX executable tests\test_ode_pde_optim.exe
[1348/1759] Linking CXX executable tests\test_ode_advanced2.exe
[1349/1759] Linking CXX executable tests\test_cuda_matmul.exe
[1350/1759] Linking CXX executable tests\test_cuda_stub.exe
[1351/1759] Linking CXX executable tests\test_repl_session.exe
[1352/1759] Linking CXX executable tests\test_dispatch.exe
[1353/1759] Linking CXX executable tests\test_mpi_stub.exe
[1354/1759] Linking CXX executable tests\test_cuda_ext.exe
[1355/1759] Linking CXX executable tests\test_dist_block.exe
[1356/1759] Linking CXX executable tests\test_linalg_decomp.exe
[1357/1759] Linking CXX executable tests\test_integration.exe
[1358/1759] Linking CXX executable tests\test_sparse_spmv.exe
[1359/1759] Linking CXX executable tests\test_jit_backend.exe
[1360/1759] Linking CXX executable tests\test_plot_console.exe
[1361/1759] Linking CXX executable tests\test_signal_filters.exe
[1362/1759] Linking CXX executable tests\test_core_ext.exe
[1363/1759] Linking CXX executable tests\test_float_linalg.exe
[1364/1759] Building CXX object tests\integration\CMakeFiles\integration_repl_wave110_pipeline.dir\test_repl_wave110_pipeline.cpp.obj
[1365/1759] Building CXX object tests\integration\CMakeFiles\integration_repl_wave111_pipeline.dir\test_repl_wave111_pipeline.cpp.obj
[1366/1759] Linking CXX executable tests\test_fft_freq.exe
[1367/1759] Linking CXX executable tests\test_stats_prob_more.exe
[1368/1759] Linking CXX executable tests\test_simd_ext.exe
[1369/1759] Linking CXX executable tests\test_special_misc.exe
[1370/1759] Linking CXX executable tests\test_symbolic_ext.exe
[1371/1759] Building CXX object tests\integration\CMakeFiles\integration_repl_wave126_pipeline.dir\test_repl_wave126_pipeline.cpp.obj
[1372/1759] Linking CXX executable tests\test_repl_commands.exe
[1373/1759] Linking CXX executable tests\test_mathscriptc_cli.exe
[1374/1759] Linking CXX executable tests\test_fft_core.exe
[1375/1759] Linking CXX executable tests\test_frameworks_ext.exe
[1376/1759] Linking CXX executable tests\test_special_edge.exe
[1377/1759] Building CXX object tests\integration\CMakeFiles\integration_repl_wave141_pipeline.dir\test_repl_wave141_pipeline.cpp.obj
[1378/1759] Linking CXX executable tests\test_iterative_ext.exe
[1379/1759] Linking CXX executable tests\test_special_sweep.exe
[1380/1759] Linking CXX executable tests\test_repl_cli.exe
[1381/1759] Linking CXX executable tests\test_special_smoke.exe
[1382/1759] Linking CXX executable tests\test_optim_ode_more.exe
[1383/1759] Building CXX object tests\integration\CMakeFiles\integration_repl_wave119_pipeline.dir\test_repl_wave119_pipeline.cpp.obj
[1384/1759] Linking CXX executable tests\test_load_balancer.exe
[1385/1759] Linking CXX executable tests\test_linalg_chol.exe
[1386/1759] Linking CXX executable tests\test_dist_multi_rank.exe
[1387/1759] Linking CXX executable tests\test_dist_lu.exe
[1388/1759] Linking CXX executable tests\test_frameworks.exe
[1389/1759] Linking CXX executable tests\test_special_poly_elliptic.exe
[1390/1759] Linking CXX executable tests\test_special_ext.exe
[1391/1759] Linking CXX executable tests\test_special_hyper.exe
[1392/1759] Linking CXX executable tests\test_special_bessel.exe
[1393/1759] Linking CXX executable tests\test_error_types.exe
[1394/1759] Linking CXX executable tests\test_special_zeta_theta.exe
[1395/1759] Linking CXX executable tests\test_core_matrix.exe
[1396/1759] Linking CXX executable tests\test_special_heun_painleve.exe
[1397/1759] Linking CXX executable tests\test_blas_lapack.exe
[1398/1759] Linking CXX executable tests\test_fuzz_stress.exe
[1399/1759] Linking CXX executable tests\test_special_voigt.exe
[1400/1759] Linking CXX executable tests\test_symbolic.exe
[1401/1759] Linking CXX executable tests\test_blas_dgemm.exe
[1402/1759] Linking CXX executable tests\test_memory.exe
[1403/1759] Linking CXX executable tests\test_lu_typed.exe
[1404/1759] Linking CXX executable tests\test_server_cli.exe
[1405/1759] Linking CXX executable tests\test_runtime.exe
[1406/1759] Linking CXX executable tests\test_data_driven.exe
[1407/1759] Linking CXX executable tests\test_solve_typed.exe
[1408/1759] Linking CXX executable tests\test_fft_typed.exe
[1409/1759] Linking CXX executable tests\test_symbolic_advanced.exe
[1410/1759] Linking CXX executable tests\test_chol_typed.exe
[1411/1759] Building CXX object tests\integration\CMakeFiles\integration_repl_wave142_pipeline.dir\test_repl_wave142_pipeline.cpp.obj
[1412/1759] Linking CXX executable tests\test_core_sym.exe
[1413/1759] Linking CXX executable tests\test_jit_factory.exe
[1414/1759] Building CXX object tests\integration\CMakeFiles\integration_frameworks_repl_pipeline.dir\test_frameworks_repl_pipeline.cpp.obj
[1415/1759] Linking CXX executable tests\test_scalar_type.exe
[1416/1759] Linking CXX executable tests\test_simd_vector_ops.exe
[1417/1759] Linking CXX executable tests\test_tensor.exe
[1418/1759] Linking CXX executable tests\test_construction.exe
[1419/1759] Linking CXX executable tests\test_linalg_decomp_ext.exe
[1420/1759] Linking CXX executable tests\test_topology.exe
[1421/1759] Linking CXX executable tests\test_transpose.exe
[1422/1759] Linking CXX executable tests\test_rng.exe
[1423/1759] Linking CXX executable tests\test_sparse_ext.exe
[1424/1759] Linking CXX executable tests\test_poly_ext.exe
[1425/1759] Building CXX object tests\integration\CMakeFiles\integration_ode_repl_complex_pipeline.dir\test_ode_repl_complex_pipeline.cpp.obj
[1426/1759] Linking CXX executable tests\test_domain_types.exe
[1427/1759] Linking CXX executable tests\test_signal_windows.exe
[1428/1759] Linking CXX executable tests\test_pde_extended.exe
[1429/1759] Building CXX object tests\integration\CMakeFiles\integration_symbolic_repl_pipeline.dir\test_symbolic_repl_pipeline.cpp.obj
[1430/1759] Linking CXX executable tests\test_stats_numerical.exe
[1431/1759] Linking CXX executable tests\test_repl_advanced.exe
[1432/1759] Linking CXX executable tests\test_expr_templates.exe
[1433/1759] Linking CXX executable tests\test_stats_gaps.exe
[1434/1759] Linking CXX executable tests\test_poly_extended.exe
[1435/1759] Linking CXX executable tests\test_sym_extended.exe
[1436/1759] Linking CXX executable tests\test_optim_extended.exe
[1437/1759] Linking CXX executable tests\test_cellai_cypha_ext.exe
[1438/1759] Linking CXX executable tests\test_axiom_gria_ext.exe
[1439/1759] Building CXX object tests\integration\CMakeFiles\integration_repl_wave131_pipeline.dir\test_repl_wave131_pipeline.cpp.obj
[1440/1759] Linking CXX executable tests\test_linalg_edge.exe
[1441/1759] Linking CXX executable tests\test_memory_extended.exe
[1442/1759] Linking CXX executable tests\test_tensor_lb_numa.exe
[1443/1759] Linking CXX executable tests\test_error_types_extended.exe
[1444/1759] Linking CXX executable tests\test_simd_extended.exe
[1445/1759] Linking CXX executable tests\test_izaac_advanced.exe
[1446/1759] Building CXX object tests\integration\CMakeFiles\integration_repl_wave132_pipeline.dir\test_repl_wave132_pipeline.cpp.obj
[1447/1759] Linking CXX executable tests\test_optim_result_types.exe
[1448/1759] Linking CXX executable tests\test_thread_pool_linalg_adv.exe
[1449/1759] Linking CXX executable tests\test_topology_dispatch_adv.exe
[1450/1759] Linking CXX executable tests\test_memory_allocators_adv.exe
[1451/1759] Linking CXX executable tests\test_repl_api_direct.exe
[1452/1759] Linking CXX executable tests\test_gria_advanced.exe
[1453/1759] Linking CXX executable tests\test_linalg_advanced.exe
[1454/1759] Linking CXX executable tests\test_distributed_adv.exe
[1455/1759] Linking CXX executable tests\test_repl_error_paths.exe
[1456/1759] Linking CXX executable tests\test_rng_statistical_quality.exe
[1457/1759] Linking CXX executable tests\test_optim_adv.exe
[1458/1759] Linking CXX executable tests\test_frameworks_adv.exe
[1459/1759] Linking CXX executable tests\test_cpu_blas_kernel.exe
[1460/1759] Linking CXX executable tests\test_tensor_adv.exe
[1461/1759] Linking CXX executable tests\test_runtime_dispatch_adv.exe
[1462/1759] Linking CXX executable tests\test_poly_adv.exe
[1463/1759] Linking CXX executable tests\test_repl_interp_adv.exe
[1464/1759] Building CXX object tests\integration\CMakeFiles\integration_pde_repl_pipeline.dir\test_pde_repl_pipeline.cpp.obj
[1465/1759] Linking CXX executable tests\test_simd_isa_adv.exe
[1466/1759] Linking CXX executable tests\test_domain_adv.exe
[1467/1759] Linking CXX executable tests\test_dist_matrix_adv.exe
[1468/1759] Building CXX object tests\integration\CMakeFiles\integration_mathscriptc_pipeline.dir\test_mathscriptc_pipeline.cpp.obj
[1469/1759] Linking CXX executable tests\test_repl_session_adv.exe
[1470/1759] Linking CXX executable tests\test_sparse_adv.exe
[1471/1759] Building CXX object tests\integration\CMakeFiles\integration_repl_wave118_pipeline.dir\test_repl_wave118_pipeline.cpp.obj
[1472/1759] Linking CXX executable tests\test_sparse_ops_adv.exe
[1473/1759] Linking CXX executable tests\test_prob_adv2.exe
[1474/1759] Linking CXX executable tests\test_memory_adv.exe
[1475/1759] Linking CXX executable tests\test_optim_adv2.exe
[1476/1759] Linking CXX executable tests\test_optim_constrained.exe
[1477/1759] Building CXX object tests\integration\CMakeFiles\integration_tensorops_decompose_repl_pipeline.dir\test_tensorops_decompose_repl_pipeline.cpp.obj
[1478/1759] Linking CXX executable tests\test_symbolic_extended.exe
[1479/1759] Linking CXX executable tests\test_optim_newton_broyden.exe
[1480/1759] Linking CXX executable tests\test_symbolic_adv2.exe
[1481/1759] Linking CXX executable tests\test_optim_global.exe
[1482/1759] Building CXX object tests\integration\CMakeFiles\integration_repl_wave145_pipeline.dir\test_repl_wave145_pipeline.cpp.obj
[1483/1759] Linking CXX executable tests\test_stats_edge.exe
[1484/1759] Linking CXX executable tests\test_stats_adv2.exe
[1485/1759] Linking CXX executable tests\test_cplx.exe
[1486/1759] Linking CXX executable tests\test_signal_adv2.exe
[1487/1759] Linking CXX executable tests\test_special_struve_airy.exe
[1488/1759] Linking CXX executable tests\test_poly_adv2.exe
[1489/1759] Linking CXX executable tests\test_tensor_scalar.exe
[1490/1759] Linking CXX executable tests\test_signal_adv3.exe
[1491/1759] Linking CXX executable tests\test_signal_windows_adv4.exe
[1492/1759] Linking CXX executable tests\test_graph.exe
[1493/1759] Linking CXX executable tests\test_prob_adv3.exe
[1494/1759] Linking CXX executable tests\test_linalg_iterative2.exe
[1495/1759] Linking CXX executable tests\test_info.exe
[1496/1759] Linking CXX executable tests\test_numthy.exe
[1497/1759] Linking CXX executable tests\test_topo.exe
[1498/1759] Linking CXX executable tests\test_combo.exe
[1499/1759] Linking CXX executable tests\test_quantum.exe
[1500/1759] Linking CXX executable tests\test_control.exe
[1501/1759] Linking CXX executable tests\test_tensorops.exe
[1502/1759] Linking CXX executable tests\test_diffgeo.exe
[1503/1759] Linking CXX executable tests\test_units.exe
[1504/1759] Linking CXX executable tests\test_finance.exe
[1505/1759] Linking CXX executable tests\test_compress.exe
[1506/1759] Linking CXX executable tests\test_bignum.exe
[1507/1759] Linking CXX executable tests\test_geo.exe
[1508/1759] Linking CXX executable tests\compliance\test_plugin_smoke.exe
[1509/1759] Linking CXX executable tests\test_checked_arith.exe
[1510/1759] Linking CXX executable tests\numerical\numerical_bessel.exe
[1511/1759] Linking CXX executable tests\numerical\numerical_fft_ext.exe
[1512/1759] Linking CXX executable tests\numerical\numerical_linalg_decomp.exe
[1513/1759] Linking CXX executable tests\test_ml.exe
[1514/1759] Linking CXX executable tests\numerical\numerical_core_ops.exe
[1515/1759] Linking CXX executable tests\numerical\numerical_fft.exe
[1516/1759] Linking CXX executable tests\test_prob_lognormal_weibull_laplace.exe
[1517/1759] Linking CXX executable tests\test_image.exe
[1518/1759] Linking CXX executable tests\numerical\numerical_linalg_basic.exe
[1519/1759] Linking CXX executable tests\numerical\numerical_linalg_qr.exe
[1520/1759] Linking CXX executable tests\numerical\numerical_linalg.exe
[1521/1759] Linking CXX executable tests\numerical\numerical_signal.exe
[1522/1759] Linking CXX executable tests\numerical\numerical_special.exe
[1523/1759] Linking CXX executable tests\numerical\numerical_special_ext.exe
[1524/1759] Linking CXX executable tests\numerical\numerical_fft_dct_prob.exe
[1525/1759] Linking CXX executable tests\numerical\numerical_signal_windows.exe
[1526/1759] Linking CXX executable tests\numerical\numerical_ode.exe
[1527/1759] Linking CXX executable tests\numerical\numerical_fft_prob_remaining.exe
[1528/1759] Linking CXX executable tests\numerical\numerical_pde.exe
[1529/1759] Linking CXX executable tests\numerical\numerical_linalg_struct_adv.exe
[1530/1759] Linking CXX executable tests\numerical\numerical_special_painleve.exe
[1531/1759] Linking CXX executable tests\numerical\numerical_matrix_construction.exe
[1532/1759] Linking CXX executable tests\numerical\numerical_fft_extended.exe
[1533/1759] Linking CXX executable tests\numerical\numerical_iterative_solvers.exe
[1534/1759] Linking CXX executable tests\numerical\numerical_special_advanced.exe
[1535/1759] Building CXX object tests\integration\CMakeFiles\integration_repl_wave144_pipeline.dir\test_repl_wave144_pipeline.cpp.obj
[1536/1759] Linking CXX executable tests\numerical\numerical_iterative.exe
[1537/1759] Linking CXX executable tests\numerical\numerical_linalg_decomp_adv.exe
[1538/1759] Linking CXX executable tests\numerical\numerical_special_group2.exe
[1539/1759] Linking CXX executable tests\numerical\numerical_sparse.exe
[1540/1759] Linking CXX executable tests\numerical\numerical_fft_adv2.exe
[1541/1759] Linking CXX executable tests\numerical\numerical_stats_advanced.exe
[1542/1759] Linking CXX executable tests\numerical\numerical_linalg_hess_schur.exe
[1543/1759] Linking CXX executable tests\numerical\numerical_special_group4.exe
[1544/1759] Linking CXX executable tests\numerical\numerical_pde_adv.exe
[1545/1759] Linking CXX executable tests\numerical\numerical_ode_adv2.exe
[1546/1759] Linking CXX executable tests\numerical\numerical_special_group1.exe
[1547/1759] Linking CXX executable tests\numerical\numerical_pde_adv2.exe
[1548/1759] Linking CXX executable tests\numerical\numerical_core_ops_adv.exe
[1549/1759] Linking CXX executable tests\numerical\numerical_ode_advanced.exe
[1550/1759] Linking CXX executable tests\numerical\numerical_fft_transforms_adv.exe
[1551/1759] Linking CXX executable tests\numerical\numerical_special_adv2.exe
[1552/1759] Linking CXX executable tests\numerical\numerical_linalg_norm_cg_adv.exe
[1553/1759] Linking CXX executable tests\numerical\numerical_stats_signal_sym_adv.exe
[1554/1759] Linking CXX executable tests\numerical\numerical_signal_correlate_ode.exe
[1555/1759] Linking CXX executable tests\numerical\numerical_fft_phase_energy.exe
[1556/1759] Linking CXX executable tests\numerical\numerical_linalg_logm_sqrtm.exe
[1557/1759] Linking CXX executable tests\numerical\numerical_linalg_svd_adv.exe
[1558/1759] Linking CXX executable tests\numerical\numerical_special_group3.exe
[1559/1759] Linking CXX executable tests\numerical\numerical_linalg_ldl_eig.exe
[1560/1759] Linking CXX executable tests\numerical\numerical_ode_adaptive.exe
[1561/1759] Linking CXX executable tests\numerical\numerical_prob_adv.exe
[1562/1759] Linking CXX executable tests\numerical\numerical_fft_dct_adv.exe
[1563/1759] Linking CXX executable tests\numerical\numerical_linalg_tril_triu.exe
[1564/1759] Linking CXX executable tests\numerical\numerical_linalg_hess_lsq.exe
[1565/1759] Linking CXX executable tests\numerical\numerical_special_erf_adv.exe
[1566/1759] Building CXX object tests\integration\CMakeFiles\integration_repl_wave90_pipeline.dir\test_repl_wave90_pipeline.cpp.obj
[1567/1759] Linking CXX executable tests\numerical\numerical_stats_timeseries.exe
[1568/1759] Linking CXX executable tests\numerical\numerical_poly_advanced2.exe
[1569/1759] Linking CXX executable tests\numerical\numerical_stats_regression_adv.exe
[1570/1759] Linking CXX executable tests\numerical\numerical_linalg_cond_rank.exe
[1571/1759] Linking CXX executable tests\numerical\numerical_linalg_new_funcs.exe
[1572/1759] Linking CXX executable tests\numerical\numerical_special_gamma_adv.exe
[1573/1759] Linking CXX executable tests\numerical\numerical_special_dlmf_extended.exe
[1574/1759] Linking CXX executable tests\numerical\numerical_linalg_iterative_adv.exe
[1575/1759] Linking CXX executable tests\numerical\numerical_linalg_iter_adv.exe
[1576/1759] Linking CXX executable tests\numerical\numerical_rng_adv.exe
[1577/1759] Linking CXX executable tests\integration\integration_frameworks_pipeline.exe
[1578/1759] Linking CXX executable tests\integration\integration_ode_pde_pipeline.exe
[1579/1759] Linking CXX executable tests\integration\integration_scientific_pipeline.exe
[1580/1759] Linking CXX executable tests\integration\integration_stats_linalg_pipeline.exe
[1581/1759] Linking CXX executable tests\integration\integration_prob_stats_signal_pipeline.exe
[1582/1759] Linking CXX executable tests\integration\integration_framework_pipeline.exe
[1583/1759] Linking CXX executable tests\integration\integration_pipeline.exe
[1584/1759] Linking CXX executable tests\integration\integration_symbolic_numeric_pipeline.exe
[1585/1759] Linking CXX executable tests\integration\integration_signal_fft_pipeline.exe
[1586/1759] Linking CXX executable tests\integration\integration_ode_optim_pipeline.exe
[1587/1759] Linking CXX executable tests\integration\integration_symbolic_optim_pipeline.exe
[1588/1759] Linking CXX executable tests\integration\integration_linalg_ode_pipeline.exe
[1589/1759] Linking CXX executable tests\integration\integration_repl_pipeline.exe
[1590/1759] Linking CXX executable tests\integration\integration_jit_repl_parity.exe
[1591/1759] Linking CXX executable tests\integration\integration_ode_pde_poly_pipeline.exe
[1592/1759] Linking CXX executable tests\integration\integration_prob_stats_pipeline.exe
[1593/1759] Linking CXX executable tests\integration\integration_poly_fft_pipeline.exe
[1594/1759] Linking CXX executable tests\integration\integration_ode_stats_prob_pipeline.exe
[1595/1759] Linking CXX executable tests\integration\integration_stats_optim_linalg_pipeline.exe
[1596/1759] Linking CXX executable tests\integration\integration_signal_optim_pipeline.exe
[1597/1759] Linking CXX executable tests\integration\integration_fft_stats_pipeline.exe
[1598/1759] Linking CXX executable tests\integration\integration_wave66_full_pipeline.exe
[1599/1759] Linking CXX executable tests\integration\integration_wave58_pipeline.exe
[1600/1759] Linking CXX executable tests\integration\integration_wave59_pipeline.exe
[1601/1759] Linking CXX executable tests\integration\integration_wave57_60_pipeline.exe
[1602/1759] Linking CXX executable tests\integration\integration_repl_linalg_pipeline.exe
[1603/1759] Linking CXX executable tests\integration\integration_wave60_pipeline.exe
[1604/1759] Linking CXX executable tests\integration\integration_repl_wave69_pipeline.exe
[1605/1759] Building CXX object tests\integration\CMakeFiles\integration_repl_wave135_pipeline.dir\test_repl_wave135_pipeline.cpp.obj
[1606/1759] Linking CXX executable tests\integration\integration_repl_wave68_pipeline.exe
[1607/1759] Linking CXX executable tests\integration\integration_repl_wave67_pipeline.exe
[1608/1759] Linking CXX executable tests\integration\integration_repl_wave71_pipeline.exe
[1609/1759] Linking CXX executable tests\integration\integration_repl_wave70_pipeline.exe
[1610/1759] Linking CXX executable tests\integration\integration_repl_wave74_pipeline.exe
[1611/1759] Linking CXX executable tests\integration\integration_repl_wave79_pipeline.exe
[1612/1759] Linking CXX executable tests\integration\integration_repl_wave76_pipeline.exe
[1613/1759] Linking CXX executable tests\integration\integration_repl_wave77_pipeline.exe
[1614/1759] Linking CXX executable tests\integration\integration_repl_wave73_pipeline.exe
[1615/1759] Linking CXX executable tests\integration\integration_repl_wave75_pipeline.exe
[1616/1759] Linking CXX executable tests\integration\integration_repl_wave78_pipeline.exe
[1617/1759] Linking CXX executable tests\integration\integration_repl_wave88_pipeline.exe
[1618/1759] Linking CXX executable tests\integration\integration_repl_wave91_pipeline.exe
[1619/1759] Linking CXX executable tests\integration\integration_repl_wave87_pipeline.exe
[1620/1759] Linking CXX executable tests\integration\integration_repl_wave92_pipeline.exe
[1621/1759] Linking CXX executable tests\integration\integration_repl_wave94_pipeline.exe
[1622/1759] Linking CXX executable tests\integration\integration_repl_wave84_pipeline.exe
[1623/1759] Linking CXX executable tests\integration\integration_repl_wave72_pipeline.exe
[1624/1759] Linking CXX executable tests\integration\integration_repl_wave83_pipeline.exe
[1625/1759] Linking CXX executable tests\integration\integration_repl_wave82_pipeline.exe
[1626/1759] Linking CXX executable tests\integration\integration_repl_wave81_pipeline.exe
[1627/1759] Linking CXX executable tests\integration\integration_repl_wave80_pipeline.exe
[1628/1759] Linking CXX executable tests\integration\integration_repl_wave85_pipeline.exe
[1629/1759] Linking CXX executable tests\integration\integration_repl_wave93_pipeline.exe
[1630/1759] Linking CXX executable tests\integration\integration_repl_wave96_pipeline.exe
[1631/1759] Building CXX object tests\integration\CMakeFiles\integration_repl_wave148_pipeline.dir\test_repl_wave148_pipeline.cpp.obj
[1632/1759] Linking CXX executable tests\integration\integration_repl_wave86_pipeline.exe
[1633/1759] Linking CXX executable tests\integration\integration_repl_wave106_pipeline.exe
[1634/1759] Linking CXX executable tests\integration\integration_repl_wave100_pipeline.exe
[1635/1759] Building CXX object tests\integration\CMakeFiles\integration_repl_wave127_pipeline.dir\test_repl_wave127_pipeline.cpp.obj
[1636/1759] Linking CXX executable tests\integration\integration_repl_wave99_pipeline.exe
[1637/1759] Linking CXX executable tests\integration\integration_repl_wave97_pipeline.exe
[1638/1759] Linking CXX executable tests\integration\integration_repl_wave108_pipeline.exe
[1639/1759] Linking CXX executable tests\integration\integration_repl_wave103_pipeline.exe
[1640/1759] Linking CXX executable tests\integration\integration_repl_wave95_pipeline.exe
[1641/1759] Linking CXX executable tests\integration\integration_repl_wave101_pipeline.exe
[1642/1759] Linking CXX executable tests\integration\integration_repl_wave98_pipeline.exe
[1643/1759] Linking CXX executable tests\integration\integration_repl_wave102_pipeline.exe
[1644/1759] Linking CXX executable tests\integration\integration_repl_wave105_pipeline.exe
[1645/1759] Linking CXX executable tests\integration\integration_repl_wave107_pipeline.exe
[1646/1759] Linking CXX executable tests\integration\integration_repl_wave104_pipeline.exe
[1647/1759] Linking CXX executable tests\integration\integration_repl_wave115_pipeline.exe
[1648/1759] Linking CXX executable tests\integration\integration_repl_wave118_pipeline.exe
[1649/1759] Linking CXX executable tests\integration\integration_repl_wave112_pipeline.exe
[1650/1759] Linking CXX executable tests\integration\integration_repl_wave117_pipeline.exe
[1651/1759] Linking CXX executable tests\integration\integration_repl_wave109_pipeline.exe
[1652/1759] Linking CXX executable tests\integration\integration_repl_wave114_pipeline.exe
[1653/1759] Linking CXX executable tests\integration\integration_repl_wave116_pipeline.exe
[1654/1759] Linking CXX executable tests\integration\integration_repl_wave124_pipeline.exe
[1655/1759] Linking CXX executable tests\integration\integration_repl_wave131_pipeline.exe
[1656/1759] Linking CXX executable tests\integration\integration_repl_wave121_pipeline.exe
[1657/1759] Linking CXX executable tests\integration\integration_repl_wave130_pipeline.exe
[1658/1759] Linking CXX executable tests\integration\integration_repl_wave129_pipeline.exe
[1659/1759] Linking CXX executable tests\integration\integration_repl_wave122_pipeline.exe
[1660/1759] Linking CXX executable tests\integration\integration_repl_wave145_pipeline.exe
[1661/1759] Linking CXX executable tests\integration\integration_repl_wave126_pipeline.exe
[1662/1759] Linking CXX executable tests\integration\integration_repl_wave132_pipeline.exe
[1663/1759] Linking CXX executable tests\integration\integration_repl_wave141_pipeline.exe
[1664/1759] Linking CXX executable tests\integration\integration_repl_wave144_pipeline.exe
[1665/1759] Linking CXX executable tests\integration\integration_repl_wave127_pipeline.exe
[1666/1759] Linking CXX executable tests\integration\integration_repl_wave136_pipeline.exe
[1667/1759] Linking CXX executable tests\integration\integration_repl_wave142_pipeline.exe
[1668/1759] Linking CXX executable tests\integration\integration_ode_repl_pipeline.exe
[1669/1759] Linking CXX executable tests\integration\integration_repl_wave135_pipeline.exe
[1670/1759] Linking CXX executable tests\integration\integration_frameworks_repl_pipeline.exe
[1671/1759] Linking CXX executable tests\integration\integration_pde_repl_pipeline.exe
[1672/1759] Linking CXX executable tests\integration\integration_mathscriptc_pipeline.exe
[1673/1759] Linking CXX executable tests\integration\integration_repl_wave123_pipeline.exe
[1674/1759] Linking CXX executable tests\integration\integration_repl_wave113_pipeline.exe
[1675/1759] Linking CXX executable tests\integration\integration_repl_wave111_pipeline.exe
[1676/1759] Linking CXX executable tests\integration\integration_prob_stats_fft_repl_pipeline.exe
[1677/1759] Building CXX object tests\integration\CMakeFiles\integration_repl_wave133_pipeline.dir\test_repl_wave133_pipeline.cpp.obj
[1678/1759] Linking CXX executable tests\integration\integration_repl_wave120_pipeline.exe
[1679/1759] Linking CXX executable tests\integration\integration_repl_wave125_pipeline.exe
[1680/1759] Linking CXX executable tests\integration\integration_session_objects_repl_pipeline.exe
[1681/1759] Linking CXX executable tests\integration\integration_repl_wave119_pipeline.exe
[1682/1759] Linking CXX executable tests\integration\integration_repl_wave134_pipeline.exe
[1683/1759] Linking CXX executable tests\integration\integration_repl_wave128_pipeline.exe
[1684/1759] Linking CXX executable tests\integration\integration_repl_wave137_pipeline.exe
[1685/1759] Linking CXX executable tests\integration\integration_repl_wave89_pipeline.exe
[1686/1759] Building CXX object tests\integration\CMakeFiles\integration_repl_wave149_pipeline.dir\test_repl_wave149_pipeline.cpp.obj
[1687/1759] Linking CXX executable tests\integration\integration_repl_wave110_pipeline.exe
[1688/1759] Linking CXX executable tests\integration\integration_repl_wave148_pipeline.exe
[1689/1759] Linking CXX executable tests\integration\integration_stateful_objects2_repl_pipeline.exe
[1690/1759] Linking CXX executable tests\integration\integration_symbolic_repl_pipeline.exe
[1691/1759] Linking CXX executable tests\integration\integration_ode_repl_complex_pipeline.exe
[1692/1759] Linking CXX executable tests\integration\integration_tensorops_decompose_repl_pipeline.exe
[1693/1759] Linking CXX executable tests\integration\integration_repl_wave90_pipeline.exe
[1694/1759] Linking CXX executable tests\integration\integration_repl_wave133_pipeline.exe
[1695/1759] Linking CXX executable tests\integration\integration_repl_wave149_pipeline.exe
[1696/1759] Building CXX object tests\integration\CMakeFiles\integration_repl_wave151_pipeline.dir\test_repl_wave151_pipeline.cpp.obj
[1697/1759] Linking CXX executable tests\integration\integration_repl_wave151_pipeline.exe
[1698/1759] Building CXX object tests\integration\CMakeFiles\integration_repl_wave153_pipeline.dir\test_repl_wave153_pipeline.cpp.obj
[1699/1759] Linking CXX executable tests\integration\integration_repl_wave153_pipeline.exe
[1700/1759] Building CXX object tests\integration\CMakeFiles\integration_repl_wave146_pipeline.dir\test_repl_wave146_pipeline.cpp.obj
[1701/1759] Building CXX object tests\integration\CMakeFiles\integration_repl_wave154_pipeline.dir\test_repl_wave154_pipeline.cpp.obj
[1702/1759] Linking CXX executable tests\integration\integration_repl_wave146_pipeline.exe
[1703/1759] Linking CXX executable tests\integration\integration_repl_wave154_pipeline.exe
[1704/1759] Building CXX object tests\integration\CMakeFiles\integration_repl_wave138_pipeline.dir\test_repl_wave138_pipeline.cpp.obj
[1705/1759] Linking CXX executable tests\integration\integration_repl_wave138_pipeline.exe
[1706/1759] Building CXX object tests\integration\CMakeFiles\integration_repl_wave139_pipeline.dir\test_repl_wave139_pipeline.cpp.obj
[1707/1759] Linking CXX executable tests\integration\integration_repl_wave139_pipeline.exe
[1708/1759] Building CXX object tests\integration\CMakeFiles\integration_repl_wave140_pipeline.dir\test_repl_wave140_pipeline.cpp.obj
[1709/1759] Building CXX object tests\integration\CMakeFiles\integration_repl_wave147_pipeline.dir\test_repl_wave147_pipeline.cpp.obj
[1710/1759] Linking CXX executable tests\integration\integration_repl_wave140_pipeline.exe
[1711/1759] Linking CXX executable tests\integration\integration_repl_wave147_pipeline.exe
[1712/1759] Building CXX object tests\integration\CMakeFiles\integration_repl_wave157_pipeline.dir\test_repl_wave157_pipeline.cpp.obj
[1713/1759] Linking CXX executable tests\integration\integration_repl_wave157_pipeline.exe
[1714/1759] Building CXX object tests\integration\CMakeFiles\integration_repl_wave143_pipeline.dir\test_repl_wave143_pipeline.cpp.obj
[1715/1759] Building CXX object tests\integration\CMakeFiles\integration_repl_wave158_pipeline.dir\test_repl_wave158_pipeline.cpp.obj
[1716/1759] Linking CXX executable tests\integration\integration_repl_wave143_pipeline.exe
[1717/1759] Linking CXX executable tests\integration\integration_repl_wave158_pipeline.exe
[1718/1759] Building CXX object tests\integration\CMakeFiles\integration_repl_wave162_pipeline.dir\test_repl_wave162_pipeline.cpp.obj
[1719/1759] Linking CXX executable tests\integration\integration_repl_wave162_pipeline.exe
[1720/1759] Building CXX object tests\integration\CMakeFiles\integration_repl_wave164_pipeline.dir\test_repl_wave164_pipeline.cpp.obj
[1721/1759] Linking CXX executable tests\integration\integration_repl_wave164_pipeline.exe
[1722/1759] Building CXX object tests\integration\CMakeFiles\integration_repl_wave150_pipeline.dir\test_repl_wave150_pipeline.cpp.obj
[1723/1759] Linking CXX executable tests\integration\integration_repl_wave150_pipeline.exe
[1724/1759] Building CXX object tests\integration\CMakeFiles\integration_repl_wave152_pipeline.dir\test_repl_wave152_pipeline.cpp.obj
[1725/1759] Linking CXX executable tests\integration\integration_repl_wave152_pipeline.exe
[1726/1759] Building CXX object tests\integration\CMakeFiles\integration_repl_wave169_pipeline.dir\test_repl_wave169_pipeline.cpp.obj
[1727/1759] Linking CXX executable tests\integration\integration_repl_wave169_pipeline.exe
[1728/1759] Building CXX object tests\integration\CMakeFiles\integration_repl_wave173_pipeline.dir\test_repl_wave173_pipeline.cpp.obj
[1729/1759] Linking CXX executable tests\integration\integration_repl_wave173_pipeline.exe
[1730/1759] Building CXX object tests\integration\CMakeFiles\integration_repl_wave175_pipeline.dir\test_repl_wave175_pipeline.cpp.obj
[1731/1759] Linking CXX executable tests\integration\integration_repl_wave175_pipeline.exe
[1732/1759] Building CXX object tests\integration\CMakeFiles\integration_repl_wave156_pipeline.dir\test_repl_wave156_pipeline.cpp.obj
[1733/1759] Linking CXX executable tests\integration\integration_repl_wave156_pipeline.exe
[1734/1759] Building CXX object tests\integration\CMakeFiles\integration_repl_wave155_pipeline.dir\test_repl_wave155_pipeline.cpp.obj
[1735/1759] Linking CXX executable tests\integration\integration_repl_wave155_pipeline.exe
[1736/1759] Building CXX object tests\integration\CMakeFiles\integration_repl_wave159_pipeline.dir\test_repl_wave159_pipeline.cpp.obj
[1737/1759] Linking CXX executable tests\integration\integration_repl_wave159_pipeline.exe
[1738/1759] Building CXX object tests\integration\CMakeFiles\integration_repl_wave160_pipeline.dir\test_repl_wave160_pipeline.cpp.obj
[1739/1759] Linking CXX executable tests\integration\integration_repl_wave160_pipeline.exe
[1740/1759] Building CXX object tests\integration\CMakeFiles\integration_repl_wave161_pipeline.dir\test_repl_wave161_pipeline.cpp.obj
[1741/1759] Linking CXX executable tests\integration\integration_repl_wave161_pipeline.exe
[1742/1759] Building CXX object tests\integration\CMakeFiles\integration_repl_wave165_pipeline.dir\test_repl_wave165_pipeline.cpp.obj
[1743/1759] Linking CXX executable tests\integration\integration_repl_wave165_pipeline.exe
[1744/1759] Building CXX object tests\integration\CMakeFiles\integration_repl_wave163_pipeline.dir\test_repl_wave163_pipeline.cpp.obj
[1745/1759] Linking CXX executable tests\integration\integration_repl_wave163_pipeline.exe
[1746/1759] Building CXX object tests\integration\CMakeFiles\integration_repl_wave166_pipeline.dir\test_repl_wave166_pipeline.cpp.obj
[1747/1759] Linking CXX executable tests\integration\integration_repl_wave166_pipeline.exe
[1748/1759] Building CXX object tests\integration\CMakeFiles\integration_repl_wave167_pipeline.dir\test_repl_wave167_pipeline.cpp.obj
[1749/1759] Linking CXX executable tests\integration\integration_repl_wave167_pipeline.exe
[1750/1759] Building CXX object tests\integration\CMakeFiles\integration_repl_wave168_pipeline.dir\test_repl_wave168_pipeline.cpp.obj
[1751/1759] Linking CXX executable tests\integration\integration_repl_wave168_pipeline.exe
[1752/1759] Building CXX object tests\integration\CMakeFiles\integration_repl_wave171_pipeline.dir\test_repl_wave171_pipeline.cpp.obj
[1753/1759] Linking CXX executable tests\integration\integration_repl_wave171_pipeline.exe
[1754/1759] Building CXX object tests\integration\CMakeFiles\integration_repl_wave172_pipeline.dir\test_repl_wave172_pipeline.cpp.obj
[1755/1759] Linking CXX executable tests\integration\integration_repl_wave172_pipeline.exe
[1756/1759] Building CXX object tests\integration\CMakeFiles\integration_repl_wave170_pipeline.dir\test_repl_wave170_pipeline.cpp.obj
[1757/1759] Linking CXX executable tests\integration\integration_repl_wave170_pipeline.exe
[1758/1759] Building CXX object tests\integration\CMakeFiles\integration_repl_wave174_pipeline.dir\test_repl_wave174_pipeline.cpp.obj
[1759/1759] Linking CXX executable tests\integration\integration_repl_wave174_pipeline.exe
Internal ctest changing into directory: C:/Users/odinl/OneDrive/Desktop/MathsScript-wt-w212-axiom/build-msvc
Test project C:/Users/odinl/OneDrive/Desktop/MathsScript-wt-w212-axiom/build-msvc
        Start   1: test_matmul
  1/369 Test   #1: test_matmul .....................................   Passed    0.05 sec
        Start   2: test_lu
  2/369 Test   #2: test_lu .........................................   Passed    0.05 sec
        Start   3: test_qr
  3/369 Test   #3: test_qr .........................................   Passed    0.05 sec
        Start   4: test_solve
  4/369 Test   #4: test_solve ......................................   Passed    0.05 sec
        Start   5: test_norm
  5/369 Test   #5: test_norm .......................................   Passed    0.09 sec
        Start   6: test_linalg_ext
  6/369 Test   #6: test_linalg_ext .................................   Passed    0.06 sec
        Start   7: test_fft_ext
  7/369 Test   #7: test_fft_ext ....................................   Passed    0.05 sec
        Start   8: test_signal_ext
  8/369 Test   #8: test_signal_ext .................................   Passed    0.14 sec
        Start   9: test_stats_prob_ext
  9/369 Test   #9: test_stats_prob_ext .............................   Passed    0.06 sec
        Start  10: test_ode_pde_optim
 10/369 Test  #10: test_ode_pde_optim ..............................   Passed    0.05 sec
        Start  11: test_ode_advanced2
 11/369 Test  #11: test_ode_advanced2 ..............................   Passed    0.07 sec
        Start  12: test_poly_domain
 12/369 Test  #12: test_poly_domain ................................   Passed    0.05 sec
        Start  13: test_simd
 13/369 Test  #13: test_simd .......................................   Passed    0.05 sec
        Start  14: test_cuda_stub
 14/369 Test  #14: test_cuda_stub ..................................   Passed    0.05 sec
        Start  15: test_cuda_matmul
 15/369 Test  #15: test_cuda_matmul ................................   Passed    0.05 sec
        Start  16: test_integration
 16/369 Test  #16: test_integration ................................   Passed    0.05 sec
        Start  17: test_dispatch
 17/369 Test  #17: test_dispatch ...................................   Passed    0.05 sec
        Start  18: test_mpi_stub
 18/369 Test  #18: test_mpi_stub ...................................   Passed    0.05 sec
        Start  19: test_cuda_ext
 19/369 Test  #19: test_cuda_ext ...................................   Passed    0.05 sec
        Start  20: test_dist_block
 20/369 Test  #20: test_dist_block .................................   Passed    0.05 sec
        Start  21: test_sparse_spmv
 21/369 Test  #21: test_sparse_spmv ................................   Passed    0.05 sec
        Start  22: test_repl_session
 22/369 Test  #22: test_repl_session ...............................   Passed    0.07 sec
        Start  23: test_repl_commands
 23/369 Test  #23: test_repl_commands ..............................   Passed    0.26 sec
        Start  24: test_plot_console
 24/369 Test  #24: test_plot_console ...............................   Passed    0.05 sec
        Start  25: test_jit_backend
 25/369 Test  #25: test_jit_backend ................................   Passed    0.05 sec
        Start  26: test_linalg_decomp
 26/369 Test  #26: test_linalg_decomp ..............................   Passed    0.05 sec
        Start  27: test_core_ext
 27/369 Test  #27: test_core_ext ...................................   Passed    0.05 sec
        Start  28: test_signal_filters
 28/369 Test  #28: test_signal_filters .............................   Passed    0.06 sec
        Start  29: test_stats_prob_more
 29/369 Test  #29: test_stats_prob_more ............................   Passed    0.05 sec
        Start  30: test_float_linalg
 30/369 Test  #30: test_float_linalg ...............................   Passed    0.05 sec
        Start  31: test_special_misc
 31/369 Test  #31: test_special_misc ...............................   Passed    0.05 sec
        Start  32: test_fft_core
 32/369 Test  #32: test_fft_core ...................................   Passed    0.05 sec
        Start  33: test_fft_freq
 33/369 Test  #33: test_fft_freq ...................................   Passed    0.05 sec
        Start  34: test_symbolic_ext
 34/369 Test  #34: test_symbolic_ext ...............................   Passed    0.05 sec
        Start  35: test_iterative_ext
 35/369 Test  #35: test_iterative_ext ..............................   Passed    0.05 sec
        Start  36: test_optim_ode_more
 36/369 Test  #36: test_optim_ode_more .............................   Passed    0.05 sec
        Start  37: test_mathscriptc_cli
 37/369 Test  #37: test_mathscriptc_cli ............................   Passed    0.41 sec
        Start  38: test_repl_cli
 38/369 Test  #38: test_repl_cli ...................................   Passed    0.28 sec
        Start  39: test_simd_ext
 39/369 Test  #39: test_simd_ext ...................................   Passed    0.05 sec
        Start  40: test_frameworks_ext
 40/369 Test  #40: test_frameworks_ext .............................   Passed    0.05 sec
        Start  41: test_special_smoke
 41/369 Test  #41: test_special_smoke ..............................   Passed    0.06 sec
        Start  42: test_special_edge
 42/369 Test  #42: test_special_edge ...............................   Passed    0.09 sec
        Start  43: test_special_sweep
 43/369 Test  #43: test_special_sweep ..............................   Passed    0.10 sec
        Start  44: test_linalg_chol
 44/369 Test  #44: test_linalg_chol ................................   Passed    0.05 sec
        Start  45: test_dist_multi_rank
 45/369 Test  #45: test_dist_multi_rank ............................   Passed    0.05 sec
        Start  46: test_load_balancer
 46/369 Test  #46: test_load_balancer ..............................   Passed    0.06 sec
        Start  47: test_frameworks
 47/369 Test  #47: test_frameworks .................................   Passed    0.05 sec
        Start  48: test_dist_lu
 48/369 Test  #48: test_dist_lu ....................................   Passed    0.05 sec
        Start  49: test_special_ext
 49/369 Test  #49: test_special_ext ................................   Passed    0.05 sec
        Start  50: test_special_bessel
 50/369 Test  #50: test_special_bessel .............................   Passed    0.05 sec
        Start  51: test_special_hyper
 51/369 Test  #51: test_special_hyper ..............................   Passed    0.05 sec
        Start  52: test_special_poly_elliptic
 52/369 Test  #52: test_special_poly_elliptic ......................   Passed    0.06 sec
        Start  53: test_special_zeta_theta
 53/369 Test  #53: test_special_zeta_theta .........................   Passed    0.07 sec
        Start  54: test_special_heun_painleve
 54/369 Test  #54: test_special_heun_painleve ......................   Passed    0.05 sec
        Start  55: test_special_voigt
 55/369 Test  #55: test_special_voigt ..............................   Passed    0.06 sec
        Start  56: test_blas_dgemm
 56/369 Test  #56: test_blas_dgemm .................................   Passed    0.05 sec
        Start  57: test_blas_lapack
 57/369 Test  #57: test_blas_lapack ................................   Passed    0.06 sec
        Start  58: test_symbolic
 58/369 Test  #58: test_symbolic ...................................   Passed    0.05 sec
        Start  59: test_fuzz_stress
 59/369 Test  #59: test_fuzz_stress ................................   Passed    0.83 sec
        Start  60: test_core_matrix
 60/369 Test  #60: test_core_matrix ................................   Passed    0.05 sec
        Start  61: test_memory
 61/369 Test  #61: test_memory .....................................   Passed    0.05 sec
        Start  62: test_error_types
 62/369 Test  #62: test_error_types ................................   Passed    0.04 sec
        Start  63: test_runtime
 63/369 Test  #63: test_runtime ....................................   Passed    0.05 sec
        Start  64: test_data_driven
 64/369 Test  #64: test_data_driven ................................   Passed    0.05 sec
        Start  65: test_server_cli
 65/369 Test  #65: test_server_cli .................................   Passed    1.20 sec
        Start  66: test_lu_typed
 66/369 Test  #66: test_lu_typed ...................................   Passed    0.05 sec
        Start  67: test_solve_typed
 67/369 Test  #67: test_solve_typed ................................   Passed    0.04 sec
        Start  68: test_chol_typed
 68/369 Test  #68: test_chol_typed .................................   Passed    0.04 sec
        Start  69: test_fft_typed
 69/369 Test  #69: test_fft_typed ..................................   Passed    0.04 sec
        Start  70: test_repl_advanced
 70/369 Test  #70: test_repl_advanced ..............................   Passed    0.05 sec
        Start  71: test_symbolic_advanced
 71/369 Test  #71: test_symbolic_advanced ..........................   Passed    0.05 sec
        Start  72: test_core_sym
 72/369 Test  #72: test_core_sym ...................................   Passed    0.05 sec
        Start  73: test_jit_factory
 73/369 Test  #73: test_jit_factory ................................   Passed    0.05 sec
        Start  74: test_rng
 74/369 Test  #74: test_rng ........................................   Passed    0.04 sec
        Start  75: test_tensor
 75/369 Test  #75: test_tensor .....................................   Passed    0.05 sec
        Start  76: test_transpose
 76/369 Test  #76: test_transpose ..................................   Passed    0.04 sec
        Start  77: test_topology
 77/369 Test  #77: test_topology ...................................   Passed    0.04 sec
        Start  78: test_construction
 78/369 Test  #78: test_construction ...............................   Passed    0.04 sec
        Start  79: test_linalg_decomp_ext
 79/369 Test  #79: test_linalg_decomp_ext ..........................   Passed    0.04 sec
        Start  80: test_simd_vector_ops
 80/369 Test  #80: test_simd_vector_ops ............................   Passed    0.04 sec
        Start  81: test_scalar_type
 81/369 Test  #81: test_scalar_type ................................   Passed    0.04 sec
        Start  82: test_sparse_ext
 82/369 Test  #82: test_sparse_ext .................................   Passed    0.04 sec
        Start  83: test_poly_ext
 83/369 Test  #83: test_poly_ext ...................................   Passed    0.05 sec
        Start  84: test_domain_types
 84/369 Test  #84: test_domain_types ...............................   Passed    0.05 sec
        Start  85: test_pde_extended
 85/369 Test  #85: test_pde_extended ...............................   Passed    0.82 sec
        Start  86: test_signal_windows
 86/369 Test  #86: test_signal_windows .............................   Passed    0.05 sec
        Start  87: test_repl_api_direct
 87/369 Test  #87: test_repl_api_direct ............................   Passed    0.05 sec
        Start  88: test_expr_templates
 88/369 Test  #88: test_expr_templates .............................   Passed    0.04 sec
        Start  89: test_sym_extended
 89/369 Test  #89: test_sym_extended ...............................   Passed    0.05 sec
        Start  90: test_stats_numerical
 90/369 Test  #90: test_stats_numerical ............................   Passed    0.04 sec
        Start  91: test_optim_extended
 91/369 Test  #91: test_optim_extended .............................   Passed    0.05 sec
        Start  92: test_poly_extended
 92/369 Test  #92: test_poly_extended ..............................   Passed    0.04 sec
        Start  93: test_stats_gaps
 93/369 Test  #93: test_stats_gaps .................................   Passed    0.05 sec
        Start  94: test_memory_extended
 94/369 Test  #94: test_memory_extended ............................   Passed    0.05 sec
        Start  95: test_linalg_edge
 95/369 Test  #95: test_linalg_edge ................................   Passed    0.04 sec
        Start  96: test_repl_error_paths
 96/369 Test  #96: test_repl_error_paths ...........................   Passed    0.05 sec
        Start  97: test_axiom_gria_ext
 97/369 Test  #97: test_axiom_gria_ext .............................   Passed    0.15 sec
        Start  98: test_cellai_cypha_ext
 98/369 Test  #98: test_cellai_cypha_ext ...........................   Passed    0.05 sec
        Start  99: test_tensor_lb_numa
 99/369 Test  #99: test_tensor_lb_numa .............................   Passed    0.04 sec
        Start 100: test_optim_result_types
100/369 Test #100: test_optim_result_types .........................   Passed    0.04 sec
        Start 101: test_simd_extended
101/369 Test #101: test_simd_extended ..............................   Passed    0.05 sec
        Start 102: test_gria_advanced
102/369 Test #102: test_gria_advanced ..............................   Passed    0.04 sec
        Start 103: test_error_types_extended
103/369 Test #103: test_error_types_extended .......................   Passed    0.04 sec
        Start 104: test_linalg_advanced
104/369 Test #104: test_linalg_advanced ............................   Passed    0.04 sec
        Start 105: test_izaac_advanced
105/369 Test #105: test_izaac_advanced .............................   Passed    0.05 sec
        Start 106: test_rng_statistical_quality
106/369 Test #106: test_rng_statistical_quality ....................   Passed    0.13 sec
        Start 107: test_thread_pool_linalg_adv
107/369 Test #107: test_thread_pool_linalg_adv .....................   Passed    0.05 sec
        Start 108: test_memory_allocators_adv
108/369 Test #108: test_memory_allocators_adv ......................   Passed    0.04 sec
        Start 109: test_cpu_blas_kernel
109/369 Test #109: test_cpu_blas_kernel ............................   Passed    0.05 sec
        Start 110: test_topology_dispatch_adv
110/369 Test #110: test_topology_dispatch_adv ......................   Passed    0.05 sec
        Start 111: test_repl_session_adv
111/369 Test #111: test_repl_session_adv ...........................   Passed    0.05 sec
        Start 112: test_repl_interp_adv
112/369 Test #112: test_repl_interp_adv ............................   Passed    0.05 sec
        Start 113: test_distributed_adv
113/369 Test #113: test_distributed_adv ............................   Passed    0.05 sec
        Start 114: test_optim_adv
114/369 Test #114: test_optim_adv ..................................   Passed    0.04 sec
        Start 115: test_simd_isa_adv
115/369 Test #115: test_simd_isa_adv ...............................   Passed    0.04 sec
        Start 116: test_frameworks_adv
116/369 Test #116: test_frameworks_adv .............................   Passed    0.06 sec
        Start 117: test_tensor_adv
117/369 Test #117: test_tensor_adv .................................   Passed    0.05 sec
        Start 118: test_dist_matrix_adv
118/369 Test #118: test_dist_matrix_adv ............................   Passed    0.05 sec
        Start 119: test_runtime_dispatch_adv
119/369 Test #119: test_runtime_dispatch_adv .......................   Passed    0.05 sec
        Start 120: test_sparse_adv
120/369 Test #120: test_sparse_adv .................................   Passed    0.05 sec
        Start 121: test_memory_adv
121/369 Test #121: test_memory_adv .................................   Passed    0.05 sec
        Start 122: test_poly_adv
122/369 Test #122: test_poly_adv ...................................   Passed    0.05 sec
        Start 123: test_domain_adv
123/369 Test #123: test_domain_adv .................................   Passed    0.05 sec
        Start 124: test_optim_adv2
124/369 Test #124: test_optim_adv2 .................................   Passed    0.04 sec
        Start 125: test_stats_adv2
125/369 Test #125: test_stats_adv2 .................................   Passed    0.05 sec
        Start 126: test_signal_adv2
126/369 Test #126: test_signal_adv2 ................................   Passed    0.05 sec
        Start 127: test_symbolic_adv2
127/369 Test #127: test_symbolic_adv2 ..............................   Passed    0.05 sec
        Start 128: test_symbolic_extended
128/369 Test #128: test_symbolic_extended ..........................   Passed    0.05 sec
        Start 129: test_stats_edge
129/369 Test #129: test_stats_edge .................................   Passed    0.05 sec
        Start 130: test_sparse_ops_adv
130/369 Test #130: test_sparse_ops_adv .............................   Passed    0.05 sec
        Start 131: test_prob_adv2
131/369 Test #131: test_prob_adv2 ..................................   Passed    0.05 sec
        Start 132: test_poly_adv2
132/369 Test #132: test_poly_adv2 ..................................   Passed    0.04 sec
        Start 133: test_signal_adv3
133/369 Test #133: test_signal_adv3 ................................   Passed    0.05 sec
        Start 134: test_special_struve_airy
134/369 Test #134: test_special_struve_airy ........................   Passed    0.04 sec
        Start 135: test_optim_newton_broyden
135/369 Test #135: test_optim_newton_broyden .......................   Passed    0.04 sec
        Start 136: test_optim_constrained
136/369 Test #136: test_optim_constrained ..........................   Passed    0.04 sec
        Start 137: test_tensor_scalar
137/369 Test #137: test_tensor_scalar ..............................   Passed    0.07 sec
        Start 138: test_prob_adv3
138/369 Test #138: test_prob_adv3 ..................................   Passed    0.53 sec
        Start 139: test_signal_windows_adv4
139/369 Test #139: test_signal_windows_adv4 ........................   Passed    0.05 sec
        Start 140: test_optim_global
140/369 Test #140: test_optim_global ...............................   Passed    0.07 sec
        Start 141: test_numthy
141/369 Test #141: test_numthy .....................................   Passed    0.06 sec
        Start 142: test_combo
142/369 Test #142: test_combo ......................................   Passed    0.05 sec
        Start 143: test_info
143/369 Test #143: test_info .......................................   Passed    0.05 sec
        Start 144: test_finance
144/369 Test #144: test_finance ....................................   Passed    8.67 sec
        Start 145: test_linalg_iterative2
145/369 Test #145: test_linalg_iterative2 ..........................   Passed    0.05 sec
        Start 146: test_control
146/369 Test #146: test_control ....................................   Passed    0.05 sec
        Start 147: test_graph
147/369 Test #147: test_graph ......................................   Passed    0.05 sec
        Start 148: test_cplx
148/369 Test #148: test_cplx .......................................   Passed    0.05 sec
        Start 149: test_quantum
149/369 Test #149: test_quantum ....................................   Passed    0.25 sec
        Start 150: test_geo
150/369 Test #150: test_geo ........................................   Passed    0.05 sec
        Start 151: test_diffgeo
151/369 Test #151: test_diffgeo ....................................   Passed    0.25 sec
        Start 152: test_topo
152/369 Test #152: test_topo .......................................   Passed    0.05 sec
        Start 153: test_tensorops
153/369 Test #153: test_tensorops ..................................   Passed    0.08 sec
        Start 154: test_ml
154/369 Test #154: test_ml .........................................   Passed    0.17 sec
        Start 155: test_image
155/369 Test #155: test_image ......................................   Passed    0.19 sec
        Start 156: test_compress
156/369 Test #156: test_compress ...................................   Passed    0.06 sec
        Start 157: test_bignum
157/369 Test #157: test_bignum .....................................   Passed    0.17 sec
        Start 158: test_checked_arith
158/369 Test #158: test_checked_arith ..............................   Passed    0.06 sec
        Start 159: test_prob_lognormal_weibull_laplace
159/369 Test #159: test_prob_lognormal_weibull_laplace .............   Passed    0.13 sec
        Start 160: test_units
160/369 Test #160: test_units ......................................   Passed    0.05 sec
        Start 161: test_plugin_smoke
161/369 Test #161: test_plugin_smoke ...............................   Passed    0.05 sec
        Start 162: numerical_bessel
162/369 Test #162: numerical_bessel ................................   Passed    0.05 sec
        Start 163: numerical_linalg
163/369 Test #163: numerical_linalg ................................   Passed    0.05 sec
        Start 164: numerical_fft
164/369 Test #164: numerical_fft ...................................   Passed    0.05 sec
        Start 165: numerical_special
165/369 Test #165: numerical_special ...............................   Passed    0.07 sec
        Start 166: numerical_linalg_qr
166/369 Test #166: numerical_linalg_qr .............................   Passed    0.05 sec
        Start 167: numerical_signal
167/369 Test #167: numerical_signal ................................   Passed    0.04 sec
        Start 168: numerical_linalg_decomp
168/369 Test #168: numerical_linalg_decomp .........................   Passed    0.06 sec
        Start 169: numerical_ode
169/369 Test #169: numerical_ode ...................................   Passed    0.05 sec
        Start 170: numerical_fft_ext
170/369 Test #170: numerical_fft_ext ...............................   Passed    0.05 sec
        Start 171: numerical_linalg_basic
171/369 Test #171: numerical_linalg_basic ..........................   Passed    0.04 sec
        Start 172: numerical_iterative
172/369 Test #172: numerical_iterative .............................   Passed    0.05 sec
        Start 173: numerical_core_ops
173/369 Test #173: numerical_core_ops ..............................   Passed    0.05 sec
        Start 174: numerical_signal_windows
174/369 Test #174: numerical_signal_windows ........................   Passed    0.05 sec
        Start 175: numerical_pde
175/369 Test #175: numerical_pde ...................................   Passed    0.04 sec
        Start 176: numerical_matrix_construction
176/369 Test #176: numerical_matrix_construction ...................   Passed    0.05 sec
        Start 177: numerical_sparse
177/369 Test #177: numerical_sparse ................................   Passed    0.05 sec
        Start 178: numerical_special_advanced
178/369 Test #178: numerical_special_advanced ......................   Passed    0.05 sec
        Start 179: numerical_fft_dct_prob
179/369 Test #179: numerical_fft_dct_prob ..........................   Passed    0.05 sec
        Start 180: numerical_signal_correlate_ode
180/369 Test #180: numerical_signal_correlate_ode ..................   Passed    0.05 sec
        Start 181: numerical_stats_advanced
181/369 Test #181: numerical_stats_advanced ........................   Passed    0.05 sec
        Start 182: numerical_fft_extended
182/369 Test #182: numerical_fft_extended ..........................   Passed    0.05 sec
        Start 183: numerical_special_group1
183/369 Test #183: numerical_special_group1 ........................   Passed    0.05 sec
        Start 184: numerical_special_ext
184/369 Test #184: numerical_special_ext ...........................   Passed    0.04 sec
        Start 185: numerical_special_group2
185/369 Test #185: numerical_special_group2 ........................   Passed    0.07 sec
        Start 186: numerical_special_group3
186/369 Test #186: numerical_special_group3 ........................   Passed    0.09 sec
        Start 187: numerical_special_group4
187/369 Test #187: numerical_special_group4 ........................   Passed    0.05 sec
        Start 188: numerical_fft_prob_remaining
188/369 Test #188: numerical_fft_prob_remaining ....................   Passed    0.05 sec
        Start 189: numerical_special_painleve
189/369 Test #189: numerical_special_painleve ......................   Passed    0.05 sec
        Start 190: numerical_linalg_hess_schur
190/369 Test #190: numerical_linalg_hess_schur .....................   Passed    0.05 sec
        Start 191: numerical_iterative_solvers
191/369 Test #191: numerical_iterative_solvers .....................   Passed    0.05 sec
        Start 192: numerical_linalg_decomp_adv
192/369 Test #192: numerical_linalg_decomp_adv .....................   Passed    0.05 sec
        Start 193: numerical_ode_advanced
193/369 Test #193: numerical_ode_advanced ..........................   Passed    0.04 sec
        Start 194: numerical_stats_signal_sym_adv
194/369 Test #194: numerical_stats_signal_sym_adv ..................   Passed    0.05 sec
        Start 195: numerical_fft_transforms_adv
195/369 Test #195: numerical_fft_transforms_adv ....................   Passed    0.05 sec
        Start 196: numerical_linalg_norm_cg_adv
196/369 Test #196: numerical_linalg_norm_cg_adv ....................   Passed    0.05 sec
        Start 197: numerical_prob_adv
197/369 Test #197: numerical_prob_adv ..............................   Passed    0.05 sec
        Start 198: numerical_linalg_struct_adv
198/369 Test #198: numerical_linalg_struct_adv .....................   Passed    0.05 sec
        Start 199: numerical_fft_adv2
199/369 Test #199: numerical_fft_adv2 ..............................   Passed    0.05 sec
        Start 200: numerical_special_adv2
200/369 Test #200: numerical_special_adv2 ..........................   Passed    0.05 sec
        Start 201: numerical_linalg_iterative_adv
201/369 Test #201: numerical_linalg_iterative_adv ..................   Passed    0.05 sec
        Start 202: numerical_pde_adv
202/369 Test #202: numerical_pde_adv ...............................   Passed    0.05 sec
        Start 203: numerical_fft_dct_adv
203/369 Test #203: numerical_fft_dct_adv ...........................   Passed    0.05 sec
        Start 204: numerical_special_gamma_adv
204/369 Test #204: numerical_special_gamma_adv .....................   Passed    0.05 sec
        Start 205: numerical_linalg_svd_adv
205/369 Test #205: numerical_linalg_svd_adv ........................   Passed    0.05 sec
        Start 206: numerical_linalg_ldl_eig
206/369 Test #206: numerical_linalg_ldl_eig ........................   Passed    0.07 sec
        Start 207: numerical_linalg_cond_rank
207/369 Test #207: numerical_linalg_cond_rank ......................   Passed    0.05 sec
        Start 208: numerical_fft_phase_energy
208/369 Test #208: numerical_fft_phase_energy ......................   Passed    0.05 sec
        Start 209: numerical_core_ops_adv
209/369 Test #209: numerical_core_ops_adv ..........................   Passed    0.05 sec
        Start 210: numerical_ode_adv2
210/369 Test #210: numerical_ode_adv2 ..............................   Passed    0.05 sec
        Start 211: numerical_pde_adv2
211/369 Test #211: numerical_pde_adv2 ..............................   Passed    0.06 sec
        Start 212: numerical_linalg_iter_adv
212/369 Test #212: numerical_linalg_iter_adv .......................   Passed    0.05 sec
        Start 213: numerical_rng_adv
213/369 Test #213: numerical_rng_adv ...............................   Passed    0.05 sec
        Start 214: numerical_linalg_logm_sqrtm
214/369 Test #214: numerical_linalg_logm_sqrtm .....................   Passed    0.05 sec
        Start 215: numerical_linalg_hess_lsq
215/369 Test #215: numerical_linalg_hess_lsq .......................   Passed    0.05 sec
        Start 216: numerical_linalg_tril_triu
216/369 Test #216: numerical_linalg_tril_triu ......................   Passed    0.05 sec
        Start 217: numerical_stats_regression_adv
217/369 Test #217: numerical_stats_regression_adv ..................   Passed    0.05 sec
        Start 218: numerical_special_erf_adv
218/369 Test #218: numerical_special_erf_adv .......................   Passed    0.05 sec
        Start 219: numerical_special_dlmf_extended
219/369 Test #219: numerical_special_dlmf_extended .................   Passed    0.18 sec
        Start 220: numerical_ode_adaptive
220/369 Test #220: numerical_ode_adaptive ..........................   Passed    0.05 sec
        Start 221: numerical_poly_advanced2
221/369 Test #221: numerical_poly_advanced2 ........................   Passed    0.11 sec
        Start 222: numerical_stats_timeseries
222/369 Test #222: numerical_stats_timeseries ......................   Passed    0.05 sec
        Start 223: numerical_linalg_new_funcs
223/369 Test #223: numerical_linalg_new_funcs ......................   Passed    0.06 sec
        Start 224: integration_pipeline
224/369 Test #224: integration_pipeline ............................   Passed    0.91 sec
        Start 225: integration_repl_pipeline
225/369 Test #225: integration_repl_pipeline .......................   Passed    0.96 sec
        Start 226: integration_jit_repl_parity
226/369 Test #226: integration_jit_repl_parity .....................   Passed    0.65 sec
        Start 227: integration_scientific_pipeline
227/369 Test #227: integration_scientific_pipeline .................   Passed    0.53 sec
        Start 228: integration_framework_pipeline
228/369 Test #228: integration_framework_pipeline ..................   Passed    0.86 sec
        Start 229: integration_symbolic_optim_pipeline
229/369 Test #229: integration_symbolic_optim_pipeline .............   Passed    0.88 sec
        Start 230: integration_repl_linalg_pipeline
230/369 Test #230: integration_repl_linalg_pipeline ................   Passed    0.98 sec
        Start 231: integration_ode_pde_pipeline
231/369 Test #231: integration_ode_pde_pipeline ....................   Passed    0.90 sec
        Start 232: integration_signal_fft_pipeline
232/369 Test #232: integration_signal_fft_pipeline .................   Passed    0.91 sec
        Start 233: integration_frameworks_pipeline
233/369 Test #233: integration_frameworks_pipeline .................   Passed    0.91 sec
        Start 234: integration_stats_linalg_pipeline
234/369 Test #234: integration_stats_linalg_pipeline ...............   Passed    0.56 sec
        Start 235: integration_prob_stats_signal_pipeline
235/369 Test #235: integration_prob_stats_signal_pipeline ..........   Passed    0.51 sec
        Start 236: integration_ode_optim_pipeline
236/369 Test #236: integration_ode_optim_pipeline ..................   Passed    0.88 sec
        Start 237: integration_symbolic_numeric_pipeline
237/369 Test #237: integration_symbolic_numeric_pipeline ...........   Passed    0.90 sec
        Start 238: integration_prob_stats_pipeline
238/369 Test #238: integration_prob_stats_pipeline .................   Passed    0.86 sec
        Start 239: integration_signal_optim_pipeline
239/369 Test #239: integration_signal_optim_pipeline ...............   Passed    0.92 sec
        Start 240: integration_linalg_ode_pipeline
240/369 Test #240: integration_linalg_ode_pipeline .................   Passed    0.89 sec
        Start 241: integration_ode_pde_poly_pipeline
241/369 Test #241: integration_ode_pde_poly_pipeline ...............   Passed    0.90 sec
        Start 242: integration_fft_stats_pipeline
242/369 Test #242: integration_fft_stats_pipeline ..................   Passed    0.95 sec
        Start 243: integration_stats_optim_linalg_pipeline
243/369 Test #243: integration_stats_optim_linalg_pipeline .........   Passed    0.97 sec
        Start 244: integration_poly_fft_pipeline
244/369 Test #244: integration_poly_fft_pipeline ...................   Passed    0.89 sec
        Start 245: integration_ode_stats_prob_pipeline
245/369 Test #245: integration_ode_stats_prob_pipeline .............   Passed    0.89 sec
        Start 246: integration_wave58_pipeline
246/369 Test #246: integration_wave58_pipeline .....................   Passed    0.94 sec
        Start 247: integration_wave59_pipeline
247/369 Test #247: integration_wave59_pipeline .....................   Passed    1.00 sec
        Start 248: integration_wave60_pipeline
248/369 Test #248: integration_wave60_pipeline .....................   Passed    0.58 sec
        Start 249: integration_wave57_60_pipeline
249/369 Test #249: integration_wave57_60_pipeline ..................   Passed    1.09 sec
        Start 250: integration_wave66_full_pipeline
250/369 Test #250: integration_wave66_full_pipeline ................   Passed    0.55 sec
        Start 251: integration_repl_wave67_pipeline
251/369 Test #251: integration_repl_wave67_pipeline ................   Passed    0.99 sec
        Start 252: integration_repl_wave68_pipeline
252/369 Test #252: integration_repl_wave68_pipeline ................   Passed    1.09 sec
        Start 253: integration_repl_wave69_pipeline
253/369 Test #253: integration_repl_wave69_pipeline ................   Passed    0.97 sec
        Start 254: integration_repl_wave70_pipeline
254/369 Test #254: integration_repl_wave70_pipeline ................   Passed    0.62 sec
        Start 255: integration_repl_wave71_pipeline
255/369 Test #255: integration_repl_wave71_pipeline ................   Passed    1.01 sec
        Start 256: integration_repl_wave72_pipeline
256/369 Test #256: integration_repl_wave72_pipeline ................   Passed    1.07 sec
        Start 257: integration_repl_wave73_pipeline
257/369 Test #257: integration_repl_wave73_pipeline ................   Passed    1.03 sec
        Start 258: integration_repl_wave74_pipeline
258/369 Test #258: integration_repl_wave74_pipeline ................   Passed    0.60 sec
        Start 259: integration_repl_wave75_pipeline
259/369 Test #259: integration_repl_wave75_pipeline ................   Passed    0.59 sec
        Start 260: integration_repl_wave76_pipeline
260/369 Test #260: integration_repl_wave76_pipeline ................   Passed    1.03 sec
        Start 261: integration_repl_wave77_pipeline
261/369 Test #261: integration_repl_wave77_pipeline ................   Passed    1.01 sec
        Start 262: integration_repl_wave78_pipeline
262/369 Test #262: integration_repl_wave78_pipeline ................   Passed    1.02 sec
        Start 263: integration_repl_wave79_pipeline
263/369 Test #263: integration_repl_wave79_pipeline ................   Passed    1.00 sec
        Start 264: integration_repl_wave80_pipeline
264/369 Test #264: integration_repl_wave80_pipeline ................   Passed    0.98 sec
        Start 265: integration_repl_wave81_pipeline
265/369 Test #265: integration_repl_wave81_pipeline ................   Passed    0.60 sec
        Start 266: integration_repl_wave82_pipeline
266/369 Test #266: integration_repl_wave82_pipeline ................   Passed    0.98 sec
        Start 267: integration_repl_wave83_pipeline
267/369 Test #267: integration_repl_wave83_pipeline ................   Passed    0.57 sec
        Start 268: integration_repl_wave84_pipeline
268/369 Test #268: integration_repl_wave84_pipeline ................   Passed    1.02 sec
        Start 269: integration_repl_wave85_pipeline
269/369 Test #269: integration_repl_wave85_pipeline ................   Passed    0.99 sec
        Start 270: integration_repl_wave86_pipeline
270/369 Test #270: integration_repl_wave86_pipeline ................   Passed    0.94 sec
        Start 271: integration_repl_wave87_pipeline
271/369 Test #271: integration_repl_wave87_pipeline ................   Passed    0.60 sec
        Start 272: integration_repl_wave88_pipeline
272/369 Test #272: integration_repl_wave88_pipeline ................   Passed    0.60 sec
        Start 273: integration_repl_wave91_pipeline
273/369 Test #273: integration_repl_wave91_pipeline ................   Passed    0.94 sec
        Start 274: integration_repl_wave92_pipeline
274/369 Test #274: integration_repl_wave92_pipeline ................   Passed    0.59 sec
        Start 275: integration_repl_wave93_pipeline
275/369 Test #275: integration_repl_wave93_pipeline ................   Passed    0.97 sec
        Start 276: integration_repl_wave94_pipeline
276/369 Test #276: integration_repl_wave94_pipeline ................   Passed    0.99 sec
        Start 277: integration_repl_wave95_pipeline
277/369 Test #277: integration_repl_wave95_pipeline ................   Passed    0.56 sec
        Start 278: integration_repl_wave96_pipeline
278/369 Test #278: integration_repl_wave96_pipeline ................   Passed    0.97 sec
        Start 279: integration_repl_wave97_pipeline
279/369 Test #279: integration_repl_wave97_pipeline ................   Passed    0.99 sec
        Start 280: integration_repl_wave98_pipeline
280/369 Test #280: integration_repl_wave98_pipeline ................   Passed    0.64 sec
        Start 281: integration_repl_wave99_pipeline
281/369 Test #281: integration_repl_wave99_pipeline ................   Passed    0.60 sec
        Start 282: integration_repl_wave100_pipeline
282/369 Test #282: integration_repl_wave100_pipeline ...............   Passed    0.98 sec
        Start 283: integration_repl_wave101_pipeline
283/369 Test #283: integration_repl_wave101_pipeline ...............   Passed    0.59 sec
        Start 284: integration_repl_wave102_pipeline
284/369 Test #284: integration_repl_wave102_pipeline ...............   Passed    0.96 sec
        Start 285: integration_repl_wave103_pipeline
285/369 Test #285: integration_repl_wave103_pipeline ...............   Passed    0.59 sec
        Start 286: integration_repl_wave104_pipeline
286/369 Test #286: integration_repl_wave104_pipeline ...............   Passed    0.98 sec
        Start 287: integration_repl_wave105_pipeline
287/369 Test #287: integration_repl_wave105_pipeline ...............   Passed    1.02 sec
        Start 288: integration_repl_wave106_pipeline
288/369 Test #288: integration_repl_wave106_pipeline ...............   Passed    1.02 sec
        Start 289: integration_repl_wave107_pipeline
289/369 Test #289: integration_repl_wave107_pipeline ...............   Passed    0.98 sec
        Start 290: integration_repl_wave108_pipeline
290/369 Test #290: integration_repl_wave108_pipeline ...............   Passed    0.59 sec
        Start 291: integration_repl_wave109_pipeline
291/369 Test #291: integration_repl_wave109_pipeline ...............   Passed    1.01 sec
        Start 292: integration_repl_wave112_pipeline
292/369 Test #292: integration_repl_wave112_pipeline ...............   Passed    0.97 sec
        Start 293: integration_repl_wave113_pipeline
293/369 Test #293: integration_repl_wave113_pipeline ...............   Passed    1.00 sec
        Start 294: integration_repl_wave114_pipeline
294/369 Test #294: integration_repl_wave114_pipeline ...............   Passed    0.62 sec
        Start 295: integration_repl_wave115_pipeline
295/369 Test #295: integration_repl_wave115_pipeline ...............   Passed    0.95 sec
        Start 296: integration_repl_wave116_pipeline
296/369 Test #296: integration_repl_wave116_pipeline ...............   Passed    0.98 sec
        Start 297: integration_repl_wave117_pipeline
297/369 Test #297: integration_repl_wave117_pipeline ...............   Passed    0.98 sec
        Start 298: integration_repl_wave118_pipeline
298/369 Test #298: integration_repl_wave118_pipeline ...............   Passed    0.97 sec
        Start 299: integration_repl_wave119_pipeline
299/369 Test #299: integration_repl_wave119_pipeline ...............   Passed    1.04 sec
        Start 300: integration_repl_wave120_pipeline
300/369 Test #300: integration_repl_wave120_pipeline ...............   Passed    1.17 sec
        Start 301: integration_repl_wave121_pipeline
301/369 Test #301: integration_repl_wave121_pipeline ...............   Passed    0.99 sec
        Start 302: integration_repl_wave122_pipeline
302/369 Test #302: integration_repl_wave122_pipeline ...............   Passed    1.01 sec
        Start 303: integration_repl_wave123_pipeline
303/369 Test #303: integration_repl_wave123_pipeline ...............   Passed    0.63 sec
        Start 304: integration_repl_wave124_pipeline
304/369 Test #304: integration_repl_wave124_pipeline ...............   Passed    0.58 sec
        Start 305: integration_repl_wave125_pipeline
305/369 Test #305: integration_repl_wave125_pipeline ...............   Passed    0.65 sec
        Start 306: integration_repl_wave126_pipeline
306/369 Test #306: integration_repl_wave126_pipeline ...............   Passed    0.98 sec
        Start 307: integration_repl_wave127_pipeline
307/369 Test #307: integration_repl_wave127_pipeline ...............   Passed    0.60 sec
        Start 308: integration_repl_wave128_pipeline
308/369 Test #308: integration_repl_wave128_pipeline ...............   Passed    0.98 sec
        Start 309: integration_repl_wave129_pipeline
309/369 Test #309: integration_repl_wave129_pipeline ...............   Passed    0.98 sec
        Start 310: integration_repl_wave130_pipeline
310/369 Test #310: integration_repl_wave130_pipeline ...............   Passed    1.05 sec
        Start 311: integration_repl_wave131_pipeline
311/369 Test #311: integration_repl_wave131_pipeline ...............   Passed    0.97 sec
        Start 312: integration_repl_wave132_pipeline
312/369 Test #312: integration_repl_wave132_pipeline ...............   Passed    0.99 sec
        Start 313: integration_repl_wave133_pipeline
313/369 Test #313: integration_repl_wave133_pipeline ...............   Passed    1.00 sec
        Start 314: integration_repl_wave134_pipeline
314/369 Test #314: integration_repl_wave134_pipeline ...............   Passed    0.98 sec
        Start 315: integration_repl_wave135_pipeline
315/369 Test #315: integration_repl_wave135_pipeline ...............   Passed    0.97 sec
        Start 316: integration_repl_wave136_pipeline
316/369 Test #316: integration_repl_wave136_pipeline ...............   Passed    0.83 sec
        Start 317: integration_repl_wave137_pipeline
317/369 Test #317: integration_repl_wave137_pipeline ...............   Passed    1.03 sec
        Start 318: integration_repl_wave138_pipeline
318/369 Test #318: integration_repl_wave138_pipeline ...............   Passed    1.15 sec
        Start 319: integration_repl_wave139_pipeline
319/369 Test #319: integration_repl_wave139_pipeline ...............   Passed    1.24 sec
        Start 320: integration_repl_wave140_pipeline
320/369 Test #320: integration_repl_wave140_pipeline ...............   Passed    1.12 sec
        Start 321: integration_repl_wave141_pipeline
321/369 Test #321: integration_repl_wave141_pipeline ...............   Passed    1.04 sec
        Start 322: integration_repl_wave142_pipeline
322/369 Test #322: integration_repl_wave142_pipeline ...............   Passed    0.80 sec
        Start 323: integration_repl_wave143_pipeline
323/369 Test #323: integration_repl_wave143_pipeline ...............   Passed    1.04 sec
        Start 324: integration_repl_wave144_pipeline
324/369 Test #324: integration_repl_wave144_pipeline ...............   Passed    1.05 sec
        Start 325: integration_repl_wave145_pipeline
325/369 Test #325: integration_repl_wave145_pipeline ...............   Passed    1.03 sec
        Start 326: integration_repl_wave146_pipeline
326/369 Test #326: integration_repl_wave146_pipeline ...............   Passed    1.05 sec
        Start 327: integration_repl_wave147_pipeline
327/369 Test #327: integration_repl_wave147_pipeline ...............   Passed    1.05 sec
        Start 328: integration_repl_wave148_pipeline
328/369 Test #328: integration_repl_wave148_pipeline ...............   Passed    1.02 sec
        Start 329: integration_repl_wave149_pipeline
329/369 Test #329: integration_repl_wave149_pipeline ...............   Passed    1.02 sec
        Start 330: integration_repl_wave150_pipeline
330/369 Test #330: integration_repl_wave150_pipeline ...............   Passed    1.07 sec
        Start 331: integration_repl_wave151_pipeline
331/369 Test #331: integration_repl_wave151_pipeline ...............   Passed    1.06 sec
        Start 332: integration_repl_wave152_pipeline
332/369 Test #332: integration_repl_wave152_pipeline ...............   Passed    1.10 sec
        Start 333: integration_repl_wave153_pipeline
333/369 Test #333: integration_repl_wave153_pipeline ...............   Passed    0.67 sec
        Start 334: integration_repl_wave154_pipeline
334/369 Test #334: integration_repl_wave154_pipeline ...............   Passed    1.12 sec
        Start 335: integration_repl_wave155_pipeline
335/369 Test #335: integration_repl_wave155_pipeline ...............   Passed    1.05 sec
        Start 336: integration_repl_wave156_pipeline
336/369 Test #336: integration_repl_wave156_pipeline ...............   Passed    1.12 sec
        Start 337: integration_repl_wave157_pipeline
337/369 Test #337: integration_repl_wave157_pipeline ...............   Passed    1.06 sec
        Start 338: integration_repl_wave158_pipeline
338/369 Test #338: integration_repl_wave158_pipeline ...............   Passed    0.61 sec
        Start 339: integration_repl_wave159_pipeline
339/369 Test #339: integration_repl_wave159_pipeline ...............   Passed    0.60 sec
        Start 340: integration_repl_wave160_pipeline
340/369 Test #340: integration_repl_wave160_pipeline ...............   Passed    1.09 sec
        Start 341: integration_repl_wave161_pipeline
341/369 Test #341: integration_repl_wave161_pipeline ...............   Passed    1.04 sec
        Start 342: integration_repl_wave162_pipeline
342/369 Test #342: integration_repl_wave162_pipeline ...............   Passed    1.14 sec
        Start 343: integration_repl_wave163_pipeline
343/369 Test #343: integration_repl_wave163_pipeline ...............   Passed    1.15 sec
        Start 344: integration_repl_wave164_pipeline
344/369 Test #344: integration_repl_wave164_pipeline ...............   Passed    0.70 sec
        Start 345: integration_repl_wave165_pipeline
345/369 Test #345: integration_repl_wave165_pipeline ...............   Passed    1.12 sec
        Start 346: integration_repl_wave166_pipeline
346/369 Test #346: integration_repl_wave166_pipeline ...............   Passed    0.98 sec
        Start 347: integration_repl_wave167_pipeline
347/369 Test #347: integration_repl_wave167_pipeline ...............   Passed    1.06 sec
        Start 348: integration_repl_wave168_pipeline
348/369 Test #348: integration_repl_wave168_pipeline ...............   Passed    1.03 sec
        Start 349: integration_repl_wave169_pipeline
349/369 Test #349: integration_repl_wave169_pipeline ...............   Passed    0.59 sec
        Start 350: integration_repl_wave170_pipeline
350/369 Test #350: integration_repl_wave170_pipeline ...............   Passed    1.02 sec
        Start 351: integration_repl_wave171_pipeline
351/369 Test #351: integration_repl_wave171_pipeline ...............   Passed    1.09 sec
        Start 352: integration_repl_wave172_pipeline
352/369 Test #352: integration_repl_wave172_pipeline ...............   Passed    1.11 sec
        Start 353: integration_repl_wave173_pipeline
353/369 Test #353: integration_repl_wave173_pipeline ...............   Passed    1.16 sec
        Start 354: integration_repl_wave174_pipeline
354/369 Test #354: integration_repl_wave174_pipeline ...............   Passed    1.07 sec
        Start 355: integration_repl_wave175_pipeline
355/369 Test #355: integration_repl_wave175_pipeline ...............   Passed    1.01 sec
        Start 356: integration_pde_repl_pipeline
356/369 Test #356: integration_pde_repl_pipeline ...................   Passed    1.01 sec
        Start 357: integration_symbolic_repl_pipeline
357/369 Test #357: integration_symbolic_repl_pipeline ..............   Passed    1.02 sec
        Start 358: integration_ode_repl_pipeline
358/369 Test #358: integration_ode_repl_pipeline ...................   Passed    0.80 sec
        Start 359: integration_prob_stats_fft_repl_pipeline
359/369 Test #359: integration_prob_stats_fft_repl_pipeline ........   Passed    1.02 sec
        Start 360: integration_ode_repl_complex_pipeline
360/369 Test #360: integration_ode_repl_complex_pipeline ...........   Passed    1.08 sec
        Start 361: integration_frameworks_repl_pipeline
361/369 Test #361: integration_frameworks_repl_pipeline ............   Passed    1.12 sec
        Start 362: integration_session_objects_repl_pipeline
362/369 Test #362: integration_session_objects_repl_pipeline .......   Passed    0.98 sec
        Start 363: integration_stateful_objects2_repl_pipeline
363/369 Test #363: integration_stateful_objects2_repl_pipeline .....   Passed    0.98 sec
        Start 364: integration_tensorops_decompose_repl_pipeline
364/369 Test #364: integration_tensorops_decompose_repl_pipeline ...   Passed    1.02 sec
        Start 365: integration_repl_wave110_pipeline
365/369 Test #365: integration_repl_wave110_pipeline ...............   Passed    0.59 sec
        Start 366: integration_repl_wave111_pipeline
366/369 Test #366: integration_repl_wave111_pipeline ...............   Passed    0.65 sec
        Start 367: integration_repl_wave89_pipeline
367/369 Test #367: integration_repl_wave89_pipeline ................   Passed    0.61 sec
        Start 368: integration_repl_wave90_pipeline
368/369 Test #368: integration_repl_wave90_pipeline ................   Passed    1.12 sec
        Start 369: integration_mathscriptc_pipeline
369/369 Test #369: integration_mathscriptc_pipeline ................   Passed    1.06 sec

100% tests passed, 0 tests failed out of 369

Total Test time (real) = 159.51 sec
